Component: ARM Compiler 5.06 update 6 (build 750) Tool: armlink [4d35ed]

==============================================================================

Section Cross References

    startup_stm32f411xe.o(RESET) refers to startup_stm32f411xe.o(STACK) for __initial_sp
    startup_stm32f411xe.o(RESET) refers to startup_stm32f411xe.o(.text) for Reset_Handler
    startup_stm32f411xe.o(RESET) refers to stm32f4xx_it.o(i.NMI_Handler) for NMI_Handler
    startup_stm32f411xe.o(RESET) refers to stm32f4xx_it.o(i.HardFault_Handler) for HardFault_Handler
    startup_stm32f411xe.o(RESET) refers to stm32f4xx_it.o(i.MemManage_Handler) for MemManage_Handler
    startup_stm32f411xe.o(RESET) refers to stm32f4xx_it.o(i.BusFault_Handler) for BusFault_Handler
    startup_stm32f411xe.o(RESET) refers to stm32f4xx_it.o(i.UsageFault_Handler) for UsageFault_Handler
    startup_stm32f411xe.o(RESET) refers to stm32f4xx_it.o(i.SVC_Handler) for SVC_Handler
    startup_stm32f411xe.o(RESET) refers to stm32f4xx_it.o(i.DebugMon_Handler) for DebugMon_Handler
    startup_stm32f411xe.o(RESET) refers to stm32f4xx_it.o(i.PendSV_Handler) for PendSV_Handler
    startup_stm32f411xe.o(RESET) refers to stm32f4xx_it.o(i.SysTick_Handler) for SysTick_Handler
    startup_stm32f411xe.o(.text) refers to system_stm32f4xx.o(i.SystemInit) for SystemInit
    startup_stm32f411xe.o(.text) refers to entry.o(.ARM.Collect$$$$00000000) for __main
    main.o(i.MX_GPIO_Init) refers to memseta.o(.text) for __aeabi_memclr4
    main.o(i.MX_GPIO_Init) refers to stm32f4xx_hal_gpio.o(i.HAL_GPIO_WritePin) for HAL_GPIO_WritePin
    main.o(i.MX_GPIO_Init) refers to stm32f4xx_hal_gpio.o(i.HAL_GPIO_Init) for HAL_GPIO_Init
    main.o(i.MX_SPI1_Init) refers to stm32f4xx_hal_spi.o(i.HAL_SPI_Init) for HAL_SPI_Init
    main.o(i.MX_SPI1_Init) refers to main.o(.bss) for .bss
    main.o(i.SystemClock_Config) refers to memseta.o(.text) for __aeabi_memclr4
    main.o(i.SystemClock_Config) refers to stm32f4xx_hal_rcc.o(i.HAL_RCC_OscConfig) for HAL_RCC_OscConfig
    main.o(i.SystemClock_Config) refers to stm32f4xx_hal_rcc.o(i.HAL_RCC_ClockConfig) for HAL_RCC_ClockConfig
    main.o(i.fputc) refers to stm32f4xx_hal_uart.o(i.HAL_UART_Transmit) for HAL_UART_Transmit
    main.o(i.fputc) refers to main.o(.bss) for .bss
    main.o(i.main) refers to stm32f4xx_hal.o(i.HAL_Init) for HAL_Init
    main.o(i.main) refers to main.o(i.SystemClock_Config) for SystemClock_Config
    main.o(i.main) refers to main.o(i.MX_GPIO_Init) for MX_GPIO_Init
    main.o(i.main) refers to main.o(i.MX_SPI1_Init) for MX_SPI1_Init
    main.o(i.main) refers to stm32f4xx_hal_uart.o(i.HAL_UART_Init) for HAL_UART_Init
    main.o(i.main) refers to stm32f4xx_hal.o(i.HAL_Delay) for HAL_Delay
    main.o(i.main) refers to printf8.o(i.__0printf$8) for __2printf
    main.o(i.main) refers to timer.o(i.wizchip_delay_ms) for wizchip_delay_ms
    main.o(i.main) refers to w6x00_spi.o(i.wizchip_spi_initialize) for wizchip_spi_initialize
    main.o(i.main) refers to w6x00_spi.o(i.wizchip_cris_initialize) for wizchip_cris_initialize
    main.o(i.main) refers to w6x00_spi.o(i.wizchip_reset) for wizchip_reset
    main.o(i.main) refers to w6x00_spi.o(i.wizchip_initialize) for wizchip_initialize
    main.o(i.main) refers to w6x00_spi.o(i.wizchip_check) for wizchip_check
    main.o(i.main) refers to timer.o(i.wizchip_1ms_timer_initialize) for wizchip_1ms_timer_initialize
    main.o(i.main) refers to mqtt_transport_interface.o(i.mqtt_transport_init) for mqtt_transport_init
    main.o(i.main) refers to mqtt_transport_interface.o(i.mqtt_transport_connect) for mqtt_transport_connect
    main.o(i.main) refers to mqtt_transport_interface.o(i.mqtt_transport_subscribe) for mqtt_transport_subscribe
    main.o(i.main) refers to mqtt_transport_interface.o(i.mqtt_transport_yield) for mqtt_transport_yield
    main.o(i.main) refers to printf8.o(i.__0sprintf$8) for __2sprintf
    main.o(i.main) refers to strlen.o(.text) for strlen
    main.o(i.main) refers to mqtt_transport_interface.o(i.mqtt_transport_publish) for mqtt_transport_publish
    main.o(i.main) refers to main.o(.bss) for .bss
    main.o(i.main) refers to main.o(i.repeating_timer_callback) for repeating_timer_callback
    main.o(i.main) refers to main.o(.data) for .data
    main.o(i.repeating_timer_callback) refers to dhcpv4.o(i.DHCPv4_time_handler) for DHCPv4_time_handler
    main.o(i.repeating_timer_callback) refers to dns.o(i.DNS_time_handler) for DNS_time_handler
    main.o(i.repeating_timer_callback) refers to main.o(.data) for .data
    stm32f4xx_it.o(i.SysTick_Handler) refers to stm32f4xx_hal.o(i.HAL_IncTick) for HAL_IncTick
    stm32f4xx_hal_msp.o(i.HAL_MspInit) refers to stm32f4xx_hal_cortex.o(i.HAL_NVIC_SetPriorityGrouping) for HAL_NVIC_SetPriorityGrouping
    stm32f4xx_hal_msp.o(i.HAL_SPI_MspDeInit) refers to stm32f4xx_hal_gpio.o(i.HAL_GPIO_DeInit) for HAL_GPIO_DeInit
    stm32f4xx_hal_msp.o(i.HAL_SPI_MspInit) refers to memseta.o(.text) for __aeabi_memclr4
[...]
    stm32f4xx_hal_uart.o(i.UART_SetConfig) refers to stm32f4xx_hal_rcc.o(i.HAL_RCC_GetPCLK1Freq) for HAL_RCC_GetPCLK1Freq
    stm32f4xx_hal_uart.o(i.UART_SetConfig) refers to uldiv.o(.text) for __aeabi_uldivmod
    stm32f4xx_hal_uart.o(i.UART_Start_Receive_DMA) refers to stm32f4xx_hal_dma.o(i.HAL_DMA_Start_IT) for HAL_DMA_Start_IT
    stm32f4xx_hal_uart.o(i.UART_Start_Receive_DMA) refers to stm32f4xx_hal_uart.o(i.UART_DMAReceiveCplt) for UART_DMAReceiveCplt
    stm32f4xx_hal_uart.o(i.UART_Start_Receive_DMA) refers to stm32f4xx_hal_uart.o(i.UART_DMARxHalfCplt) for UART_DMARxHalfCplt
    stm32f4xx_hal_uart.o(i.UART_Start_Receive_DMA) refers to stm32f4xx_hal_uart.o(i.UART_DMAError) for UART_DMAError
    stm32f4xx_hal_uart.o(i.UART_WaitOnFlagUntilTimeout) refers to stm32f4xx_hal.o(i.HAL_GetTick) for HAL_GetTick
    system_stm32f4xx.o(i.SystemCoreClockUpdate) refers to system_stm32f4xx.o(.data) for .data
    system_stm32f4xx.o(i.SystemCoreClockUpdate) refers to system_stm32f4xx.o(.constdata) for .constdata
    wizchip_conf.o(i.ctlnetservice) refers to wizchip_conf.o(i.wizchip_arp) for wizchip_arp
    wizchip_conf.o(i.ctlnetservice) refers to wizchip_conf.o(i.wizchip_ping) for wizchip_ping
    wizchip_conf.o(i.ctlnetservice) refers to wizchip_conf.o(i.wizchip_dad) for wizchip_dad
    wizchip_conf.o(i.ctlnetservice) refers to wizchip_conf.o(i.wizchip_slaac) for wizchip_slaac
    wizchip_conf.o(i.ctlnetservice) refers to wizchip_conf.o(i.wizchip_unsolicited) for wizchip_unsolicited
    wizchip_conf.o(i.ctlnetservice) refers to wizchip_conf.o(i.wizchip_getprefix) for wizchip_getprefix
    wizchip_conf.o(i.ctlnetwork) refers to wizchip_conf.o(i.wizchip_setnetinfo) for wizchip_setnetinfo
    wizchip_conf.o(i.ctlnetwork) refers to wizchip_conf.o(i.wizchip_getnetinfo) for wizchip_getnetinfo
    wizchip_conf.o(i.ctlnetwork) refers to wizchip_conf.o(i.wizchip_setnetmode) for wizchip_setnetmode
    wizchip_conf.o(i.ctlnetwork) refers to wizchip_conf.o(i.wizchip_getnetmode) for wizchip_getnetmode
    wizchip_conf.o(i.ctlnetwork) refers to wizchip_conf.o(i.wizchip_settimeout) for wizchip_settimeout
    wizchip_conf.o(i.ctlnetwork) refers to wizchip_conf.o(i.wizchip_gettimeout) for wizchip_gettimeout
    wizchip_conf.o(i.ctlnetwork) refers to w6100.o(i.WIZCHIP_WRITE) for WIZCHIP_WRITE
    wizchip_conf.o(i.ctlnetwork) refers to w6100.o(i.WIZCHIP_READ) for WIZCHIP_READ
    wizchip_conf.o(i.ctlwizchip) refers to w6100.o(i.WIZCHIP_WRITE) for WIZCHIP_WRITE
    wizchip_conf.o(i.ctlwizchip) refers to w6100.o(i.WIZCHIP_READ) for WIZCHIP_READ
    wizchip_conf.o(i.ctlwizchip) refers to wizchip_conf.o(i.wizchip_sw_reset) for wizchip_sw_reset
    wizchip_conf.o(i.ctlwizchip) refers to wizchip_conf.o(i.wizchip_init) for wizchip_init
    wizchip_conf.o(i.ctlwizchip) refers to wizchip_conf.o(i.wizchip_getinterrupt) for wizchip_getinterrupt
    wizchip_conf.o(i.ctlwizchip) refers to wizchip_conf.o(i.wizchip_clrinterrupt) for wizchip_clrinterrupt
    wizchip_conf.o(i.ctlwizchip) refers to wizchip_conf.o(i.wizchip_setinterruptmask) for wizchip_setinterruptmask
    wizchip_conf.o(i.ctlwizchip) refers to wizchip_conf.o(i.wizchip_getinterruptmask) for wizchip_getinterruptmask
    wizchip_conf.o(i.ctlwizchip) refers to wizchip_conf.o(i.wizphy_reset) for wizphy_reset
    wizchip_conf.o(i.ctlwizchip) refers to wizchip_conf.o(i.wizphy_setphyconf) for wizphy_setphyconf
    wizchip_conf.o(i.ctlwizchip) refers to wizchip_conf.o(i.wizphy_getphyconf) for wizphy_getphyconf
    wizchip_conf.o(i.ctlwizchip) refers to wizchip_conf.o(i.wizphy_getphystatus) for wizphy_getphystatus
    wizchip_conf.o(i.ctlwizchip) refers to wizchip_conf.o(i.wizphy_setphypmode) for wizphy_setphypmode
    wizchip_conf.o(i.ctlwizchip) refers to wizchip_conf.o(i.wizphy_getphypmode) for wizphy_getphypmode
    wizchip_conf.o(i.ctlwizchip) refers to wizchip_conf.o(i.wizphy_getphylink) for wizphy_getphylink
    wizchip_conf.o(i.ctlwizchip) refers to wizchip_conf.o(.data) for .data
    wizchip_conf.o(i.reg_wizchip_cris_cbfunc) refers to wizchip_conf.o(.data) for .data
    wizchip_conf.o(i.reg_wizchip_cris_cbfunc) refers to wizchip_conf.o(i.wizchip_cris_enter) for wizchip_cris_enter
    wizchip_conf.o(i.reg_wizchip_cris_cbfunc) refers to wizchip_conf.o(i.wizchip_cris_exit) for wizchip_cris_exit
    wizchip_conf.o(i.reg_wizchip_cs_cbfunc) refers to wizchip_conf.o(.data) for .data
    wizchip_conf.o(i.reg_wizchip_cs_cbfunc) refers to wizchip_conf.o(i.wizchip_cs_select) for wizchip_cs_select
    wizchip_conf.o(i.reg_wizchip_cs_cbfunc) refers to wizchip_conf.o(i.wizchip_cs_deselect) for wizchip_cs_deselect
    wizchip_conf.o(i.reg_wizchip_spi_cbfunc) refers to wizchip_conf.o(.data) for .data
    wizchip_conf.o(i.reg_wizchip_spi_cbfunc) refers to wizchip_conf.o(i.wizchip_spi_read) for wizchip_spi_read
    wizchip_conf.o(i.reg_wizchip_spi_cbfunc) refers to wizchip_conf.o(i.wizchip_spi_write) for wizchip_spi_write
    wizchip_conf.o(i.wizchip_arp) refers to w6100.o(i.WIZCHIP_WRITE_BUF) for WIZCHIP_WRITE_BUF
    wizchip_conf.o(i.wizchip_arp) refers to w6100.o(i.WIZCHIP_WRITE) for WIZCHIP_WRITE
    wizchip_conf.o(i.wizchip_arp) refers to w6100.o(i.WIZCHIP_READ) for WIZCHIP_READ
    wizchip_conf.o(i.wizchip_arp) refers to w6100.o(i.WIZCHIP_READ_BUF) for WIZCHIP_READ_BUF
    wizchip_conf.o(i.wizchip_clrinterrupt) refers to w6100.o(i.WIZCHIP_WRITE) for WIZCHIP_WRITE
    wizchip_conf.o(i.wizchip_dad) refers to w6100.o(i.WIZCHIP_WRITE_BUF) for WIZCHIP_WRITE_BUF
    wizchip_conf.o(i.wizchip_dad) refers to w6100.o(i.WIZCHIP_WRITE) for WIZCHIP_WRITE
    wizchip_conf.o(i.wizchip_dad) refers to w6100.o(i.WIZCHIP_READ) for WIZCHIP_READ
    wizchip_conf.o(i.wizchip_getinterrupt) refers to w6100.o(i.WIZCHIP_READ) for WIZCHIP_READ
    wizchip_conf.o(i.wizchip_getinterruptmask) refers to w6100.o(i.WIZCHIP_READ) for WIZCHIP_READ
    wizchip_conf.o(i.wizchip_getnetinfo) refers to w6100.o(i.WIZCHIP_READ_BUF) for WIZCHIP_READ_BUF
    wizchip_conf.o(i.wizchip_getnetinfo) refers to wizchip_conf.o(.data) for .data
    wizchip_conf.o(i.wizchip_getnetinfo) refers to wizchip_conf.o(.bss) for .bss
    wizchip_conf.o(i.wizchip_getnetmode) refers to w6100.o(i.WIZCHIP_READ) for WIZCHIP_READ
    wizchip_conf.o(i.wizchip_getprefix) refers to w6100.o(i.WIZCHIP_READ) for WIZCHIP_READ
    wizchip_conf.o(i.wizchip_getprefix) refers to w6100.o(i.WIZCHIP_READ_BUF) for WIZCHIP_READ_BUF
    wizchip_conf.o(i.wizchip_getprefix) refers to w6100.o(i.WIZCHIP_WRITE) for WIZCHIP_WRITE
    wizchip_conf.o(i.wizchip_gettimeout) refers to w6100.o(i.WIZCHIP_READ) for WIZCHIP_READ
    wizchip_conf.o(i.wizchip_init) refers to wizchip_conf.o(i.wizchip_sw_reset) for wizchip_sw_reset
    wizchip_conf.o(i.wizchip_init) refers to w6100.o(i.WIZCHIP_WRITE) for WIZCHIP_WRITE
    wizchip_conf.o(i.wizchip_ping) refers to w6100.o(i.WIZCHIP_WRITE) for WIZCHIP_WRITE
    wizchip_conf.o(i.wizchip_ping) refers to w6100.o(i.WIZCHIP_WRITE_BUF) for WIZCHIP_WRITE_BUF
    wizchip_conf.o(i.wizchip_ping) refers to w6100.o(i.WIZCHIP_READ) for WIZCHIP_READ
    wizchip_conf.o(i.wizchip_setinterruptmask) refers to w6100.o(i.WIZCHIP_WRITE) for WIZCHIP_WRITE
    wizchip_conf.o(i.wizchip_setnetinfo) refers to w6100.o(i.WIZCHIP_WRITE_BUF) for WIZCHIP_WRITE_BUF
    wizchip_conf.o(i.wizchip_setnetinfo) refers to wizchip_conf.o(.data) for .data
    wizchip_conf.o(i.wizchip_setnetinfo) refers to wizchip_conf.o(.bss) for .bss
    wizchip_conf.o(i.wizchip_setnetmode) refers to w6100.o(i.WIZCHIP_WRITE) for WIZCHIP_WRITE
    wizchip_conf.o(i.wizchip_settimeout) refers to w6100.o(i.WIZCHIP_WRITE) for WIZCHIP_WRITE
    wizchip_conf.o(i.wizchip_slaac) refers to w6100.o(i.WIZCHIP_WRITE) for WIZCHIP_WRITE
    wizchip_conf.o(i.wizchip_slaac) refers to w6100.o(i.WIZCHIP_READ) for WIZCHIP_READ
    wizchip_conf.o(i.wizchip_slaac) refers to w6100.o(i.WIZCHIP_READ_BUF) for WIZCHIP_READ_BUF
    wizchip_conf.o(i.wizchip_spi_read_buf) refers to wizchip_conf.o(.data) for .data
    wizchip_conf.o(i.wizchip_spi_write_buf) refers to wizchip_conf.o(.data) for .data
    wizchip_conf.o(i.wizchip_sw_reset) refers to w6100.o(i.WIZCHIP_READ) for WIZCHIP_READ
    wizchip_conf.o(i.wizchip_sw_reset) refers to w6100.o(i.WIZCHIP_WRITE) for WIZCHIP_WRITE
    wizchip_conf.o(i.wizchip_sw_reset) refers to w6100.o(i.WIZCHIP_READ_BUF) for WIZCHIP_READ_BUF
    wizchip_conf.o(i.wizchip_sw_reset) refers to w6100.o(i.WIZCHIP_WRITE_BUF) for WIZCHIP_WRITE_BUF
    wizchip_conf.o(i.wizchip_unsolicited) refers to w6100.o(i.WIZCHIP_WRITE) for WIZCHIP_WRITE
    wizchip_conf.o(i.wizchip_unsolicited) refers to w6100.o(i.WIZCHIP_READ) for WIZCHIP_READ
    wizchip_conf.o(i.wizphy_getphyconf) refers to w6100.o(i.WIZCHIP_READ) for WIZCHIP_READ
    wizchip_conf.o(i.wizphy_getphylink) refers to w6100.o(i.WIZCHIP_READ) for WIZCHIP_READ
    wizchip_conf.o(i.wizphy_getphypmode) refers to w6100.o(i.WIZCHIP_READ) for WIZCHIP_READ
    wizchip_conf.o(i.wizphy_getphystatus) refers to w6100.o(i.WIZCHIP_READ) for WIZCHIP_READ
    wizchip_conf.o(i.wizphy_reset) refers to w6100.o(i.WIZCHIP_READ) for WIZCHIP_READ
    wizchip_conf.o(i.wizphy_reset) refers to w6100.o(i.WIZCHIP_WRITE) for WIZCHIP_WRITE
    wizchip_conf.o(i.wizphy_setphyconf) refers to w6100.o(i.WIZCHIP_READ) for WIZCHIP_READ
    wizchip_conf.o(i.wizphy_setphyconf) refers to w6100.o(i.WIZCHIP_WRITE) for WIZCHIP_WRITE
    wizchip_conf.o(i.wizphy_setphypmode) refers to w6100.o(i.WIZCHIP_READ) for WIZCHIP_READ
    wizchip_conf.o(i.wizphy_setphypmode) refers to w6100.o(i.WIZCHIP_WRITE) for WIZCHIP_WRITE
    wizchip_conf.o(.data) refers to wizchip_conf.o(i.wizchip_cris_enter) for wizchip_cris_enter
    wizchip_conf.o(.data) refers to wizchip_conf.o(i.wizchip_cris_exit) for wizchip_cris_exit
    wizchip_conf.o(.data) refers to wizchip_conf.o(i.wizchip_cs_select) for wizchip_cs_select
    wizchip_conf.o(.data) refers to wizchip_conf.o(i.wizchip_cs_deselect) for wizchip_cs_deselect
    wizchip_conf.o(.data) refers to wizchip_conf.o(i.wizchip_spi_read) for wizchip_spi_read
    wizchip_conf.o(.data) refers to wizchip_conf.o(i.wizchip_spi_write) for wizchip_spi_write
    wizchip_conf.o(.data) refers to wizchip_conf.o(i.wizchip_spi_read_buf) for wizchip_spi_read_buf
    wizchip_conf.o(.data) refers to wizchip_conf.o(i.wizchip_spi_write_buf) for wizchip_spi_write_buf
    w6100.o(i.WIZCHIP_READ) refers to wizchip_conf.o(.data) for WIZCHIP
    w6100.o(i.WIZCHIP_READ_BUF) refers to wizchip_conf.o(.data) for WIZCHIP
    w6100.o(i.WIZCHIP_WRITE) refers to wizchip_conf.o(.data) for WIZCHIP
    w6100.o(i.WIZCHIP_WRITE_BUF) refers to wizchip_conf.o(.data) for WIZCHIP
    w6100.o(i.getSn_RX_RSR) refers to w6100.o(i.WIZCHIP_READ) for WIZCHIP_READ
    w6100.o(i.getSn_TX_FSR) refers to w6100.o(i.WIZCHIP_READ) for WIZCHIP_READ
    w6100.o(i.wiz_recv_data) refers to w6100.o(i.WIZCHIP_READ) for WIZCHIP_READ
    w6100.o(i.wiz_recv_data) refers to w6100.o(i.WIZCHIP_READ_BUF) for WIZCHIP_READ_BUF
    w6100.o(i.wiz_recv_data) refers to w6100.o(i.WIZCHIP_WRITE) for WIZCHIP_WRITE
    w6100.o(i.wiz_recv_ignore) refers to w6100.o(i.WIZCHIP_READ) for WIZCHIP_READ
    w6100.o(i.wiz_recv_ignore) refers to w6100.o(i.WIZCHIP_WRITE) for WIZCHIP_WRITE
    w6100.o(i.wiz_send_data) refers to w6100.o(i.WIZCHIP_READ) for WIZCHIP_READ
    w6100.o(i.wiz_send_data) refers to w6100.o(i.WIZCHIP_WRITE_BUF) for WIZCHIP_WRITE_BUF
    w6100.o(i.wiz_send_data) refers to w6100.o(i.WIZCHIP_WRITE) for WIZCHIP_WRITE
    loopback.o(i.loopback_tcpc) refers to socket.o(i.getsockopt) for getsockopt
    loopback.o(i.loopback_tcpc) refers to socket.o(i.ctlsocket) for ctlsocket
    loopback.o(i.loopback_tcpc) refers to socket.o(i.recv) for recv
    loopback.o(i.loopback_tcpc) refers to socket.o(i.send) for send
    loopback.o(i.loopback_tcpc) refers to w6100.o(i.getSn_RX_RSR) for getSn_RX_RSR
    loopback.o(i.loopback_tcpc) refers to socket.o(i.close) for close
    loopback.o(i.loopback_tcpc) refers to socket.o(i.disconnect) for disconnect
    loopback.o(i.loopback_tcpc) refers to socket.o(i.connect) for connect
    loopback.o(i.loopback_tcpc) refers to printf8.o(i.__0printf$8) for __2printf
    loopback.o(i.loopback_tcpc) refers to socket.o(i.socket) for socket
    loopback.o(i.loopback_tcpc) refers to w6100.o(i.WIZCHIP_READ) for WIZCHIP_READ
    loopback.o(i.loopback_tcpc) refers to loopback.o(.data) for .data
    loopback.o(i.loopback_tcps) refers to socket.o(i.getsockopt) for getsockopt
    loopback.o(i.loopback_tcps) refers to socket.o(i.ctlsocket) for ctlsocket
    loopback.o(i.loopback_tcps) refers to socket.o(i.recv) for recv
    loopback.o(i.loopback_tcps) refers to socket.o(i.send) for send
    loopback.o(i.loopback_tcps) refers to socket.o(i.close) for close
    loopback.o(i.loopback_tcps) refers to socket.o(i.disconnect) for disconnect
    loopback.o(i.loopback_tcps) refers to socket.o(i.listen) for listen
    loopback.o(i.loopback_tcps) refers to printf8.o(i.__0printf$8) for __2printf
    loopback.o(i.loopback_tcps) refers to socket.o(i.socket) for socket
    loopback.o(i.loopback_tcps) refers to loopback.o(.data) for .data
    loopback.o(i.loopback_udps) refers to socket.o(i.getsockopt) for getsockopt
    loopback.o(i.loopback_udps) refers to socket.o(i.recvfrom) for recvfrom
    loopback.o(i.loopback_udps) refers to socket.o(i.sendto) for sendto
    loopback.o(i.loopback_udps) refers to socket.o(i.socket) for socket
    loopback.o(i.loopback_udps) refers to printf8.o(i.__0printf$8) for __2printf
    loopback.o(i.loopback_udps) refers to loopback.o(.data) for .data
    loopback.o(i.loopback_udps) refers to loopback.o(.bss) for .bss
    loopback.o(.data) refers to loopback.o(.conststring) for .conststring
    dhcpv4.o(i.DHCPv4_init) refers to w6100.o(i.WIZCHIP_READ_BUF) for WIZCHIP_READ_BUF
    dhcpv4.o(i.DHCPv4_init) refers to w6100.o(i.WIZCHIP_WRITE_BUF) for WIZCHIP_WRITE_BUF
    dhcpv4.o(i.DHCPv4_init) refers to dhcpv4.o(i.reset_DHCPv4_timeout) for reset_DHCPv4_timeout
    dhcpv4.o(i.DHCPv4_init) refers to dhcpv4.o(.data) for .data
    dhcpv4.o(i.DHCPv4_run) refers to w6100.o(i.WIZCHIP_READ) for WIZCHIP_READ
    dhcpv4.o(i.DHCPv4_run) refers to socket.o(i.socket) for socket
    dhcpv4.o(i.DHCPv4_run) refers to dhcpv4.o(i.parseDHCPv4MSG) for parseDHCPv4MSG
    dhcpv4.o(i.DHCPv4_run) refers to dhcpv4.o(i.send_DHCPv4_DISCOVER) for send_DHCPv4_DISCOVER
    dhcpv4.o(i.DHCPv4_run) refers to dhcpv4.o(i.send_DHCPv4_REQUEST) for send_DHCPv4_REQUEST
    dhcpv4.o(i.DHCPv4_run) refers to dhcpv4.o(i.check_DHCPv4_leasedIP) for check_DHCPv4_leasedIP
    dhcpv4.o(i.DHCPv4_run) refers to dhcpv4.o(i.reset_DHCPv4_timeout) for reset_DHCPv4_timeout
    dhcpv4.o(i.DHCPv4_run) refers to dhcpv4.o(i.check_DHCPv4_timeout) for check_DHCPv4_timeout
    dhcpv4.o(i.DHCPv4_run) refers to dhcpv4.o(.data) for .data
    dhcpv4.o(i.DHCPv4_stop) refers to socket.o(i.close) for close
    dhcpv4.o(i.DHCPv4_stop) refers to dhcpv4.o(.data) for .data
    dhcpv4.o(i.DHCPv4_time_handler) refers to dhcpv4.o(.data) for .data
    dhcpv4.o(i.check_DHCPv4_leasedIP) refers to w6100.o(i.WIZCHIP_READ) for WIZCHIP_READ
    dhcpv4.o(i.check_DHCPv4_leasedIP) refers to w6100.o(i.WIZCHIP_WRITE) for WIZCHIP_WRITE
    dhcpv4.o(i.check_DHCPv4_leasedIP) refers to socket.o(i.sendto) for sendto
    dhcpv4.o(i.check_DHCPv4_leasedIP) refers to dhcpv4.o(i.send_DHCPv4_DECLINE) for send_DHCPv4_DECLINE
    dhcpv4.o(i.check_DHCPv4_leasedIP) refers to dhcpv4.o(.data) for .data
    dhcpv4.o(i.check_DHCPv4_timeout) refers to dhcpv4.o(i.send_DHCPv4_DISCOVER) for send_DHCPv4_DISCOVER
    dhcpv4.o(i.check_DHCPv4_timeout) refers to dhcpv4.o(i.send_DHCPv4_REQUEST) for send_DHCPv4_REQUEST
    dhcpv4.o(i.check_DHCPv4_timeout) refers to dhcpv4.o(i.reset_DHCPv4_timeout) for reset_DHCPv4_timeout
    dhcpv4.o(i.check_DHCPv4_timeout) refers to dhcpv4.o(.data) for .data
    dhcpv4.o(i.default_ipv4_assign) refers to w6100.o(i.WIZCHIP_WRITE_BUF) for WIZCHIP_WRITE_BUF
    dhcpv4.o(i.default_ipv4_assign) refers to dhcpv4.o(.data) for .data
    dhcpv4.o(i.default_ipv4_conflict) refers to w6100.o(i.WIZCHIP_WRITE) for WIZCHIP_WRITE
    dhcpv4.o(i.default_ipv4_conflict) refers to w6100.o(i.WIZCHIP_READ) for WIZCHIP_READ
    dhcpv4.o(i.default_ipv4_conflict) refers to w6100.o(i.WIZCHIP_WRITE_BUF) for WIZCHIP_WRITE_BUF
    dhcpv4.o(i.default_ipv4_conflict) refers to dhcpv4.o(.data) for .data
    dhcpv4.o(i.default_ipv4_update) refers to w6100.o(i.WIZCHIP_WRITE) for WIZCHIP_WRITE
    dhcpv4.o(i.default_ipv4_update) refers to w6100.o(i.WIZCHIP_READ) for WIZCHIP_READ
    dhcpv4.o(i.default_ipv4_update) refers to dhcpv4.o(i.default_ipv4_assign) for default_ipv4_assign
    dhcpv4.o(i.default_ipv4_update) refers to w6100.o(i.WIZCHIP_WRITE_BUF) for WIZCHIP_WRITE_BUF
    dhcpv4.o(i.default_ipv4_update) refers to dhcpv4.o(.data) for .data
    dhcpv4.o(i.getDHCPv4Leasetime) refers to dhcpv4.o(.data) for .data
    dhcpv4.o(i.getDNSfromDHCPv4) refers to dhcpv4.o(.data) for .data
    dhcpv4.o(i.getGWfromDHCPv4) refers to dhcpv4.o(.data) for .data
    dhcpv4.o(i.getIPfromDHCPv4) refers to dhcpv4.o(.data) for .data
    dhcpv4.o(i.getSNfromDHCPv4) refers to dhcpv4.o(.data) for .data
    dhcpv4.o(i.makeDHCPV4MSG) refers to w6100.o(i.WIZCHIP_READ_BUF) for WIZCHIP_READ_BUF
    dhcpv4.o(i.makeDHCPV4MSG) refers to dhcpv4.o(.data) for .data
    dhcpv4.o(i.parseDHCPv4MSG) refers to w6100.o(i.getSn_RX_RSR) for getSn_RX_RSR
    dhcpv4.o(i.parseDHCPv4MSG) refers to socket.o(i.recvfrom) for recvfrom
    dhcpv4.o(i.parseDHCPv4MSG) refers to dhcpv4.o(.data) for .data
    dhcpv4.o(i.reg_dhcpv4_cbfunc) refers to dhcpv4.o(i.default_ipv4_assign) for default_ipv4_assign
    dhcpv4.o(i.reg_dhcpv4_cbfunc) refers to dhcpv4.o(.data) for .data
    dhcpv4.o(i.reg_dhcpv4_cbfunc) refers to dhcpv4.o(i.default_ipv4_update) for default_ipv4_update
    dhcpv4.o(i.reg_dhcpv4_cbfunc) refers to dhcpv4.o(i.default_ipv4_conflict) for default_ipv4_conflict
    dhcpv4.o(i.reset_DHCPv4_timeout) refers to dhcpv4.o(.data) for .data
    dhcpv4.o(i.send_DHCPv4_DECLINE) refers to dhcpv4.o(i.makeDHCPV4MSG) for makeDHCPV4MSG
    dhcpv4.o(i.send_DHCPv4_DECLINE) refers to socket.o(i.sendto) for sendto
    dhcpv4.o(i.send_DHCPv4_DECLINE) refers to dhcpv4.o(.data) for .data
    dhcpv4.o(i.send_DHCPv4_DISCOVER) refers to dhcpv4.o(i.makeDHCPV4MSG) for makeDHCPV4MSG
    dhcpv4.o(i.send_DHCPv4_DISCOVER) refers to dhcpv4.o(i.NibbleToHex) for NibbleToHex
    dhcpv4.o(i.send_DHCPv4_DISCOVER) refers to socket.o(i.sendto) for sendto
    dhcpv4.o(i.send_DHCPv4_DISCOVER) refers to dhcpv4.o(.data) for .data
    dhcpv4.o(i.send_DHCPv4_REQUEST) refers to dhcpv4.o(i.makeDHCPV4MSG) for makeDHCPV4MSG
    dhcpv4.o(i.send_DHCPv4_REQUEST) refers to dhcpv4.o(i.NibbleToHex) for NibbleToHex
    dhcpv4.o(i.send_DHCPv4_REQUEST) refers to socket.o(i.sendto) for sendto
    dhcpv4.o(i.send_DHCPv4_REQUEST) refers to dhcpv4.o(.data) for .data
    dhcpv4.o(.data) refers to dhcpv4.o(i.default_ipv4_assign) for default_ipv4_assign
    dhcpv4.o(.data) refers to dhcpv4.o(i.default_ipv4_update) for default_ipv4_update
    dhcpv4.o(.data) refers to dhcpv4.o(i.default_ipv4_conflict) for default_ipv4_conflict
    dhcpv6.o(i.AppendDhcpOption) refers to dhcpv6.o(.data) for .data
    dhcpv6.o(i.DHCP_init) refers to w6100.o(i.WIZCHIP_READ_BUF) for WIZCHIP_READ_BUF
    dhcpv6.o(i.DHCP_init) refers to printf8.o(i.__0printf$8) for __2printf
    dhcpv6.o(i.DHCP_init) refers to w6100.o(i.WIZCHIP_WRITE_BUF) for WIZCHIP_WRITE_BUF
    dhcpv6.o(i.DHCP_init) refers to dhcpv6.o(i.reset_DHCP_timeout) for reset_DHCP_timeout
    dhcpv6.o(i.DHCP_init) refers to dhcpv6.o(.data) for .data
    dhcpv6.o(i.DHCP_run) refers to w6100.o(i.WIZCHIP_READ) for WIZCHIP_READ
    dhcpv6.o(i.DHCP_run) refers to w6100.o(i.WIZCHIP_WRITE) for WIZCHIP_WRITE
    dhcpv6.o(i.DHCP_run) refers to socket.o(i.socket) for socket
    dhcpv6.o(i.DHCP_run) refers to dhcpv6.o(i.parseDHCPMSG) for parseDHCPMSG
    dhcpv6.o(i.DHCP_run) refers to printf8.o(i.__0printf$8) for __2printf
    dhcpv6.o(i.DHCP_run) refers to dhcpv6.o(i.send_DHCP_SOLICIT) for send_DHCP_SOLICIT
    dhcpv6.o(i.DHCP_run) refers to dhcpv6.o(i.send_DHCP_REQUEST) for send_DHCP_REQUEST
    dhcpv6.o(i.DHCP_run) refers to memcpya.o(.text) for __aeabi_memcpy
    dhcpv6.o(i.DHCP_run) refers to dhcpv6.o(.data) for .data
    dhcpv6.o(i.DHCP_run) refers to dhcpv6.o(.bss) for .bss
    dhcpv6.o(i.DHCP_run2) refers to w6100.o(i.WIZCHIP_READ) for WIZCHIP_READ
    dhcpv6.o(i.DHCP_run2) refers to w6100.o(i.WIZCHIP_WRITE) for WIZCHIP_WRITE
    dhcpv6.o(i.DHCP_run2) refers to socket.o(i.socket) for socket
    dhcpv6.o(i.DHCP_run2) refers to dhcpv6.o(i.parseDHCPMSG) for parseDHCPMSG
    dhcpv6.o(i.DHCP_run2) refers to dhcpv6.o(i.send_DHCP_INFOREQ) for send_DHCP_INFOREQ
    dhcpv6.o(i.DHCP_run2) refers to dhcpv6.o(.data) for .data
    dhcpv6.o(i.DHCP_stop) refers to socket.o(i.close) for close
    dhcpv6.o(i.DHCP_stop) refers to dhcpv6.o(.data) for .data
    dhcpv6.o(i.DHCP_time_handler) refers to dhcpv6.o(.data) for .data
    dhcpv6.o(i.DumpDhcpOption) refers to printf8.o(i.__0printf$8) for __2printf
    dhcpv6.o(i.DumpDhcpOption) refers to dhcpv6.o(.data) for .data
    dhcpv6.o(i.InitDhcpOption) refers to dhcpv6.o(.data) for .data
    dhcpv6.o(i.check_DHCP_timeout) refers to printf8.o(i.__0printf$8) for __2printf
    dhcpv6.o(i.check_DHCP_timeout) refers to dhcpv6.o(i.send_DHCP_SOLICIT) for send_DHCP_SOLICIT
    dhcpv6.o(i.check_DHCP_timeout) refers to dhcpv6.o(i.reset_DHCP_timeout) for reset_DHCP_timeout
    dhcpv6.o(i.check_DHCP_timeout) refers to dhcpv6.o(.data) for .data
    dhcpv6.o(i.parseDHCPMSG) refers to w6100.o(i.getSn_RX_RSR) for getSn_RX_RSR
    dhcpv6.o(i.parseDHCPMSG) refers to socket.o(i.recvfrom) for recvfrom
    dhcpv6.o(i.parseDHCPMSG) refers to printf8.o(i.__0printf$8) for __2printf
    dhcpv6.o(i.parseDHCPMSG) refers to dhcpv6.o(.data) for .data
    dhcpv6.o(i.parseDHCPMSG) refers to dhcpv6.o(.conststring) for .conststring
    dhcpv6.o(i.parseDHCPMSG) refers to dhcpv6.o(.bss) for .bss
    dhcpv6.o(i.reset_DHCP_timeout) refers to dhcpv6.o(.data) for .data
    dhcpv6.o(i.send_DHCP_INFOREQ) refers to dhcpv6.o(i.InitDhcpOption) for InitDhcpOption
    dhcpv6.o(i.send_DHCP_INFOREQ) refers to dhcpv6.o(i.DumpDhcpOption) for DumpDhcpOption
    dhcpv6.o(i.send_DHCP_INFOREQ) refers to dhcpv6.o(i.AppendDhcpOption) for AppendDhcpOption
    dhcpv6.o(i.send_DHCP_INFOREQ) refers to socket.o(i.sendto) for sendto
    dhcpv6.o(i.send_DHCP_INFOREQ) refers to dhcpv6.o(.data) for .data
    dhcpv6.o(i.send_DHCP_REQUEST) refers to printf8.o(i.__0printf$8) for __2printf
    dhcpv6.o(i.send_DHCP_REQUEST) refers to dhcpv6.o(i.InitDhcpOption) for InitDhcpOption
    dhcpv6.o(i.send_DHCP_REQUEST) refers to dhcpv6.o(i.DumpDhcpOption) for DumpDhcpOption
    dhcpv6.o(i.send_DHCP_REQUEST) refers to dhcpv6.o(i.AppendDhcpOption) for AppendDhcpOption
    dhcpv6.o(i.send_DHCP_REQUEST) refers to socket.o(i.sendto) for sendto
    dhcpv6.o(i.send_DHCP_REQUEST) refers to dhcpv6.o(.data) for .data
    dhcpv6.o(i.send_DHCP_REQUEST) refers to dhcpv6.o(.bss) for .bss
    dhcpv6.o(i.send_DHCP_SOLICIT) refers to dhcpv6.o(i.InitDhcpOption) for InitDhcpOption
    dhcpv6.o(i.send_DHCP_SOLICIT) refers to dhcpv6.o(i.DumpDhcpOption) for DumpDhcpOption
    dhcpv6.o(i.send_DHCP_SOLICIT) refers to dhcpv6.o(i.AppendDhcpOption) for AppendDhcpOption
    dhcpv6.o(i.send_DHCP_SOLICIT) refers to socket.o(i.sendto) for sendto
    dhcpv6.o(i.send_DHCP_SOLICIT) refers to dhcpv6.o(.data) for .data
    socket.o(i.close) refers to w6100.o(i.WIZCHIP_WRITE) for WIZCHIP_WRITE
    socket.o(i.close) refers to w6100.o(i.WIZCHIP_READ) for WIZCHIP_READ
    socket.o(i.close) refers to socket.o(.data) for .data
    socket.o(i.close) refers to socket.o(.bss) for .bss
    socket.o(i.connect) refers to w6100.o(i.WIZCHIP_READ) for WIZCHIP_READ
    socket.o(i.connect) refers to w6100.o(i.WIZCHIP_WRITE) for WIZCHIP_WRITE
    socket.o(i.connect) refers to w6100.o(i.WIZCHIP_WRITE_BUF) for WIZCHIP_WRITE_BUF
    socket.o(i.connect) refers to socket.o(.data) for .data
    socket.o(i.ctlsocket) refers to w6100.o(i.WIZCHIP_READ) for WIZCHIP_READ
    socket.o(i.ctlsocket) refers to w6100.o(i.WIZCHIP_WRITE) for WIZCHIP_WRITE
    socket.o(i.ctlsocket) refers to socket.o(.data) for .data
    socket.o(i.disconnect) refers to w6100.o(i.WIZCHIP_READ) for WIZCHIP_READ
    socket.o(i.disconnect) refers to w6100.o(i.WIZCHIP_WRITE) for WIZCHIP_WRITE
    socket.o(i.disconnect) refers to socket.o(i.close) for close
    socket.o(i.disconnect) refers to socket.o(.data) for .data
    socket.o(i.getsockopt) refers to w6100.o(i.WIZCHIP_READ) for WIZCHIP_READ
    socket.o(i.getsockopt) refers to w6100.o(i.WIZCHIP_READ_BUF) for WIZCHIP_READ_BUF
    socket.o(i.getsockopt) refers to w6100.o(i.getSn_TX_FSR) for getSn_TX_FSR
    socket.o(i.getsockopt) refers to w6100.o(i.getSn_RX_RSR) for getSn_RX_RSR
    socket.o(i.getsockopt) refers to socket.o(.data) for .data
    socket.o(i.getsockopt) refers to socket.o(.bss) for .bss
    socket.o(i.listen) refers to w6100.o(i.WIZCHIP_READ) for WIZCHIP_READ
    socket.o(i.listen) refers to w6100.o(i.WIZCHIP_WRITE) for WIZCHIP_WRITE
    socket.o(i.listen) refers to socket.o(i.close) for close
    socket.o(i.peeksockmsg) refers to w6100.o(i.getSn_RX_RSR) for getSn_RX_RSR
    socket.o(i.peeksockmsg) refers to w6100.o(i.WIZCHIP_READ) for WIZCHIP_READ
    socket.o(i.recv) refers to w6100.o(i.WIZCHIP_READ) for WIZCHIP_READ
    socket.o(i.recv) refers to w6100.o(i.getSn_RX_RSR) for getSn_RX_RSR
    socket.o(i.recv) refers to socket.o(i.close) for close
    socket.o(i.recv) refers to w6100.o(i.wiz_recv_data) for wiz_recv_data
    socket.o(i.recv) refers to w6100.o(i.WIZCHIP_WRITE) for WIZCHIP_WRITE
    socket.o(i.recv) refers to socket.o(.data) for .data
    socket.o(i.recvfrom) refers to w6100.o(i.getSn_RX_RSR) for getSn_RX_RSR
    socket.o(i.recvfrom) refers to w6100.o(i.WIZCHIP_READ) for WIZCHIP_READ
    socket.o(i.recvfrom) refers to w6100.o(i.wiz_recv_data) for wiz_recv_data
    socket.o(i.recvfrom) refers to w6100.o(i.WIZCHIP_WRITE) for WIZCHIP_WRITE
    socket.o(i.recvfrom) refers to socket.o(i.close) for close
    socket.o(i.recvfrom) refers to socket.o(.bss) for .bss
    socket.o(i.recvfrom) refers to socket.o(.data) for .data
    socket.o(i.send) refers to w6100.o(i.WIZCHIP_READ) for WIZCHIP_READ
    socket.o(i.send) refers to w6100.o(i.getSn_TX_FSR) for getSn_TX_FSR
    socket.o(i.send) refers to socket.o(i.close) for close
    socket.o(i.send) refers to w6100.o(i.wiz_send_data) for wiz_send_data
    socket.o(i.send) refers to w6100.o(i.WIZCHIP_WRITE) for WIZCHIP_WRITE
    socket.o(i.send) refers to socket.o(.data) for .data
    socket.o(i.sendto) refers to w6100.o(i.WIZCHIP_READ) for WIZCHIP_READ
    socket.o(i.sendto) refers to w6100.o(i.WIZCHIP_WRITE_BUF) for WIZCHIP_WRITE_BUF
    socket.o(i.sendto) refers to w6100.o(i.WIZCHIP_WRITE) for WIZCHIP_WRITE
    socket.o(i.sendto) refers to w6100.o(i.getSn_TX_FSR) for getSn_TX_FSR
    socket.o(i.sendto) refers to w6100.o(i.wiz_send_data) for wiz_send_data
    socket.o(i.sendto) refers to socket.o(.data) for .data
    socket.o(i.setsockopt) refers to w6100.o(i.WIZCHIP_WRITE) for WIZCHIP_WRITE
    socket.o(i.setsockopt) refers to w6100.o(i.WIZCHIP_WRITE_BUF) for WIZCHIP_WRITE_BUF
    socket.o(i.setsockopt) refers to w6100.o(i.WIZCHIP_READ) for WIZCHIP_READ
    socket.o(i.socket) refers to w6100.o(i.WIZCHIP_READ_BUF) for WIZCHIP_READ_BUF
    socket.o(i.socket) refers to socket.o(i.close) for close
    socket.o(i.socket) refers to w6100.o(i.WIZCHIP_WRITE) for WIZCHIP_WRITE
    socket.o(i.socket) refers to w6100.o(i.WIZCHIP_READ) for WIZCHIP_READ
    socket.o(i.socket) refers to socket.o(.data) for .data
    socket.o(i.socket) refers to socket.o(.bss) for .bss
    dns.o(i.DNS_init) refers to dns.o(.data) for .data
    dns.o(i.DNS_run) refers to socket.o(i.socket) for socket
    dns.o(i.DNS_run) refers to dns.o(i.dns_makequery) for dns_makequery
    dns.o(i.DNS_run) refers to w6100.o(i.getSn_RX_RSR) for getSn_RX_RSR
    dns.o(i.DNS_run) refers to socket.o(i.recvfrom) for recvfrom
    dns.o(i.DNS_run) refers to dns.o(i.parseDNSMSG) for parseDNSMSG
    dns.o(i.DNS_run) refers to socket.o(i.close) for close
    dns.o(i.DNS_run) refers to dns.o(i.check_DNS_timeout) for check_DNS_timeout
    dns.o(i.DNS_run) refers to socket.o(i.sendto) for sendto
    dns.o(i.DNS_run) refers to dns.o(.data) for .data
    dns.o(i.DNS_time_handler) refers to dns.o(.data) for .data
    dns.o(i.check_DNS_timeout) refers to dns.o(.data) for .data
    dns.o(i.dns_answer) refers to dns.o(i.parse_name) for parse_name
    dns.o(i.dns_answer) refers to dns.o(i.get16) for get16
    dns.o(i.dns_makequery) refers to dns.o(i.put16) for put16
    dns.o(i.dns_makequery) refers to strcpy.o(.text) for strcpy
    dns.o(i.dns_makequery) refers to strlen.o(.text) for strlen
    dns.o(i.dns_makequery) refers to strchr.o(.text) for strchr
    dns.o(i.dns_makequery) refers to strncpy.o(.text) for strncpy
    dns.o(i.dns_makequery) refers to dns.o(.data) for .data
    dns.o(i.dns_question) refers to dns.o(i.parse_name) for parse_name
    dns.o(i.parseDNSMSG) refers to memseta.o(.text) for __aeabi_memclr
    dns.o(i.parseDNSMSG) refers to dns.o(i.get16) for get16
    dns.o(i.parseDNSMSG) refers to dns.o(i.dns_question) for dns_question
    dns.o(i.parseDNSMSG) refers to dns.o(i.dns_answer) for dns_answer
    w6x00_spi.o(i.network_initialize) refers to wizchip_conf.o(i.ctlnetwork) for ctlnetwork
    w6x00_spi.o(i.print_network_information) refers to wizchip_conf.o(i.ctlnetwork) for ctlnetwork
    w6x00_spi.o(i.print_network_information) refers to wizchip_conf.o(i.ctlwizchip) for ctlwizchip
    w6x00_spi.o(i.print_network_information) refers to printf8.o(i.__0printf$8) for __2printf
    w6x00_spi.o(i.wizchip_check) refers to w6100.o(i.WIZCHIP_READ) for WIZCHIP_READ
    w6x00_spi.o(i.wizchip_check) refers to printf8.o(i.__0printf$8) for __2printf
    w6x00_spi.o(i.wizchip_cris_initialize) refers to wizchip_conf.o(i.reg_wizchip_cris_cbfunc) for reg_wizchip_cris_cbfunc
    w6x00_spi.o(i.wizchip_cris_initialize) refers to w6x00_spi.o(i.wizchip_critical_section_unlock) for wizchip_critical_section_unlock
    w6x00_spi.o(i.wizchip_cris_initialize) refers to w6x00_spi.o(i.wizchip_critical_section_lock) for wizchip_critical_section_lock
    w6x00_spi.o(i.wizchip_deselect) refers to stm32f4xx_hal_gpio.o(i.HAL_GPIO_WritePin) for HAL_GPIO_WritePin
    w6x00_spi.o(i.wizchip_initialize) refers to stm32f4xx_hal_gpio.o(i.HAL_GPIO_WritePin) for HAL_GPIO_WritePin
    w6x00_spi.o(i.wizchip_initialize) refers to wizchip_conf.o(i.reg_wizchip_cs_cbfunc) for reg_wizchip_cs_cbfunc
    w6x00_spi.o(i.wizchip_initialize) refers to wizchip_conf.o(i.reg_wizchip_spi_cbfunc) for reg_wizchip_spi_cbfunc
    w6x00_spi.o(i.wizchip_initialize) refers to wizchip_conf.o(i.ctlwizchip) for ctlwizchip
    w6x00_spi.o(i.wizchip_initialize) refers to printf8.o(i.__0printf$8) for __2printf
    w6x00_spi.o(i.wizchip_initialize) refers to w6x00_spi.o(i.wizchip_deselect) for wizchip_deselect
    w6x00_spi.o(i.wizchip_initialize) refers to w6x00_spi.o(i.wizchip_select) for wizchip_select
    w6x00_spi.o(i.wizchip_initialize) refers to w6x00_spi.o(i.wizchip_write) for wizchip_write
    w6x00_spi.o(i.wizchip_initialize) refers to w6x00_spi.o(i.wizchip_read) for wizchip_read
    w6x00_spi.o(i.wizchip_initialize) refers to w6x00_spi.o(.constdata) for .constdata
    w6x00_spi.o(i.wizchip_read) refers to stm32f4xx_hal_spi.o(i.HAL_SPI_GetState) for HAL_SPI_GetState
    w6x00_spi.o(i.wizchip_read) refers to stm32f4xx_hal_spi.o(i.HAL_SPI_TransmitReceive) for HAL_SPI_TransmitReceive
    w6x00_spi.o(i.wizchip_read) refers to main.o(.bss) for hspi1
    w6x00_spi.o(i.wizchip_select) refers to stm32f4xx_hal_gpio.o(i.HAL_GPIO_WritePin) for HAL_GPIO_WritePin
    w6x00_spi.o(i.wizchip_write) refers to stm32f4xx_hal_spi.o(i.HAL_SPI_GetState) for HAL_SPI_GetState
    w6x00_spi.o(i.wizchip_write) refers to stm32f4xx_hal_spi.o(i.HAL_SPI_TransmitReceive) for HAL_SPI_TransmitReceive
    w6x00_spi.o(i.wizchip_write) refers to main.o(.bss) for hspi1
    timer.o(i.wizchip_1ms_timer_initialize) refers to stm32f4xx_hal_tim.o(i.HAL_TIM_Base_Start_IT) for HAL_TIM_Base_Start_IT
    timer.o(i.wizchip_1ms_timer_initialize) refers to timer.o(.data) for .data
    timer.o(i.wizchip_delay_ms) refers to stm32f4xx_hal.o(i.HAL_Delay) for HAL_Delay
    mqtt_transport_interface.o(i.mqtt_event_callback) refers to printf8.o(i.__0printf$8) for __2printf
    mqtt_transport_interface.o(i.mqtt_read) refers to w6100.o(i.getSn_RX_RSR) for getSn_RX_RSR
    mqtt_transport_interface.o(i.mqtt_read) refers to socket.o(i.recv) for recv
    mqtt_transport_interface.o(i.mqtt_transport_close) refers to socket.o(i.disconnect) for disconnect
    mqtt_transport_interface.o(i.mqtt_transport_close) refers to mqtt_transport_interface.o(.data) for .data
    mqtt_transport_interface.o(i.mqtt_transport_connect) refers to mqtt_transport_interface.o(i.mqtt_transport_close) for mqtt_transport_close
    mqtt_transport_interface.o(i.mqtt_transport_connect) refers to socket.o(i.socket) for socket
    mqtt_transport_interface.o(i.mqtt_transport_connect) refers to socket.o(i.connect) for connect
    mqtt_transport_interface.o(i.mqtt_transport_connect) refers to printf8.o(i.__0printf$8) for __2printf
    mqtt_transport_interface.o(i.mqtt_transport_connect) refers to mqtt_transport_interface.o(.bss) for .bss
    mqtt_transport_interface.o(i.mqtt_transport_connect) refers to mqtt_transport_interface.o(i.mqtt_write) for mqtt_write
    mqtt_transport_interface.o(i.mqtt_transport_connect) refers to mqtt_transport_interface.o(i.mqtt_read) for mqtt_read
    mqtt_transport_interface.o(i.mqtt_transport_connect) refers to mqtt_transport_interface.o(.data) for .data
    mqtt_transport_interface.o(i.mqtt_transport_connect) refers to mqtt_transport_interface.o(i.mqtts_write) for mqtts_write
    mqtt_transport_interface.o(i.mqtt_transport_connect) refers to mqtt_transport_interface.o(i.mqtts_read) for mqtts_read
    mqtt_transport_interface.o(i.mqtt_transport_connect) refers to mqtt_transport_interface.o(i.mqtt_event_callback) for mqtt_event_callback
    mqtt_transport_interface.o(i.mqtt_transport_init) refers to memseta.o(.text) for __aeabi_memclr4
    mqtt_transport_interface.o(i.mqtt_transport_init) refers to strlen.o(.text) for strlen
    mqtt_transport_interface.o(i.mqtt_transport_init) refers to mqtt_transport_interface.o(.bss) for .bss
    mqtt_transport_interface.o(i.mqtt_transport_publish) refers to strlen.o(.text) for strlen
    mqtt_transport_interface.o(i.mqtt_transport_publish) refers to printf8.o(i.__0printf$8) for __2printf
    mqtt_transport_interface.o(i.mqtt_transport_publish) refers to mqtt_transport_interface.o(.bss) for .bss
    mqtt_transport_interface.o(i.mqtt_transport_subscribe) refers to strlen.o(.text) for strlen
    mqtt_transport_interface.o(i.mqtt_transport_subscribe) refers to printf8.o(i.__0printf$8) for __2printf
    mqtt_transport_interface.o(i.mqtt_transport_subscribe) refers to mqtt_transport_interface.o(.bss) for .bss
    mqtt_transport_interface.o(i.mqtt_transport_yield) refers to printf8.o(i.__0printf$8) for __2printf
    mqtt_transport_interface.o(i.mqtt_transport_yield) refers to mqtt_transport_interface.o(.bss) for .bss
    mqtt_transport_interface.o(i.mqtt_write) refers to w6100.o(i.WIZCHIP_READ) for WIZCHIP_READ
    mqtt_transport_interface.o(i.mqtt_write) refers to socket.o(i.send) for send
    mqtt_transport_interface.o(i.mqtts_read) refers to w6100.o(i.WIZCHIP_READ) for WIZCHIP_READ
    mqtt_transport_interface.o(i.mqtts_read) refers to mqtt_transport_interface.o(.data) for .data
    mqtt_transport_interface.o(i.mqtts_write) refers to w6100.o(i.WIZCHIP_READ) for WIZCHIP_READ
    mqtt_transport_interface.o(i.mqtts_write) refers to mqtt_transport_interface.o(.data) for .data
    entry.o(.ARM.Collect$$$$00000000) refers (Special) to entry10a.o(.ARM.Collect$$$$0000000D) for __rt_final_cpp
    entry.o(.ARM.Collect$$$$00000000) refers (Special) to entry11a.o(.ARM.Collect$$$$0000000F) for __rt_final_exit
    entry.o(.ARM.Collect$$$$00000000) refers (Special) to entry7b.o(.ARM.Collect$$$$00000008) for _main_clock
    entry.o(.ARM.Collect$$$$00000000) refers (Special) to entry8b.o(.ARM.Collect$$$$0000000A) for _main_cpp_init
    entry.o(.ARM.Collect$$$$00000000) refers (Special) to entry9a.o(.ARM.Collect$$$$0000000B) for _main_init
    entry.o(.ARM.Collect$$$$00000000) refers (Special) to entry5.o(.ARM.Collect$$$$00000004) for _main_scatterload
    entry.o(.ARM.Collect$$$$00000000) refers (Special) to entry2.o(.ARM.Collect$$$$00000001) for _main_stk
    uldiv.o(.text) refers to llushr.o(.text) for __aeabi_llsr
    uldiv.o(.text) refers to llshl.o(.text) for __aeabi_llsl
    printfb.o(i.__0fprintf$bare) refers to printfb.o(i._printf_core) for _printf_core
    printfb.o(i.__0fprintf$bare) refers to main.o(i.fputc) for fputc
    printfb.o(i.__0printf$bare) refers to printfb.o(i._printf_core) for _printf_core
    printfb.o(i.__0printf$bare) refers to main.o(i.fputc) for fputc
    printfb.o(i.__0printf$bare) refers to stdout.o(.data) for __stdout
    printfb.o(i.__0snprintf$bare) refers to printfb.o(i._printf_core) for _printf_core
    printfb.o(i.__0snprintf$bare) refers to printfb.o(i._snputc) for _snputc
    printfb.o(i.__0sprintf$bare) refers to printfb.o(i._printf_core) for _printf_core
    printfb.o(i.__0sprintf$bare) refers to printfb.o(i._sputc) for _sputc
    printfb.o(i.__0vfprintf$bare) refers to printfb.o(i._printf_core) for _printf_core
    printfb.o(i.__0vfprintf$bare) refers to main.o(i.fputc) for fputc
    printfb.o(i.__0vprintf$bare) refers to printfb.o(i._printf_core) for _printf_core
    printfb.o(i.__0vprintf$bare) refers to main.o(i.fputc) for fputc
    printfb.o(i.__0vprintf$bare) refers to stdout.o(.data) for __stdout
    printfb.o(i.__0vsnprintf$bare) refers to printfb.o(i._printf_core) for _printf_core
    printfb.o(i.__0vsnprintf$bare) refers to printfb.o(i._snputc) for _snputc
    printfb.o(i.__0vsprintf$bare) refers to printfb.o(i._printf_core) for _printf_core
    printfb.o(i.__0vsprintf$bare) refers to printfb.o(i._sputc) for _sputc
    printf0.o(i.__0fprintf$0) refers to printf0.o(i._printf_core) for _printf_core
    printf0.o(i.__0fprintf$0) refers to main.o(i.fputc) for fputc
    printf0.o(i.__0printf$0) refers to printf0.o(i._printf_core) for _printf_core
    printf0.o(i.__0printf$0) refers to main.o(i.fputc) for fputc
    printf0.o(i.__0printf$0) refers to stdout.o(.data) for __stdout
    printf0.o(i.__0snprintf$0) refers to printf0.o(i._printf_core) for _printf_core
    printf0.o(i.__0snprintf$0) refers to printf0.o(i._snputc) for _snputc
    printf0.o(i.__0sprintf$0) refers to printf0.o(i._printf_core) for _printf_core
    printf0.o(i.__0sprintf$0) refers to printf0.o(i._sputc) for _sputc
    printf0.o(i.__0vfprintf$0) refers to printf0.o(i._printf_core) for _printf_core
    printf0.o(i.__0vfprintf$0) refers to main.o(i.fputc) for fputc
    printf0.o(i.__0vprintf$0) refers to printf0.o(i._printf_core) for _printf_core
    printf0.o(i.__0vprintf$0) refers to main.o(i.fputc) for fputc
    printf0.o(i.__0vprintf$0) refers to stdout.o(.data) for __stdout
    printf0.o(i.__0vsnprintf$0) refers to printf0.o(i._printf_core) for _printf_core
    printf0.o(i.__0vsnprintf$0) refers to printf0.o(i._snputc) for _snputc
    printf0.o(i.__0vsprintf$0) refers to printf0.o(i._printf_core) for _printf_core
    printf0.o(i.__0vsprintf$0) refers to printf0.o(i._sputc) for _sputc
    printf1.o(i.__0fprintf$1) refers to printf1.o(i._printf_core) for _printf_core
    printf1.o(i.__0fprintf$1) refers to main.o(i.fputc) for fputc
    printf1.o(i.__0printf$1) refers to printf1.o(i._printf_core) for _printf_core
    printf1.o(i.__0printf$1) refers to main.o(i.fputc) for fputc
    printf1.o(i.__0printf$1) refers to stdout.o(.data) for __stdout
    printf1.o(i.__0snprintf$1) refers to printf1.o(i._printf_core) for _printf_core
    printf1.o(i.__0snprintf$1) refers to printf1.o(i._snputc) for _snputc
    printf1.o(i.__0sprintf$1) refers to printf1.o(i._printf_core) for _printf_core
    printf1.o(i.__0sprintf$1) refers to printf1.o(i._sputc) for _sputc
    printf1.o(i.__0vfprintf$1) refers to printf1.o(i._printf_core) for _printf_core
    printf1.o(i.__0vfprintf$1) refers to main.o(i.fputc) for fputc
    printf1.o(i.__0vprintf$1) refers to printf1.o(i._printf_core) for _printf_core
    printf1.o(i.__0vprintf$1) refers to main.o(i.fputc) for fputc
    printf1.o(i.__0vprintf$1) refers to stdout.o(.data) for __stdout
    printf1.o(i.__0vsnprintf$1) refers to printf1.o(i._printf_core) for _printf_core
    printf1.o(i.__0vsnprintf$1) refers to printf1.o(i._snputc) for _snputc
    printf1.o(i.__0vsprintf$1) refers to printf1.o(i._printf_core) for _printf_core
    printf1.o(i.__0vsprintf$1) refers to printf1.o(i._sputc) for _sputc
    printf1.o(i._printf_core) refers to uidiv.o(.text) for __aeabi_uidivmod
    printf2.o(i.__0fprintf$2) refers to printf2.o(i._printf_core) for _printf_core
    printf2.o(i.__0fprintf$2) refers to main.o(i.fputc) for fputc
    printf2.o(i.__0printf$2) refers to printf2.o(i._printf_core) for _printf_core
    printf2.o(i.__0printf$2) refers to main.o(i.fputc) for fputc
    printf2.o(i.__0printf$2) refers to stdout.o(.data) for __stdout
    printf2.o(i.__0snprintf$2) refers to printf2.o(i._printf_core) for _printf_core
    printf2.o(i.__0snprintf$2) refers to printf2.o(i._snputc) for _snputc
    printf2.o(i.__0sprintf$2) refers to printf2.o(i._printf_core) for _printf_core
    printf2.o(i.__0sprintf$2) refers to printf2.o(i._sputc) for _sputc
    printf2.o(i.__0vfprintf$2) refers to printf2.o(i._printf_core) for _printf_core
    printf2.o(i.__0vfprintf$2) refers to main.o(i.fputc) for fputc
    printf2.o(i.__0vprintf$2) refers to printf2.o(i._printf_core) for _printf_core
    printf2.o(i.__0vprintf$2) refers to main.o(i.fputc) for fputc
    printf2.o(i.__0vprintf$2) refers to stdout.o(.data) for __stdout
    printf2.o(i.__0vsnprintf$2) refers to printf2.o(i._printf_core) for _printf_core
    printf2.o(i.__0vsnprintf$2) refers to printf2.o(i._snputc) for _snputc
    printf2.o(i.__0vsprintf$2) refers to printf2.o(i._printf_core) for _printf_core
    printf2.o(i.__0vsprintf$2) refers to printf2.o(i._sputc) for _sputc
    printf3.o(i.__0fprintf$3) refers to printf3.o(i._printf_core) for _printf_core
    printf3.o(i.__0fprintf$3) refers to main.o(i.fputc) for fputc
    printf3.o(i.__0printf$3) refers to printf3.o(i._printf_core) for _printf_core
    printf3.o(i.__0printf$3) refers to main.o(i.fputc) for fputc
    printf3.o(i.__0printf$3) refers to stdout.o(.data) for __stdout
    printf3.o(i.__0snprintf$3) refers to printf3.o(i._printf_core) for _printf_core
    printf3.o(i.__0snprintf$3) refers to printf3.o(i._snputc) for _snputc
    printf3.o(i.__0sprintf$3) refers to printf3.o(i._printf_core) for _printf_core
    printf3.o(i.__0sprintf$3) refers to printf3.o(i._sputc) for _sputc
    printf3.o(i.__0vfprintf$3) refers to printf3.o(i._printf_core) for _printf_core
    printf3.o(i.__0vfprintf$3) refers to main.o(i.fputc) for fputc
    printf3.o(i.__0vprintf$3) refers to printf3.o(i._printf_core) for _printf_core
    printf3.o(i.__0vprintf$3) refers to main.o(i.fputc) for fputc
    printf3.o(i.__0vprintf$3) refers to stdout.o(.data) for __stdout
    printf3.o(i.__0vsnprintf$3) refers to printf3.o(i._printf_core) for _printf_core
    printf3.o(i.__0vsnprintf$3) refers to printf3.o(i._snputc) for _snputc
    printf3.o(i.__0vsprintf$3) refers to printf3.o(i._printf_core) for _printf_core
    printf3.o(i.__0vsprintf$3) refers to printf3.o(i._sputc) for _sputc
    printf3.o(i._printf_core) refers to uidiv.o(.text) for __aeabi_uidivmod
    printf4.o(i.__0fprintf$4) refers to printf4.o(i._printf_core) for _printf_core
    printf4.o(i.__0fprintf$4) refers to main.o(i.fputc) for fputc
    printf4.o(i.__0printf$4) refers to printf4.o(i._printf_core) for _printf_core
    printf4.o(i.__0printf$4) refers to main.o(i.fputc) for fputc
    printf4.o(i.__0printf$4) refers to stdout.o(.data) for __stdout
    printf4.o(i.__0snprintf$4) refers to printf4.o(i._printf_core) for _printf_core
    printf4.o(i.__0snprintf$4) refers to printf4.o(i._snputc) for _snputc
    printf4.o(i.__0sprintf$4) refers to printf4.o(i._printf_core) for _printf_core
    printf4.o(i.__0sprintf$4) refers to printf4.o(i._sputc) for _sputc
    printf4.o(i.__0vfprintf$4) refers to printf4.o(i._printf_core) for _printf_core
    printf4.o(i.__0vfprintf$4) refers to main.o(i.fputc) for fputc
    printf4.o(i.__0vprintf$4) refers to printf4.o(i._printf_core) for _printf_core
    printf4.o(i.__0vprintf$4) refers to main.o(i.fputc) for fputc
    printf4.o(i.__0vprintf$4) refers to stdout.o(.data) for __stdout
    printf4.o(i.__0vsnprintf$4) refers to printf4.o(i._printf_core) for _printf_core
    printf4.o(i.__0vsnprintf$4) refers to printf4.o(i._snputc) for _snputc
    printf4.o(i.__0vsprintf$4) refers to printf4.o(i._printf_core) for _printf_core
    printf4.o(i.__0vsprintf$4) refers to printf4.o(i._sputc) for _sputc
    printf4.o(i._printf_core) refers to uldiv.o(.text) for __aeabi_uldivmod
    printf5.o(i.__0fprintf$5) refers to printf5.o(i._printf_core) for _printf_core
    printf5.o(i.__0fprintf$5) refers to main.o(i.fputc) for fputc
    printf5.o(i.__0printf$5) refers to printf5.o(i._printf_core) for _printf_core
    printf5.o(i.__0printf$5) refers to main.o(i.fputc) for fputc
    printf5.o(i.__0printf$5) refers to stdout.o(.data) for __stdout
    printf5.o(i.__0snprintf$5) refers to printf5.o(i._printf_core) for _printf_core
    printf5.o(i.__0snprintf$5) refers to printf5.o(i._snputc) for _snputc
    printf5.o(i.__0sprintf$5) refers to printf5.o(i._printf_core) for _printf_core
    printf5.o(i.__0sprintf$5) refers to printf5.o(i._sputc) for _sputc
    printf5.o(i.__0vfprintf$5) refers to printf5.o(i._printf_core) for _printf_core
    printf5.o(i.__0vfprintf$5) refers to main.o(i.fputc) for fputc
    printf5.o(i.__0vprintf$5) refers to printf5.o(i._printf_core) for _printf_core
    printf5.o(i.__0vprintf$5) refers to main.o(i.fputc) for fputc
    printf5.o(i.__0vprintf$5) refers to stdout.o(.data) for __stdout
    printf5.o(i.__0vsnprintf$5) refers to printf5.o(i._printf_core) for _printf_core
    printf5.o(i.__0vsnprintf$5) refers to printf5.o(i._snputc) for _snputc
    printf5.o(i.__0vsprintf$5) refers to printf5.o(i._printf_core) for _printf_core
    printf5.o(i.__0vsprintf$5) refers to printf5.o(i._sputc) for _sputc
    printf5.o(i._printf_core) refers to uldiv.o(.text) for __aeabi_uldivmod
    printf6.o(i.__0fprintf$6) refers to printf6.o(i._printf_core) for _printf_core
    printf6.o(i.__0fprintf$6) refers to main.o(i.fputc) for fputc
    printf6.o(i.__0printf$6) refers to printf6.o(i._printf_core) for _printf_core
    printf6.o(i.__0printf$6) refers to main.o(i.fputc) for fputc
    printf6.o(i.__0printf$6) refers to stdout.o(.data) for __stdout
    printf6.o(i.__0snprintf$6) refers to printf6.o(i._printf_core) for _printf_core
    printf6.o(i.__0snprintf$6) refers to printf6.o(i._snputc) for _snputc
    printf6.o(i.__0sprintf$6) refers to printf6.o(i._printf_core) for _printf_core
    printf6.o(i.__0sprintf$6) refers to printf6.o(i._sputc) for _sputc
    printf6.o(i.__0vfprintf$6) refers to printf6.o(i._printf_core) for _printf_core
    printf6.o(i.__0vfprintf$6) refers to main.o(i.fputc) for fputc
    printf6.o(i.__0vprintf$6) refers to printf6.o(i._printf_core) for _printf_core
    printf6.o(i.__0vprintf$6) refers to main.o(i.fputc) for fputc
    printf6.o(i.__0vprintf$6) refers to stdout.o(.data) for __stdout
    printf6.o(i.__0vsnprintf$6) refers to printf6.o(i._printf_core) for _printf_core
    printf6.o(i.__0vsnprintf$6) refers to printf6.o(i._snputc) for _snputc
    printf6.o(i.__0vsprintf$6) refers to printf6.o(i._printf_core) for _printf_core
    printf6.o(i.__0vsprintf$6) refers to printf6.o(i._sputc) for _sputc
    printf6.o(i._printf_core) refers to printf6.o(i._printf_pre_padding) for _printf_pre_padding
    printf6.o(i._printf_core) refers to uidiv.o(.text) for __aeabi_uidivmod
    printf6.o(i._printf_core) refers to printf6.o(i._printf_post_padding) for _printf_post_padding
    printf7.o(i.__0fprintf$7) refers to printf7.o(i._printf_core) for _printf_core
    printf7.o(i.__0fprintf$7) refers to main.o(i.fputc) for fputc
    printf7.o(i.__0printf$7) refers to printf7.o(i._printf_core) for _printf_core
    printf7.o(i.__0printf$7) refers to main.o(i.fputc) for fputc
    printf7.o(i.__0printf$7) refers to stdout.o(.data) for __stdout
    printf7.o(i.__0snprintf$7) refers to printf7.o(i._printf_core) for _printf_core
    printf7.o(i.__0snprintf$7) refers to printf7.o(i._snputc) for _snputc
    printf7.o(i.__0sprintf$7) refers to printf7.o(i._printf_core) for _printf_core
    printf7.o(i.__0sprintf$7) refers to printf7.o(i._sputc) for _sputc
    printf7.o(i.__0vfprintf$7) refers to printf7.o(i._printf_core) for _printf_core
    printf7.o(i.__0vfprintf$7) refers to main.o(i.fputc) for fputc
    printf7.o(i.__0vprintf$7) refers to printf7.o(i._printf_core) for _printf_core
    printf7.o(i.__0vprintf$7) refers to main.o(i.fputc) for fputc
    printf7.o(i.__0vprintf$7) refers to stdout.o(.data) for __stdout
    printf7.o(i.__0vsnprintf$7) refers to printf7.o(i._printf_core) for _printf_core
    printf7.o(i.__0vsnprintf$7) refers to printf7.o(i._snputc) for _snputc
    printf7.o(i.__0vsprintf$7) refers to printf7.o(i._printf_core) for _printf_core
    printf7.o(i.__0vsprintf$7) refers to printf7.o(i._sputc) for _sputc
    printf7.o(i._printf_core) refers to printf7.o(i._printf_pre_padding) for _printf_pre_padding
    printf7.o(i._printf_core) refers to uldiv.o(.text) for __aeabi_uldivmod
    printf7.o(i._printf_core) refers to printf7.o(i._printf_post_padding) for _printf_post_padding
    printf8.o(i.__0fprintf$8) refers to printf8.o(i._printf_core) for _printf_core
    printf8.o(i.__0fprintf$8) refers to main.o(i.fputc) for fputc
    printf8.o(i.__0printf$8) refers to printf8.o(i._printf_core) for _printf_core
    printf8.o(i.__0printf$8) refers to main.o(i.fputc) for fputc
    printf8.o(i.__0printf$8) refers to stdout.o(.data) for __stdout
    printf8.o(i.__0snprintf$8) refers to printf8.o(i._printf_core) for _printf_core
    printf8.o(i.__0snprintf$8) refers to printf8.o(i._snputc) for _snputc
    printf8.o(i.__0sprintf$8) refers to printf8.o(i._printf_core) for _printf_core
    printf8.o(i.__0sprintf$8) refers to printf8.o(i._sputc) for _sputc
    printf8.o(i.__0vfprintf$8) refers to printf8.o(i._printf_core) for _printf_core
    printf8.o(i.__0vfprintf$8) refers to main.o(i.fputc) for fputc
    printf8.o(i.__0vprintf$8) refers to printf8.o(i._printf_core) for _printf_core
    printf8.o(i.__0vprintf$8) refers to main.o(i.fputc) for fputc
    printf8.o(i.__0vprintf$8) refers to stdout.o(.data) for __stdout
    printf8.o(i.__0vsnprintf$8) refers to printf8.o(i._printf_core) for _printf_core
    printf8.o(i.__0vsnprintf$8) refers to printf8.o(i._snputc) for _snputc
    printf8.o(i.__0vsprintf$8) refers to printf8.o(i._printf_core) for _printf_core
    printf8.o(i.__0vsprintf$8) refers to printf8.o(i._sputc) for _sputc
    printf8.o(i._printf_core) refers to printf8.o(i._printf_pre_padding) for _printf_pre_padding
    printf8.o(i._printf_core) refers to uldiv.o(.text) for __aeabi_uldivmod
    printf8.o(i._printf_core) refers to printf8.o(i._printf_post_padding) for _printf_post_padding
    printfa.o(i.__0fprintf) refers (Special) to iusefp.o(.text) for __I$use$fp
    printfa.o(i.__0fprintf) refers to printfa.o(i._printf_core) for _printf_core
    printfa.o(i.__0fprintf) refers to main.o(i.fputc) for fputc
    printfa.o(i.__0printf) refers (Special) to iusefp.o(.text) for __I$use$fp
    printfa.o(i.__0printf) refers to printfa.o(i._printf_core) for _printf_core
    printfa.o(i.__0printf) refers to main.o(i.fputc) for fputc
    printfa.o(i.__0printf) refers to stdout.o(.data) for __stdout
    printfa.o(i.__0snprintf) refers (Special) to iusefp.o(.text) for __I$use$fp
    printfa.o(i.__0snprintf) refers to printfa.o(i._printf_core) for _printf_core
    printfa.o(i.__0snprintf) refers to printfa.o(i._snputc) for _snputc
    printfa.o(i.__0sprintf) refers (Special) to iusefp.o(.text) for __I$use$fp
    printfa.o(i.__0sprintf) refers to printfa.o(i._printf_core) for _printf_core
    printfa.o(i.__0sprintf) refers to printfa.o(i._sputc) for _sputc
    printfa.o(i.__0vfprintf) refers (Special) to iusefp.o(.text) for __I$use$fp
    printfa.o(i.__0vfprintf) refers to printfa.o(i._printf_core) for _printf_core
    printfa.o(i.__0vfprintf) refers to main.o(i.fputc) for fputc
    printfa.o(i.__0vprintf) refers (Special) to iusefp.o(.text) for __I$use$fp
    printfa.o(i.__0vprintf) refers to printfa.o(i._printf_core) for _printf_core
    printfa.o(i.__0vprintf) refers to main.o(i.fputc) for fputc
    printfa.o(i.__0vprintf) refers to stdout.o(.data) for __stdout
    printfa.o(i.__0vsnprintf) refers (Special) to iusefp.o(.text) for __I$use$fp
    printfa.o(i.__0vsnprintf) refers to printfa.o(i._printf_core) for _printf_core
    printfa.o(i.__0vsnprintf) refers to printfa.o(i._snputc) for _snputc
    printfa.o(i.__0vsprintf) refers (Special) to iusefp.o(.text) for __I$use$fp
    printfa.o(i.__0vsprintf) refers to printfa.o(i._printf_core) for _printf_core
    printfa.o(i.__0vsprintf) refers to printfa.o(i._sputc) for _sputc
    printfa.o(i._fp_digits) refers (Special) to iusefp.o(.text) for __I$use$fp
    printfa.o(i._fp_digits) refers to dmul.o(.text) for __aeabi_dmul
    printfa.o(i._fp_digits) refers to ddiv.o(.text) for __aeabi_ddiv
    printfa.o(i._fp_digits) refers to cdrcmple.o(.text) for __aeabi_cdrcmple
    printfa.o(i._fp_digits) refers to dadd.o(.text) for __aeabi_dadd
    printfa.o(i._fp_digits) refers to dfixul.o(.text) for __aeabi_d2ulz
    printfa.o(i._fp_digits) refers to uldiv.o(.text) for __aeabi_uldivmod
    printfa.o(i._printf_core) refers (Special) to iusefp.o(.text) for __I$use$fp
    printfa.o(i._printf_core) refers to printfa.o(i._printf_pre_padding) for _printf_pre_padding
    printfa.o(i._printf_core) refers to uldiv.o(.text) for __aeabi_uldivmod
    printfa.o(i._printf_core) refers to printfa.o(i._printf_post_padding) for _printf_post_padding
    printfa.o(i._printf_core) refers to printfa.o(i._fp_digits) for _fp_digits
    printfa.o(i._printf_core) refers to uidiv.o(.text) for __aeabi_uidivmod
    printfa.o(i._printf_post_padding) refers (Special) to iusefp.o(.text) for __I$use$fp
    printfa.o(i._printf_pre_padding) refers (Special) to iusefp.o(.text) for __I$use$fp
    printfa.o(i._snputc) refers (Special) to iusefp.o(.text) for __I$use$fp
    printfa.o(i._sputc) refers (Special) to iusefp.o(.text) for __I$use$fp
    entry2.o(.ARM.Collect$$$$00000001) refers to entry2.o(.ARM.Collect$$$$00002712) for __lit__00000000
    entry2.o(.ARM.Collect$$$$00002712) refers to startup_stm32f411xe.o(STACK) for __initial_sp
    entry2.o(__vectab_stack_and_reset_area) refers to startup_stm32f411xe.o(STACK) for __initial_sp
    entry2.o(__vectab_stack_and_reset_area) refers to entry.o(.ARM.Collect$$$$00000000) for __main
    entry5.o(.ARM.Collect$$$$00000004) refers to init.o(.text) for __scatterload
    entry9a.o(.ARM.Collect$$$$0000000B) refers to main.o(i.main) for main
    entry9b.o(.ARM.Collect$$$$0000000C) refers to main.o(i.main) for main
    dadd.o(.text) refers to llshl.o(.text) for __aeabi_llsl
    dadd.o(.text) refers to llsshr.o(.text) for __aeabi_lasr
    dadd.o(.text) refers to depilogue.o(.text) for _double_epilogue
    dmul.o(.text) refers to depilogue.o(.text) for _double_epilogue
    ddiv.o(.text) refers to depilogue.o(.text) for _double_round
    dfixul.o(.text) refers to llushr.o(.text) for __aeabi_llsr
    dfixul.o(.text) refers to llshl.o(.text) for __aeabi_llsl
    init.o(.text) refers to entry5.o(.ARM.Collect$$$$00000004) for __main_after_scatterload
    depilogue.o(.text) refers to llshl.o(.text) for __aeabi_llsl
    depilogue.o(.text) refers to llushr.o(.text) for __aeabi_llsr


==============================================================================

Removing Unused input sections from the image.

    Removing startup_stm32f411xe.o(HEAP), (512 bytes).
    Removing main.o(.rev16_text), (4 bytes).
    Removing main.o(.revsh_text), (4 bytes).
    Removing main.o(.rrx_text), (6 bytes).
    Removing main.o(i.Error_Handler), (4 bytes).
    Removing main.o(.data), (103 bytes).
    Removing main.o(.data), (103 bytes).
    Removing stm32f4xx_it.o(.rev16_text), (4 bytes).
    Removing stm32f4xx_it.o(.revsh_text), (4 bytes).
    Removing stm32f4xx_it.o(.rrx_text), (6 bytes).
    Removing stm32f4xx_hal_msp.o(.rev16_text), (4 bytes).
    Removing stm32f4xx_hal_msp.o(.revsh_text), (4 bytes).
    Removing stm32f4xx_hal_msp.o(.rrx_text), (6 bytes).
    Removing stm32f4xx_hal_msp.o(i.HAL_SPI_MspDeInit), (40 bytes).
    Removing stm32f4xx_hal_msp.o(i.HAL_UART_MspDeInit), (40 bytes).
    Removing stm32f4xx_hal_spi.o(.rev16_text), (4 bytes).
    Removing stm32f4xx_hal_spi.o(.revsh_text), (4 bytes).
    Removing stm32f4xx_hal_spi.o(.rrx_text), (6 bytes).
    Removing stm32f4xx_hal_spi.o(i.HAL_SPI_Abort), (292 bytes).
    Removing stm32f4xx_hal_spi.o(i.HAL_SPI_AbortCpltCallback), (2 bytes).
    Removing stm32f4xx_hal_spi.o(i.HAL_SPI_Abort_IT), (292 bytes).
    Removing stm32f4xx_hal_spi.o(i.HAL_SPI_DMAPause), (38 bytes).
    Removing stm32f4xx_hal_spi.o(i.HAL_SPI_DMAResume), (38 bytes).
    Removing stm32f4xx_hal_spi.o(i.HAL_SPI_DMAStop), (66 bytes).
    Removing stm32f4xx_hal_spi.o(i.HAL_SPI_DeInit), (46 bytes).
    Removing stm32f4xx_hal_spi.o(i.HAL_SPI_ErrorCallback), (2 bytes).
    Removing stm32f4xx_hal_spi.o(i.HAL_SPI_GetError), (4 bytes).
    Removing stm32f4xx_hal_spi.o(i.HAL_SPI_IRQHandler), (252 bytes).
    Removing stm32f4xx_hal_spi.o(i.HAL_SPI_MspDeInit), (2 bytes).
    Removing stm32f4xx_hal_spi.o(i.HAL_SPI_MspInit), (2 bytes).
    Removing stm32f4xx_hal_spi.o(i.HAL_SPI_Receive), (346 bytes).
    Removing stm32f4xx_hal_spi.o(i.HAL_SPI_Receive_DMA), (244 bytes).
    Removing stm32f4xx_hal_spi.o(i.HAL_SPI_Receive_IT), (176 bytes).
    Removing stm32f4xx_hal_spi.o(i.HAL_SPI_RxCpltCallback), (2 bytes).
    Removing stm32f4xx_hal_spi.o(i.HAL_SPI_RxHalfCpltCallback), (2 bytes).
    Removing stm32f4xx_hal_spi.o(i.HAL_SPI_Transmit), (358 bytes).
    Removing stm32f4xx_hal_spi.o(i.HAL_SPI_TransmitReceive_DMA), (292 bytes).
    Removing stm32f4xx_hal_spi.o(i.HAL_SPI_TransmitReceive_IT), (164 bytes).
    Removing stm32f4xx_hal_spi.o(i.HAL_SPI_Transmit_DMA), (216 bytes).
    Removing stm32f4xx_hal_spi.o(i.HAL_SPI_Transmit_IT), (148 bytes).
    Removing stm32f4xx_hal_spi.o(i.HAL_SPI_TxCpltCallback), (2 bytes).
    Removing stm32f4xx_hal_spi.o(i.HAL_SPI_TxHalfCpltCallback), (2 bytes).
    Removing stm32f4xx_hal_spi.o(i.HAL_SPI_TxRxCpltCallback), (2 bytes).
    Removing stm32f4xx_hal_spi.o(i.HAL_SPI_TxRxHalfCpltCallback), (2 bytes).
    Removing stm32f4xx_hal_spi.o(i.SPI_2linesRxISR_16BIT), (48 bytes).
    Removing stm32f4xx_hal_spi.o(i.SPI_2linesRxISR_8BIT), (48 bytes).
    Removing stm32f4xx_hal_spi.o(i.SPI_2linesTxISR_16BIT), (48 bytes).
    Removing stm32f4xx_hal_spi.o(i.SPI_2linesTxISR_8BIT), (48 bytes).
    Removing stm32f4xx_hal_spi.o(i.SPI_AbortRx_ISR), (88 bytes).
    Removing stm32f4xx_hal_spi.o(i.SPI_AbortTx_ISR), (28 bytes).
    Removing stm32f4xx_hal_spi.o(i.SPI_CloseRxTx_ISR), (144 bytes).
    Removing stm32f4xx_hal_spi.o(i.SPI_CloseRx_ISR), (76 bytes).
    Removing stm32f4xx_hal_spi.o(i.SPI_CloseTx_ISR), (124 bytes).
    Removing stm32f4xx_hal_spi.o(i.SPI_DMAAbortOnError), (16 bytes).
    Removing stm32f4xx_hal_spi.o(i.SPI_DMAError), (34 bytes).
    Removing stm32f4xx_hal_spi.o(i.SPI_DMAHalfReceiveCplt), (10 bytes).
    Removing stm32f4xx_hal_spi.o(i.SPI_DMAHalfTransmitCplt), (10 bytes).
    Removing stm32f4xx_hal_spi.o(i.SPI_DMAHalfTransmitReceiveCplt), (10 bytes).
    Removing stm32f4xx_hal_spi.o(i.SPI_DMAReceiveCplt), (106 bytes).
    Removing stm32f4xx_hal_spi.o(i.SPI_DMARxAbortCallback), (102 bytes).
    Removing stm32f4xx_hal_spi.o(i.SPI_DMATransmitCplt), (100 bytes).
    Removing stm32f4xx_hal_spi.o(i.SPI_DMATransmitReceiveCplt), (90 bytes).
    Removing stm32f4xx_hal_spi.o(i.SPI_DMATxAbortCallback), (116 bytes).
    Removing stm32f4xx_hal_spi.o(i.SPI_EndRxTransaction), (92 bytes).
    Removing stm32f4xx_hal_spi.o(i.SPI_RxISR_16BIT), (32 bytes).
    Removing stm32f4xx_hal_spi.o(i.SPI_RxISR_8BIT), (32 bytes).
    Removing stm32f4xx_hal_spi.o(i.SPI_TxISR_16BIT), (32 bytes).
    Removing stm32f4xx_hal_spi.o(i.SPI_TxISR_8BIT), (32 bytes).
    Removing stm32f4xx_hal_rcc.o(.rev16_text), (4 bytes).
    Removing stm32f4xx_hal_rcc.o(.revsh_text), (4 bytes).
    Removing stm32f4xx_hal_rcc.o(.rrx_text), (6 bytes).
    Removing stm32f4xx_hal_rcc.o(i.HAL_RCC_CSSCallback), (2 bytes).
    Removing stm32f4xx_hal_rcc.o(i.HAL_RCC_DeInit), (4 bytes).
    Removing stm32f4xx_hal_rcc.o(i.HAL_RCC_DisableCSS), (12 bytes).
    Removing stm32f4xx_hal_rcc.o(i.HAL_RCC_EnableCSS), (12 bytes).
    Removing stm32f4xx_hal_rcc.o(i.HAL_RCC_GetClockConfig), (64 bytes).
    Removing stm32f4xx_hal_rcc.o(i.HAL_RCC_GetHCLKFreq), (12 bytes).
    Removing stm32f4xx_hal_rcc.o(i.HAL_RCC_GetOscConfig), (180 bytes).
    Removing stm32f4xx_hal_rcc.o(i.HAL_RCC_MCOConfig), (140 bytes).
    Removing stm32f4xx_hal_rcc.o(i.HAL_RCC_NMI_IRQHandler), (28 bytes).
    Removing stm32f4xx_hal_rcc_ex.o(.rev16_text), (4 bytes).
    Removing stm32f4xx_hal_rcc_ex.o(.revsh_text), (4 bytes).
    Removing stm32f4xx_hal_rcc_ex.o(.rrx_text), (6 bytes).
    Removing stm32f4xx_hal_rcc_ex.o(i.HAL_RCCEx_DisablePLLI2S), (52 bytes).
    Removing stm32f4xx_hal_rcc_ex.o(i.HAL_RCCEx_EnablePLLI2S), (108 bytes).
    Removing stm32f4xx_hal_rcc_ex.o(i.HAL_RCCEx_GetPeriphCLKConfig), (80 bytes).
    Removing stm32f4xx_hal_rcc_ex.o(i.HAL_RCCEx_GetPeriphCLKFreq), (96 bytes).
    Removing stm32f4xx_hal_rcc_ex.o(i.HAL_RCCEx_PeriphCLKConfig), (340 bytes).
    Removing stm32f4xx_hal_rcc_ex.o(i.HAL_RCCEx_SelectLSEMode), (28 bytes).
    Removing stm32f4xx_hal_rcc_ex.o(i.HAL_RCC_DeInit), (308 bytes).
    Removing stm32f4xx_hal_flash.o(.rev16_text), (4 bytes).
    Removing stm32f4xx_hal_flash.o(.revsh_text), (4 bytes).
    Removing stm32f4xx_hal_flash.o(.rrx_text), (6 bytes).
    Removing stm32f4xx_hal_flash.o(i.FLASH_Program_Byte), (32 bytes).
    Removing stm32f4xx_hal_flash.o(i.FLASH_Program_DoubleWord), (44 bytes).
    Removing stm32f4xx_hal_flash.o(i.FLASH_Program_HalfWord), (36 bytes).
    Removing stm32f4xx_hal_flash.o(i.FLASH_Program_Word), (36 bytes).
    Removing stm32f4xx_hal_flash.o(i.FLASH_SetErrorCode), (124 bytes).
    Removing stm32f4xx_hal_flash.o(i.FLASH_WaitForLastOperation), (80 bytes).
    Removing stm32f4xx_hal_flash.o(i.HAL_FLASH_EndOfOperationCallback), (2 bytes).
    Removing stm32f4xx_hal_flash.o(i.HAL_FLASH_GetError), (12 bytes).
    Removing stm32f4xx_hal_flash.o(i.HAL_FLASH_IRQHandler), (204 bytes).
    Removing stm32f4xx_hal_flash.o(i.HAL_FLASH_Lock), (20 bytes).
    Removing stm32f4xx_hal_flash.o(i.HAL_FLASH_OB_Launch), (24 bytes).
    Removing stm32f4xx_hal_flash.o(i.HAL_FLASH_OB_Lock), (20 bytes).
    Removing stm32f4xx_hal_flash.o(i.HAL_FLASH_OB_Unlock), (40 bytes).
    Removing stm32f4xx_hal_flash.o(i.HAL_FLASH_OperationErrorCallback), (2 bytes).
    Removing stm32f4xx_hal_flash.o(i.HAL_FLASH_Program), (124 bytes).
    Removing stm32f4xx_hal_flash.o(i.HAL_FLASH_Program_IT), (108 bytes).
    Removing stm32f4xx_hal_flash.o(i.HAL_FLASH_Unlock), (44 bytes).
    Removing stm32f4xx_hal_flash.o(.bss), (32 bytes).
    Removing stm32f4xx_hal_flash_ex.o(.rev16_text), (4 bytes).
    Removing stm32f4xx_hal_flash_ex.o(.revsh_text), (4 bytes).
    Removing stm32f4xx_hal_flash_ex.o(.rrx_text), (6 bytes).
    Removing stm32f4xx_hal_flash_ex.o(i.FLASH_Erase_Sector), (80 bytes).
    Removing stm32f4xx_hal_flash_ex.o(i.FLASH_FlushCaches), (84 bytes).
    Removing stm32f4xx_hal_flash_ex.o(i.FLASH_MassErase), (40 bytes).
    Removing stm32f4xx_hal_flash_ex.o(i.HAL_FLASHEx_AdvOBGetConfig), (12 bytes).
    Removing stm32f4xx_hal_flash_ex.o(i.HAL_FLASHEx_AdvOBProgram), (60 bytes).
    Removing stm32f4xx_hal_flash_ex.o(i.HAL_FLASHEx_Erase), (152 bytes).
    Removing stm32f4xx_hal_flash_ex.o(i.HAL_FLASHEx_Erase_IT), (104 bytes).
    Removing stm32f4xx_hal_flash_ex.o(i.HAL_FLASHEx_OBGetConfig), (64 bytes).
    Removing stm32f4xx_hal_flash_ex.o(i.HAL_FLASHEx_OBProgram), (204 bytes).
    Removing stm32f4xx_hal_flash_ex.o(i.HAL_FLASHEx_OB_DeSelectPCROP), (20 bytes).
    Removing stm32f4xx_hal_flash_ex.o(i.HAL_FLASHEx_OB_SelectPCROP), (24 bytes).
    Removing stm32f4xx_hal_flash_ramfunc.o(.rev16_text), (4 bytes).
    Removing stm32f4xx_hal_flash_ramfunc.o(.revsh_text), (4 bytes).
    Removing stm32f4xx_hal_flash_ramfunc.o(.rrx_text), (6 bytes).
    Removing stm32f4xx_hal_flash_ramfunc.o(i.HAL_FLASHEx_DisableFlashSleepMode), (44 bytes).
    Removing stm32f4xx_hal_flash_ramfunc.o(i.HAL_FLASHEx_EnableFlashSleepMode), (44 bytes).
    Removing stm32f4xx_hal_flash_ramfunc.o(i.HAL_FLASHEx_StartFlashInterfaceClk), (44 bytes).
    Removing stm32f4xx_hal_flash_ramfunc.o(i.HAL_FLASHEx_StopFlashInterfaceClk), (44 bytes).
    Removing stm32f4xx_hal_gpio.o(.rev16_text), (4 bytes).
    Removing stm32f4xx_hal_gpio.o(.revsh_text), (4 bytes).
    Removing stm32f4xx_hal_gpio.o(.rrx_text), (6 bytes).
    Removing stm32f4xx_hal_gpio.o(i.HAL_GPIO_DeInit), (300 bytes).
    Removing stm32f4xx_hal_gpio.o(i.HAL_GPIO_EXTI_Callback), (2 bytes).
    Removing stm32f4xx_hal_gpio.o(i.HAL_GPIO_EXTI_IRQHandler), (24 bytes).
    Removing stm32f4xx_hal_gpio.o(i.HAL_GPIO_LockPin), (34 bytes).
    Removing stm32f4xx_hal_gpio.o(i.HAL_GPIO_ReadPin), (10 bytes).
    Removing stm32f4xx_hal_gpio.o(i.HAL_GPIO_TogglePin), (16 bytes).
    Removing stm32f4xx_hal_dma_ex.o(.rev16_text), (4 bytes).
    Removing stm32f4xx_hal_dma_ex.o(.revsh_text), (4 bytes).
    Removing stm32f4xx_hal_dma_ex.o(.rrx_text), (6 bytes).
    Removing stm32f4xx_hal_dma_ex.o(i.DMA_MultiBufferSetConfig), (30 bytes).
    Removing stm32f4xx_hal_dma_ex.o(i.HAL_DMAEx_ChangeMemory), (14 bytes).
    Removing stm32f4xx_hal_dma_ex.o(i.HAL_DMAEx_MultiBufferStart), (100 bytes).
    Removing stm32f4xx_hal_dma_ex.o(i.HAL_DMAEx_MultiBufferStart_IT), (2432 bytes).
    Removing stm32f4xx_hal_dma.o(.rev16_text), (4 bytes).
    Removing stm32f4xx_hal_dma.o(.revsh_text), (4 bytes).
    Removing stm32f4xx_hal_dma.o(.rrx_text), (6 bytes).
    Removing stm32f4xx_hal_dma.o(i.DMA_CalcBaseAndBitshift), (40 bytes).
    Removing stm32f4xx_hal_dma.o(i.DMA_CheckFifoParam), (84 bytes).
    Removing stm32f4xx_hal_dma.o(i.DMA_SetConfig), (40 bytes).
    Removing stm32f4xx_hal_dma.o(i.HAL_DMA_Abort), (146 bytes).
    Removing stm32f4xx_hal_dma.o(i.HAL_DMA_Abort_IT), (36 bytes).
    Removing stm32f4xx_hal_dma.o(i.HAL_DMA_DeInit), (98 bytes).
    Removing stm32f4xx_hal_dma.o(i.HAL_DMA_GetError), (4 bytes).
    Removing stm32f4xx_hal_dma.o(i.HAL_DMA_GetState), (6 bytes).
    Removing stm32f4xx_hal_dma.o(i.HAL_DMA_IRQHandler), (416 bytes).
    Removing stm32f4xx_hal_dma.o(i.HAL_DMA_Init), (212 bytes).
    Removing stm32f4xx_hal_dma.o(i.HAL_DMA_PollForTransfer), (288 bytes).
    Removing stm32f4xx_hal_dma.o(i.HAL_DMA_RegisterCallback), (82 bytes).
    Removing stm32f4xx_hal_dma.o(i.HAL_DMA_Start), (70 bytes).
    Removing stm32f4xx_hal_dma.o(i.HAL_DMA_Start_IT), (110 bytes).
    Removing stm32f4xx_hal_dma.o(i.HAL_DMA_UnRegisterCallback), (96 bytes).
    Removing stm32f4xx_hal_dma.o(.constdata), (8 bytes).
    Removing stm32f4xx_hal_pwr.o(.rev16_text), (4 bytes).
    Removing stm32f4xx_hal_pwr.o(.revsh_text), (4 bytes).
    Removing stm32f4xx_hal_pwr.o(.rrx_text), (6 bytes).
    Removing stm32f4xx_hal_pwr.o(i.HAL_PWR_ConfigPVD), (124 bytes).
    Removing stm32f4xx_hal_pwr.o(i.HAL_PWR_DeInit), (24 bytes).
    Removing stm32f4xx_hal_pwr.o(i.HAL_PWR_DisableBkUpAccess), (24 bytes).
    Removing stm32f4xx_hal_pwr.o(i.HAL_PWR_DisablePVD), (12 bytes).
    Removing stm32f4xx_hal_pwr.o(i.HAL_PWR_DisableSEVOnPend), (16 bytes).
    Removing stm32f4xx_hal_pwr.o(i.HAL_PWR_DisableSleepOnExit), (16 bytes).
    Removing stm32f4xx_hal_pwr.o(i.HAL_PWR_DisableWakeUpPin), (16 bytes).
    Removing stm32f4xx_hal_pwr.o(i.HAL_PWR_EnableBkUpAccess), (24 bytes).
    Removing stm32f4xx_hal_pwr.o(i.HAL_PWR_EnablePVD), (12 bytes).
    Removing stm32f4xx_hal_pwr.o(i.HAL_PWR_EnableSEVOnPend), (16 bytes).
    Removing stm32f4xx_hal_pwr.o(i.HAL_PWR_EnableSleepOnExit), (16 bytes).
    Removing stm32f4xx_hal_pwr.o(i.HAL_PWR_EnableWakeUpPin), (16 bytes).
    Removing stm32f4xx_hal_pwr.o(i.HAL_PWR_EnterSLEEPMode), (32 bytes).
    Removing stm32f4xx_hal_pwr.o(i.HAL_PWR_EnterSTANDBYMode), (32 bytes).
    Removing stm32f4xx_hal_pwr.o(i.HAL_PWR_EnterSTOPMode), (56 bytes).
    Removing stm32f4xx_hal_pwr.o(i.HAL_PWR_PVDCallback), (2 bytes).
    Removing stm32f4xx_hal_pwr.o(i.HAL_PWR_PVD_IRQHandler), (28 bytes).
    Removing stm32f4xx_hal_pwr_ex.o(.rev16_text), (4 bytes).
    Removing stm32f4xx_hal_pwr_ex.o(.revsh_text), (4 bytes).
    Removing stm32f4xx_hal_pwr_ex.o(.rrx_text), (6 bytes).
    Removing stm32f4xx_hal_pwr_ex.o(i.HAL_PWREx_ControlVoltageScaling), (176 bytes).
    Removing stm32f4xx_hal_pwr_ex.o(i.HAL_PWREx_DisableBkUpReg), (60 bytes).
    Removing stm32f4xx_hal_pwr_ex.o(i.HAL_PWREx_DisableFlashPowerDown), (12 bytes).
    Removing stm32f4xx_hal_pwr_ex.o(i.HAL_PWREx_DisableLowRegulatorLowVoltage), (12 bytes).
    Removing stm32f4xx_hal_pwr_ex.o(i.HAL_PWREx_DisableMainRegulatorLowVoltage), (12 bytes).
    Removing stm32f4xx_hal_pwr_ex.o(i.HAL_PWREx_EnableBkUpReg), (60 bytes).
    Removing stm32f4xx_hal_pwr_ex.o(i.HAL_PWREx_EnableFlashPowerDown), (12 bytes).
    Removing stm32f4xx_hal_pwr_ex.o(i.HAL_PWREx_EnableLowRegulatorLowVoltage), (12 bytes).
    Removing stm32f4xx_hal_pwr_ex.o(i.HAL_PWREx_EnableMainRegulatorLowVoltage), (12 bytes).
    Removing stm32f4xx_hal_pwr_ex.o(i.HAL_PWREx_GetVoltageRange), (16 bytes).
    Removing stm32f4xx_hal_cortex.o(.rev16_text), (4 bytes).
    Removing stm32f4xx_hal_cortex.o(.revsh_text), (4 bytes).
    Removing stm32f4xx_hal_cortex.o(.rrx_text), (6 bytes).
    Removing stm32f4xx_hal_cortex.o(i.HAL_MPU_ConfigRegion), (84 bytes).
    Removing stm32f4xx_hal_cortex.o(i.HAL_MPU_Disable), (28 bytes).
    Removing stm32f4xx_hal_cortex.o(i.HAL_MPU_Enable), (36 bytes).
    Removing stm32f4xx_hal_cortex.o(i.HAL_NVIC_ClearPendingIRQ), (26 bytes).
    Removing stm32f4xx_hal_cortex.o(i.HAL_NVIC_DisableIRQ), (34 bytes).
    Removing stm32f4xx_hal_cortex.o(i.HAL_NVIC_EnableIRQ), (26 bytes).
    Removing stm32f4xx_hal_cortex.o(i.HAL_NVIC_GetActive), (36 bytes).
    Removing stm32f4xx_hal_cortex.o(i.HAL_NVIC_GetPendingIRQ), (36 bytes).
    Removing stm32f4xx_hal_cortex.o(i.HAL_NVIC_GetPriority), (82 bytes).
    Removing stm32f4xx_hal_cortex.o(i.HAL_NVIC_GetPriorityGrouping), (16 bytes).
    Removing stm32f4xx_hal_cortex.o(i.HAL_NVIC_SetPendingIRQ), (26 bytes).
    Removing stm32f4xx_hal_cortex.o(i.HAL_NVIC_SystemReset), (36 bytes).
    Removing stm32f4xx_hal_cortex.o(i.HAL_SYSTICK_CLKSourceConfig), (24 bytes).
    Removing stm32f4xx_hal_cortex.o(i.HAL_SYSTICK_Callback), (2 bytes).
    Removing stm32f4xx_hal_cortex.o(i.HAL_SYSTICK_IRQHandler), (8 bytes).
    Removing stm32f4xx_hal.o(.rev16_text), (4 bytes).
    Removing stm32f4xx_hal.o(.revsh_text), (4 bytes).
    Removing stm32f4xx_hal.o(.rrx_text), (6 bytes).
    Removing stm32f4xx_hal.o(i.HAL_DBGMCU_DisableDBGSleepMode), (16 bytes).
    Removing stm32f4xx_hal.o(i.HAL_DBGMCU_DisableDBGStandbyMode), (16 bytes).
    Removing stm32f4xx_hal.o(i.HAL_DBGMCU_DisableDBGStopMode), (16 bytes).
    Removing stm32f4xx_hal.o(i.HAL_DBGMCU_EnableDBGSleepMode), (16 bytes).
    Removing stm32f4xx_hal.o(i.HAL_DBGMCU_EnableDBGStandbyMode), (16 bytes).
    Removing stm32f4xx_hal.o(i.HAL_DBGMCU_EnableDBGStopMode), (16 bytes).
    Removing stm32f4xx_hal.o(i.HAL_DeInit), (52 bytes).
    Removing stm32f4xx_hal.o(i.HAL_DisableCompensationCell), (12 bytes).
    Removing stm32f4xx_hal.o(i.HAL_EnableCompensationCell), (12 bytes).
    Removing stm32f4xx_hal.o(i.HAL_GetDEVID), (16 bytes).
    Removing stm32f4xx_hal.o(i.HAL_GetHalVersion), (8 bytes).
    Removing stm32f4xx_hal.o(i.HAL_GetREVID), (12 bytes).
    Removing stm32f4xx_hal.o(i.HAL_GetTickFreq), (12 bytes).
    Removing stm32f4xx_hal.o(i.HAL_GetTickPrio), (12 bytes).
    Removing stm32f4xx_hal.o(i.HAL_GetUIDw0), (12 bytes).
    Removing stm32f4xx_hal.o(i.HAL_GetUIDw1), (12 bytes).
    Removing stm32f4xx_hal.o(i.HAL_GetUIDw2), (12 bytes).
    Removing stm32f4xx_hal.o(i.HAL_MspDeInit), (2 bytes).
    Removing stm32f4xx_hal.o(i.HAL_MspInit), (2 bytes).
    Removing stm32f4xx_hal.o(i.HAL_ResumeTick), (14 bytes).
    Removing stm32f4xx_hal.o(i.HAL_SetTickFreq), (36 bytes).
    Removing stm32f4xx_hal.o(i.HAL_SuspendTick), (14 bytes).
    Removing stm32f4xx_hal_exti.o(.rev16_text), (4 bytes).
    Removing stm32f4xx_hal_exti.o(.revsh_text), (4 bytes).
    Removing stm32f4xx_hal_exti.o(.rrx_text), (6 bytes).
    Removing stm32f4xx_hal_exti.o(i.HAL_EXTI_ClearConfigLine), (108 bytes).
    Removing stm32f4xx_hal_exti.o(i.HAL_EXTI_ClearPending), (20 bytes).
    Removing stm32f4xx_hal_exti.o(i.HAL_EXTI_GenerateSWI), (20 bytes).
    Removing stm32f4xx_hal_exti.o(i.HAL_EXTI_GetConfigLine), (148 bytes).
    Removing stm32f4xx_hal_exti.o(i.HAL_EXTI_GetHandle), (12 bytes).
    Removing stm32f4xx_hal_exti.o(i.HAL_EXTI_GetPending), (24 bytes).
    Removing stm32f4xx_hal_exti.o(i.HAL_EXTI_IRQHandler), (36 bytes).
    Removing stm32f4xx_hal_exti.o(i.HAL_EXTI_RegisterCallback), (14 bytes).
    Removing stm32f4xx_hal_exti.o(i.HAL_EXTI_SetConfigLine), (168 bytes).
    Removing stm32f4xx_hal_tim.o(.rev16_text), (4 bytes).
    Removing stm32f4xx_hal_tim.o(.revsh_text), (4 bytes).
    Removing stm32f4xx_hal_tim.o(.rrx_text), (6 bytes).
    Removing stm32f4xx_hal_tim.o(i.HAL_TIM_Base_DeInit), (92 bytes).
    Removing stm32f4xx_hal_tim.o(i.HAL_TIM_Base_GetState), (6 bytes).
    Removing stm32f4xx_hal_tim.o(i.HAL_TIM_Base_Init), (90 bytes).
    Removing stm32f4xx_hal_tim.o(i.HAL_TIM_Base_MspDeInit), (2 bytes).
    Removing stm32f4xx_hal_tim.o(i.HAL_TIM_Base_MspInit), (2 bytes).
    Removing stm32f4xx_hal_tim.o(i.HAL_TIM_Base_Start), (100 bytes).
    Removing stm32f4xx_hal_tim.o(i.HAL_TIM_Base_Start_DMA), (172 bytes).
    Removing stm32f4xx_hal_tim.o(i.HAL_TIM_Base_Stop), (38 bytes).
    Removing stm32f4xx_hal_tim.o(i.HAL_TIM_Base_Stop_DMA), (58 bytes).
    Removing stm32f4xx_hal_tim.o(i.HAL_TIM_Base_Stop_IT), (48 bytes).
    Removing stm32f4xx_hal_tim.o(i.HAL_TIM_ConfigClockSource), (220 bytes).
    Removing stm32f4xx_hal_tim.o(i.HAL_TIM_ConfigOCrefClear), (216 bytes).
    Removing stm32f4xx_hal_tim.o(i.HAL_TIM_ConfigTI1Input), (16 bytes).
    Removing stm32f4xx_hal_tim.o(i.HAL_TIM_DMABurstState), (6 bytes).
    Removing stm32f4xx_hal_tim.o(i.HAL_TIM_DMABurst_MultiReadStart), (332 bytes).
    Removing stm32f4xx_hal_tim.o(i.HAL_TIM_DMABurst_MultiWriteStart), (332 bytes).
    Removing stm32f4xx_hal_tim.o(i.HAL_TIM_DMABurst_ReadStart), (18 bytes).
    Removing stm32f4xx_hal_tim.o(i.HAL_TIM_DMABurst_ReadStop), (106 bytes).
    Removing stm32f4xx_hal_tim.o(i.HAL_TIM_DMABurst_WriteStart), (18 bytes).
    Removing stm32f4xx_hal_tim.o(i.HAL_TIM_DMABurst_WriteStop), (106 bytes).
    Removing stm32f4xx_hal_tim.o(i.HAL_TIM_Encoder_DeInit), (76 bytes).
    Removing stm32f4xx_hal_tim.o(i.HAL_TIM_Encoder_GetState), (6 bytes).
    Removing stm32f4xx_hal_tim.o(i.HAL_TIM_Encoder_Init), (164 bytes).
    Removing stm32f4xx_hal_tim.o(i.HAL_TIM_Encoder_MspDeInit), (2 bytes).
    Removing stm32f4xx_hal_tim.o(i.HAL_TIM_Encoder_MspInit), (2 bytes).
    Removing stm32f4xx_hal_tim.o(i.HAL_TIM_Encoder_Start), (142 bytes).
    Removing stm32f4xx_hal_tim.o(i.HAL_TIM_Encoder_Start_DMA), (428 bytes).
    Removing stm32f4xx_hal_tim.o(i.HAL_TIM_Encoder_Start_IT), (182 bytes).
    Removing stm32f4xx_hal_tim.o(i.HAL_TIM_Encoder_Stop), (102 bytes).
    Removing stm32f4xx_hal_tim.o(i.HAL_TIM_Encoder_Stop_DMA), (172 bytes).
    Removing stm32f4xx_hal_tim.o(i.HAL_TIM_Encoder_Stop_IT), (144 bytes).
    Removing stm32f4xx_hal_tim.o(i.HAL_TIM_ErrorCallback), (2 bytes).
    Removing stm32f4xx_hal_tim.o(i.HAL_TIM_GenerateEvent), (38 bytes).
    Removing stm32f4xx_hal_tim.o(i.HAL_TIM_GetActiveChannel), (4 bytes).
    Removing stm32f4xx_hal_tim.o(i.HAL_TIM_GetChannelState), (34 bytes).
    Removing stm32f4xx_hal_tim.o(i.HAL_TIM_IC_CaptureCallback), (2 bytes).
    Removing stm32f4xx_hal_tim.o(i.HAL_TIM_IC_CaptureHalfCpltCallback), (2 bytes).
    Removing stm32f4xx_hal_tim.o(i.HAL_TIM_IC_ConfigChannel), (286 bytes).
    Removing stm32f4xx_hal_tim.o(i.HAL_TIM_IC_DeInit), (92 bytes).
    Removing stm32f4xx_hal_tim.o(i.HAL_TIM_IC_GetState), (6 bytes).
    Removing stm32f4xx_hal_tim.o(i.HAL_TIM_IC_Init), (90 bytes).
    Removing stm32f4xx_hal_tim.o(i.HAL_TIM_IC_MspDeInit), (2 bytes).
    Removing stm32f4xx_hal_tim.o(i.HAL_TIM_IC_MspInit), (2 bytes).
    Removing stm32f4xx_hal_tim.o(i.HAL_TIM_IC_Start), (204 bytes).
    Removing stm32f4xx_hal_tim.o(i.HAL_TIM_IC_Start_DMA), (436 bytes).
    Removing stm32f4xx_hal_tim.o(i.HAL_TIM_IC_Start_IT), (248 bytes).
    Removing stm32f4xx_hal_tim.o(i.HAL_TIM_IC_Stop), (82 bytes).
    Removing stm32f4xx_hal_tim.o(i.HAL_TIM_IC_Stop_DMA), (160 bytes).
    Removing stm32f4xx_hal_tim.o(i.HAL_TIM_IC_Stop_IT), (146 bytes).
    Removing stm32f4xx_hal_tim.o(i.HAL_TIM_IRQHandler), (358 bytes).
    Removing stm32f4xx_hal_tim.o(i.HAL_TIM_OC_ConfigChannel), (82 bytes).
    Removing stm32f4xx_hal_tim.o(i.HAL_TIM_OC_DeInit), (92 bytes).
    Removing stm32f4xx_hal_tim.o(i.HAL_TIM_OC_DelayElapsedCallback), (2 bytes).
    Removing stm32f4xx_hal_tim.o(i.HAL_TIM_OC_GetState), (6 bytes).
    Removing stm32f4xx_hal_tim.o(i.HAL_TIM_OC_Init), (90 bytes).
    Removing stm32f4xx_hal_tim.o(i.HAL_TIM_OC_MspDeInit), (2 bytes).
    Removing stm32f4xx_hal_tim.o(i.HAL_TIM_OC_MspInit), (2 bytes).
    Removing stm32f4xx_hal_tim.o(i.HAL_TIM_OC_Start), (176 bytes).
    Removing stm32f4xx_hal_tim.o(i.HAL_TIM_OC_Start_DMA), (420 bytes).
    Removing stm32f4xx_hal_tim.o(i.HAL_TIM_OC_Start_IT), (220 bytes).
    Removing stm32f4xx_hal_tim.o(i.HAL_TIM_OC_Stop), (112 bytes).
    Removing stm32f4xx_hal_tim.o(i.HAL_TIM_OC_Stop_DMA), (196 bytes).
    Removing stm32f4xx_hal_tim.o(i.HAL_TIM_OC_Stop_IT), (176 bytes).
    Removing stm32f4xx_hal_tim.o(i.HAL_TIM_OnePulse_ConfigChannel), (230 bytes).
    Removing stm32f4xx_hal_tim.o(i.HAL_TIM_OnePulse_DeInit), (76 bytes).
    Removing stm32f4xx_hal_tim.o(i.HAL_TIM_OnePulse_GetState), (6 bytes).
    Removing stm32f4xx_hal_tim.o(i.HAL_TIM_OnePulse_Init), (86 bytes).
    Removing stm32f4xx_hal_tim.o(i.HAL_TIM_OnePulse_MspDeInit), (2 bytes).
    Removing stm32f4xx_hal_tim.o(i.HAL_TIM_OnePulse_MspInit), (2 bytes).
    Removing stm32f4xx_hal_tim.o(i.HAL_TIM_OnePulse_Start), (104 bytes).
    Removing stm32f4xx_hal_tim.o(i.HAL_TIM_OnePulse_Start_IT), (124 bytes).
    Removing stm32f4xx_hal_tim.o(i.HAL_TIM_OnePulse_Stop), (100 bytes).
    Removing stm32f4xx_hal_tim.o(i.HAL_TIM_OnePulse_Stop_IT), (120 bytes).
    Removing stm32f4xx_hal_tim.o(i.HAL_TIM_PWM_ConfigChannel), (204 bytes).
    Removing stm32f4xx_hal_tim.o(i.HAL_TIM_PWM_DeInit), (92 bytes).
    Removing stm32f4xx_hal_tim.o(i.HAL_TIM_PWM_GetState), (6 bytes).
    Removing stm32f4xx_hal_tim.o(i.HAL_TIM_PWM_Init), (90 bytes).
    Removing stm32f4xx_hal_tim.o(i.HAL_TIM_PWM_MspDeInit), (2 bytes).
    Removing stm32f4xx_hal_tim.o(i.HAL_TIM_PWM_MspInit), (2 bytes).
    Removing stm32f4xx_hal_tim.o(i.HAL_TIM_PWM_PulseFinishedCallback), (2 bytes).
    Removing stm32f4xx_hal_tim.o(i.HAL_TIM_PWM_PulseFinishedHalfCpltCallback), (2 bytes).
    Removing stm32f4xx_hal_tim.o(i.HAL_TIM_PWM_Start), (176 bytes).
    Removing stm32f4xx_hal_tim.o(i.HAL_TIM_PWM_Start_DMA), (420 bytes).
    Removing stm32f4xx_hal_tim.o(i.HAL_TIM_PWM_Start_IT), (220 bytes).
    Removing stm32f4xx_hal_tim.o(i.HAL_TIM_PWM_Stop), (112 bytes).
    Removing stm32f4xx_hal_tim.o(i.HAL_TIM_PWM_Stop_DMA), (196 bytes).
    Removing stm32f4xx_hal_tim.o(i.HAL_TIM_PWM_Stop_IT), (176 bytes).
    Removing stm32f4xx_hal_tim.o(i.HAL_TIM_PeriodElapsedCallback), (2 bytes).
    Removing stm32f4xx_hal_tim.o(i.HAL_TIM_PeriodElapsedHalfCpltCallback), (2 bytes).
    Removing stm32f4xx_hal_tim.o(i.HAL_TIM_ReadCapturedValue), (42 bytes).
    Removing stm32f4xx_hal_tim.o(i.HAL_TIM_SlaveConfigSynchro), (86 bytes).
    Removing stm32f4xx_hal_tim.o(i.HAL_TIM_SlaveConfigSynchro_IT), (86 bytes).
    Removing stm32f4xx_hal_tim.o(i.HAL_TIM_TriggerCallback), (2 bytes).
    Removing stm32f4xx_hal_tim.o(i.HAL_TIM_TriggerHalfCpltCallback), (2 bytes).
    Removing stm32f4xx_hal_tim.o(i.TIM_Base_SetConfig), (152 bytes).
    Removing stm32f4xx_hal_tim.o(i.TIM_CCxChannelCmd), (26 bytes).
    Removing stm32f4xx_hal_tim.o(i.TIM_DMACaptureCplt), (110 bytes).
    Removing stm32f4xx_hal_tim.o(i.TIM_DMACaptureHalfCplt), (56 bytes).
    Removing stm32f4xx_hal_tim.o(i.TIM_DMADelayPulseCplt), (94 bytes).
    Removing stm32f4xx_hal_tim.o(i.TIM_DMADelayPulseHalfCplt), (56 bytes).
    Removing stm32f4xx_hal_tim.o(i.TIM_DMAError), (84 bytes).
    Removing stm32f4xx_hal_tim.o(i.TIM_DMAPeriodElapsedCplt), (22 bytes).
    Removing stm32f4xx_hal_tim.o(i.TIM_DMAPeriodElapsedHalfCplt), (10 bytes).
    Removing stm32f4xx_hal_tim.o(i.TIM_DMATriggerCplt), (22 bytes).
    Removing stm32f4xx_hal_tim.o(i.TIM_DMATriggerHalfCplt), (10 bytes).
    Removing stm32f4xx_hal_tim.o(i.TIM_ETR_SetConfig), (20 bytes).
    Removing stm32f4xx_hal_tim.o(i.TIM_ITRx_SetConfig), (16 bytes).
    Removing stm32f4xx_hal_tim.o(i.TIM_OC1_SetConfig), (80 bytes).
    Removing stm32f4xx_hal_tim.o(i.TIM_OC2_SetConfig), (88 bytes).
    Removing stm32f4xx_hal_tim.o(i.TIM_OC3_SetConfig), (88 bytes).
    Removing stm32f4xx_hal_tim.o(i.TIM_OC4_SetConfig), (68 bytes).
    Removing stm32f4xx_hal_tim.o(i.TIM_SlaveTimer_SetConfig), (140 bytes).
    Removing stm32f4xx_hal_tim.o(i.TIM_TI1_ConfigInputStage), (34 bytes).
    Removing stm32f4xx_hal_tim.o(i.TIM_TI1_SetConfig), (108 bytes).
    Removing stm32f4xx_hal_tim.o(i.TIM_TI2_ConfigInputStage), (36 bytes).
    Removing stm32f4xx_hal_tim.o(i.TIM_TI2_SetConfig), (54 bytes).
    Removing stm32f4xx_hal_tim_ex.o(.rev16_text), (4 bytes).
    Removing stm32f4xx_hal_tim_ex.o(.revsh_text), (4 bytes).
    Removing stm32f4xx_hal_tim_ex.o(.rrx_text), (6 bytes).
    Removing stm32f4xx_hal_tim_ex.o(i.HAL_TIMEx_BreakCallback), (2 bytes).
    Removing stm32f4xx_hal_tim_ex.o(i.HAL_TIMEx_CommutCallback), (2 bytes).
    Removing stm32f4xx_hal_tim_ex.o(i.HAL_TIMEx_CommutHalfCpltCallback), (2 bytes).
    Removing stm32f4xx_hal_tim_ex.o(i.HAL_TIMEx_ConfigBreakDeadTime), (84 bytes).
    Removing stm32f4xx_hal_tim_ex.o(i.HAL_TIMEx_ConfigCommutEvent), (112 bytes).
    Removing stm32f4xx_hal_tim_ex.o(i.HAL_TIMEx_ConfigCommutEvent_DMA), (144 bytes).
    Removing stm32f4xx_hal_tim_ex.o(i.HAL_TIMEx_ConfigCommutEvent_IT), (112 bytes).
    Removing stm32f4xx_hal_tim_ex.o(i.HAL_TIMEx_GetChannelNState), (34 bytes).
    Removing stm32f4xx_hal_tim_ex.o(i.HAL_TIMEx_HallSensor_DeInit), (76 bytes).
    Removing stm32f4xx_hal_tim_ex.o(i.HAL_TIMEx_HallSensor_GetState), (6 bytes).
    Removing stm32f4xx_hal_tim_ex.o(i.HAL_TIMEx_HallSensor_Init), (208 bytes).
    Removing stm32f4xx_hal_tim_ex.o(i.HAL_TIMEx_HallSensor_MspDeInit), (2 bytes).
    Removing stm32f4xx_hal_tim_ex.o(i.HAL_TIMEx_HallSensor_MspInit), (2 bytes).
    Removing stm32f4xx_hal_tim_ex.o(i.HAL_TIMEx_HallSensor_Start), (148 bytes).
    Removing stm32f4xx_hal_tim_ex.o(i.HAL_TIMEx_HallSensor_Start_DMA), (204 bytes).
    Removing stm32f4xx_hal_tim_ex.o(i.HAL_TIMEx_HallSensor_Start_IT), (160 bytes).
    Removing stm32f4xx_hal_tim_ex.o(i.HAL_TIMEx_HallSensor_Stop), (58 bytes).
    Removing stm32f4xx_hal_tim_ex.o(i.HAL_TIMEx_HallSensor_Stop_DMA), (70 bytes).
    Removing stm32f4xx_hal_tim_ex.o(i.HAL_TIMEx_HallSensor_Stop_IT), (68 bytes).
    Removing stm32f4xx_hal_tim_ex.o(i.HAL_TIMEx_MasterConfigSynchronization), (124 bytes).
    Removing stm32f4xx_hal_tim_ex.o(i.HAL_TIMEx_OCN_Start), (172 bytes).
    Removing stm32f4xx_hal_tim_ex.o(i.HAL_TIMEx_OCN_Start_DMA), (372 bytes).
    Removing stm32f4xx_hal_tim_ex.o(i.HAL_TIMEx_OCN_Start_IT), (212 bytes).
    Removing stm32f4xx_hal_tim_ex.o(i.HAL_TIMEx_OCN_Stop), (104 bytes).
    Removing stm32f4xx_hal_tim_ex.o(i.HAL_TIMEx_OCN_Stop_DMA), (168 bytes).
    Removing stm32f4xx_hal_tim_ex.o(i.HAL_TIMEx_OCN_Stop_IT), (170 bytes).
    Removing stm32f4xx_hal_tim_ex.o(i.HAL_TIMEx_OnePulseN_Start), (100 bytes).
    Removing stm32f4xx_hal_tim_ex.o(i.HAL_TIMEx_OnePulseN_Start_IT), (120 bytes).
    Removing stm32f4xx_hal_tim_ex.o(i.HAL_TIMEx_OnePulseN_Stop), (98 bytes).
    Removing stm32f4xx_hal_tim_ex.o(i.HAL_TIMEx_OnePulseN_Stop_IT), (120 bytes).
    Removing stm32f4xx_hal_tim_ex.o(i.HAL_TIMEx_PWMN_Start), (172 bytes).
    Removing stm32f4xx_hal_tim_ex.o(i.HAL_TIMEx_PWMN_Start_DMA), (372 bytes).
    Removing stm32f4xx_hal_tim_ex.o(i.HAL_TIMEx_PWMN_Start_IT), (212 bytes).
    Removing stm32f4xx_hal_tim_ex.o(i.HAL_TIMEx_PWMN_Stop), (104 bytes).
    Removing stm32f4xx_hal_tim_ex.o(i.HAL_TIMEx_PWMN_Stop_DMA), (168 bytes).
    Removing stm32f4xx_hal_tim_ex.o(i.HAL_TIMEx_PWMN_Stop_IT), (170 bytes).
    Removing stm32f4xx_hal_tim_ex.o(i.HAL_TIMEx_RemapConfig), (28 bytes).
    Removing stm32f4xx_hal_tim_ex.o(i.TIMEx_DMACommutationCplt), (16 bytes).
    Removing stm32f4xx_hal_tim_ex.o(i.TIMEx_DMACommutationHalfCplt), (16 bytes).
    Removing stm32f4xx_hal_tim_ex.o(i.TIM_CCxNChannelCmd), (26 bytes).
    Removing stm32f4xx_hal_tim_ex.o(i.TIM_DMADelayPulseNCplt), (94 bytes).
    Removing stm32f4xx_hal_tim_ex.o(i.TIM_DMAErrorCCxN), (62 bytes).
    Removing stm32f4xx_hal_uart.o(.rev16_text), (4 bytes).
    Removing stm32f4xx_hal_uart.o(.revsh_text), (4 bytes).
    Removing stm32f4xx_hal_uart.o(.rrx_text), (6 bytes).
    Removing stm32f4xx_hal_uart.o(i.HAL_HalfDuplex_EnableReceiver), (50 bytes).
    Removing stm32f4xx_hal_uart.o(i.HAL_HalfDuplex_EnableTransmitter), (50 bytes).
    Removing stm32f4xx_hal_uart.o(i.HAL_HalfDuplex_Init), (108 bytes).
    Removing stm32f4xx_hal_uart.o(i.HAL_LIN_Init), (128 bytes).
    Removing stm32f4xx_hal_uart.o(i.HAL_LIN_SendBreak), (60 bytes).
    Removing stm32f4xx_hal_uart.o(i.HAL_MultiProcessor_EnterMuteMode), (60 bytes).
    Removing stm32f4xx_hal_uart.o(i.HAL_MultiProcessor_ExitMuteMode), (60 bytes).
    Removing stm32f4xx_hal_uart.o(i.HAL_MultiProcessor_Init), (142 bytes).
    Removing stm32f4xx_hal_uart.o(i.HAL_UARTEx_ReceiveToIdle), (254 bytes).
    Removing stm32f4xx_hal_uart.o(i.HAL_UARTEx_ReceiveToIdle_DMA), (86 bytes).
    Removing stm32f4xx_hal_uart.o(i.HAL_UARTEx_ReceiveToIdle_IT), (86 bytes).
    Removing stm32f4xx_hal_uart.o(i.HAL_UARTEx_RxEventCallback), (2 bytes).
    Removing stm32f4xx_hal_uart.o(i.HAL_UART_Abort), (210 bytes).
    Removing stm32f4xx_hal_uart.o(i.HAL_UART_AbortCpltCallback), (2 bytes).
    Removing stm32f4xx_hal_uart.o(i.HAL_UART_AbortReceive), (148 bytes).
    Removing stm32f4xx_hal_uart.o(i.HAL_UART_AbortReceiveCpltCallback), (2 bytes).
    Removing stm32f4xx_hal_uart.o(i.HAL_UART_AbortReceive_IT), (152 bytes).
    Removing stm32f4xx_hal_uart.o(i.HAL_UART_AbortTransmit), (98 bytes).
    Removing stm32f4xx_hal_uart.o(i.HAL_UART_AbortTransmitCpltCallback), (2 bytes).
    Removing stm32f4xx_hal_uart.o(i.HAL_UART_AbortTransmit_IT), (104 bytes).
    Removing stm32f4xx_hal_uart.o(i.HAL_UART_Abort_IT), (244 bytes).
    Removing stm32f4xx_hal_uart.o(i.HAL_UART_DMAPause), (146 bytes).
    Removing stm32f4xx_hal_uart.o(i.HAL_UART_DMAResume), (140 bytes).
    Removing stm32f4xx_hal_uart.o(i.HAL_UART_DMAStop), (112 bytes).
    Removing stm32f4xx_hal_uart.o(i.HAL_UART_DeInit), (52 bytes).
    Removing stm32f4xx_hal_uart.o(i.HAL_UART_ErrorCallback), (2 bytes).
    Removing stm32f4xx_hal_uart.o(i.HAL_UART_GetError), (4 bytes).
    Removing stm32f4xx_hal_uart.o(i.HAL_UART_GetState), (10 bytes).
    Removing stm32f4xx_hal_uart.o(i.HAL_UART_IRQHandler), (616 bytes).
    Removing stm32f4xx_hal_uart.o(i.HAL_UART_MspDeInit), (2 bytes).
    Removing stm32f4xx_hal_uart.o(i.HAL_UART_MspInit), (2 bytes).
    Removing stm32f4xx_hal_uart.o(i.HAL_UART_Receive), (192 bytes).
    Removing stm32f4xx_hal_uart.o(i.HAL_UART_Receive_DMA), (42 bytes).
    Removing stm32f4xx_hal_uart.o(i.HAL_UART_Receive_IT), (42 bytes).
    Removing stm32f4xx_hal_uart.o(i.HAL_UART_RxCpltCallback), (2 bytes).
    Removing stm32f4xx_hal_uart.o(i.HAL_UART_RxHalfCpltCallback), (2 bytes).
    Removing stm32f4xx_hal_uart.o(i.HAL_UART_Transmit_DMA), (140 bytes).
    Removing stm32f4xx_hal_uart.o(i.HAL_UART_Transmit_IT), (62 bytes).
    Removing stm32f4xx_hal_uart.o(i.HAL_UART_TxCpltCallback), (2 bytes).
    Removing stm32f4xx_hal_uart.o(i.HAL_UART_TxHalfCpltCallback), (2 bytes).
    Removing stm32f4xx_hal_uart.o(i.UART_DMAAbortOnError), (16 bytes).
    Removing stm32f4xx_hal_uart.o(i.UART_DMAError), (74 bytes).
    Removing stm32f4xx_hal_uart.o(i.UART_DMAReceiveCplt), (130 bytes).
    Removing stm32f4xx_hal_uart.o(i.UART_DMARxAbortCallback), (44 bytes).
    Removing stm32f4xx_hal_uart.o(i.UART_DMARxHalfCplt), (26 bytes).
    Removing stm32f4xx_hal_uart.o(i.UART_DMARxOnlyAbortCallback), (22 bytes).
    Removing stm32f4xx_hal_uart.o(i.UART_DMATransmitCplt), (66 bytes).
    Removing stm32f4xx_hal_uart.o(i.UART_DMATxAbortCallback), (44 bytes).
    Removing stm32f4xx_hal_uart.o(i.UART_DMATxHalfCplt), (10 bytes).
    Removing stm32f4xx_hal_uart.o(i.UART_DMATxOnlyAbortCallback), (20 bytes).
    Removing stm32f4xx_hal_uart.o(i.UART_EndRxTransfer), (78 bytes).
    Removing stm32f4xx_hal_uart.o(i.UART_EndTxTransfer), (28 bytes).
    Removing stm32f4xx_hal_uart.o(i.UART_Receive_IT), (192 bytes).
    Removing stm32f4xx_hal_uart.o(i.UART_Start_Receive_DMA), (148 bytes).
    Removing stm32f4xx_hal_uart.o(i.UART_Start_Receive_IT), (58 bytes).
    Removing system_stm32f4xx.o(.rev16_text), (4 bytes).
    Removing system_stm32f4xx.o(.revsh_text), (4 bytes).
    Removing system_stm32f4xx.o(.rrx_text), (6 bytes).
    Removing system_stm32f4xx.o(i.SystemCoreClockUpdate), (120 bytes).
    Removing wizchip_conf.o(i.ctlnetservice), (54 bytes).
    Removing wizchip_conf.o(i.ctlnetwork), (104 bytes).
    Removing wizchip_conf.o(i.wizchip_arp), (124 bytes).
    Removing wizchip_conf.o(i.wizchip_dad), (80 bytes).
    Removing wizchip_conf.o(i.wizchip_getnetinfo), (188 bytes).
    Removing wizchip_conf.o(i.wizchip_getnetmode), (56 bytes).
    Removing wizchip_conf.o(i.wizchip_getprefix), (188 bytes).
    Removing wizchip_conf.o(i.wizchip_gettimeout), (84 bytes).
    Removing wizchip_conf.o(i.wizchip_ping), (160 bytes).
    Removing wizchip_conf.o(i.wizchip_setnetinfo), (188 bytes).
    Removing wizchip_conf.o(i.wizchip_setnetmode), (60 bytes).
    Removing wizchip_conf.o(i.wizchip_settimeout), (84 bytes).
    Removing wizchip_conf.o(i.wizchip_slaac), (224 bytes).
    Removing wizchip_conf.o(i.wizchip_unsolicited), (68 bytes).
    Removing wizchip_conf.o(.bss), (16 bytes).
    Removing w6100.o(i.wiz_recv_ignore), (92 bytes).
    Removing loopback.o(i.loopback_tcpc), (476 bytes).
    Removing loopback.o(i.loopback_tcps), (432 bytes).
    Removing loopback.o(i.loopback_udps), (280 bytes).
    Removing loopback.o(.bss), (16 bytes).
    Removing loopback.o(.conststring), (37 bytes).
    Removing loopback.o(.data), (24 bytes).
    Removing dhcpv4.o(i.DHCPv4_init), (136 bytes).
    Removing dhcpv4.o(i.DHCPv4_run), (292 bytes).
    Removing dhcpv4.o(i.DHCPv4_stop), (20 bytes).
    Removing dhcpv4.o(i.NibbleToHex), (16 bytes).
    Removing dhcpv4.o(i.check_DHCPv4_leasedIP), (112 bytes).
    Removing dhcpv4.o(i.check_DHCPv4_timeout), (112 bytes).
    Removing dhcpv4.o(i.getDHCPv4Leasetime), (12 bytes).
    Removing dhcpv4.o(i.getDNSfromDHCPv4), (24 bytes).
    Removing dhcpv4.o(i.getGWfromDHCPv4), (24 bytes).
    Removing dhcpv4.o(i.getIPfromDHCPv4), (24 bytes).
    Removing dhcpv4.o(i.getSNfromDHCPv4), (24 bytes).
    Removing dhcpv4.o(i.makeDHCPV4MSG), (208 bytes).
    Removing dhcpv4.o(i.parseDHCPv4MSG), (448 bytes).
    Removing dhcpv4.o(i.reg_dhcpv4_cbfunc), (48 bytes).
    Removing dhcpv4.o(i.reset_DHCPv4_timeout), (20 bytes).
    Removing dhcpv4.o(i.send_DHCPv4_DECLINE), (272 bytes).
    Removing dhcpv4.o(i.send_DHCPv4_DISCOVER), (468 bytes).
    Removing dhcpv4.o(i.send_DHCPv4_REQUEST), (648 bytes).
    Removing dhcpv6.o(i.AppendDhcpOption), (40 bytes).
    Removing dhcpv6.o(i.DHCP_Option_Select), (2 bytes).
    Removing dhcpv6.o(i.DHCP_init), (144 bytes).
    Removing dhcpv6.o(i.DHCP_run), (332 bytes).
    Removing dhcpv6.o(i.DHCP_run2), (104 bytes).
    Removing dhcpv6.o(i.DHCP_stop), (20 bytes).
    Removing dhcpv6.o(i.DHCP_time_handler), (16 bytes).
    Removing dhcpv6.o(i.DumpDhcpOption), (104 bytes).
    Removing dhcpv6.o(i.InitDhcpOption), (16 bytes).
    Removing dhcpv6.o(i.check_DHCP_timeout), (124 bytes).
    Removing dhcpv6.o(i.parseDHCPMSG), (1508 bytes).
    Removing dhcpv6.o(i.reset_DHCP_timeout), (20 bytes).
    Removing dhcpv6.o(i.send_DHCP_INFOREQ), (368 bytes).
    Removing dhcpv6.o(i.send_DHCP_REQUEST), (880 bytes).
    Removing dhcpv6.o(i.send_DHCP_SOLICIT), (392 bytes).
    Removing dhcpv6.o(.bss), (48 bytes).
    Removing dhcpv6.o(.conststring), (190 bytes).
    Removing dhcpv6.o(.data), (96 bytes).
    Removing dhcpv6.o(.data), (8 bytes).
    Removing dhcpv6.o(.data), (1 bytes).
    Removing socket.o(i.ctlsocket), (200 bytes).
    Removing socket.o(i.getsockopt), (432 bytes).
    Removing socket.o(i.listen), (90 bytes).
    Removing socket.o(i.peeksockmsg), (132 bytes).
    Removing socket.o(i.recvfrom), (456 bytes).
    Removing socket.o(i.sendto), (344 bytes).
    Removing socket.o(i.setsockopt), (304 bytes).
    Removing dns.o(i.DNS_init), (16 bytes).
    Removing dns.o(i.DNS_run), (204 bytes).
    Removing dns.o(i.check_DNS_timeout), (40 bytes).
    Removing dns.o(i.dns_answer), (270 bytes).
    Removing dns.o(i.dns_makequery), (188 bytes).
    Removing dns.o(i.dns_question), (30 bytes).
    Removing dns.o(i.get16), (12 bytes).
    Removing dns.o(i.parseDNSMSG), (214 bytes).
    Removing dns.o(i.parse_name), (114 bytes).
    Removing dns.o(i.put16), (12 bytes).
    Removing dns.o(.data), (1 bytes).
    Removing w6x00_spi.o(.rev16_text), (4 bytes).
    Removing w6x00_spi.o(.revsh_text), (4 bytes).
    Removing w6x00_spi.o(.rrx_text), (6 bytes).
    Removing w6x00_spi.o(i.network_initialize), (18 bytes).
    Removing w6x00_spi.o(i.print_network_information), (428 bytes).
    Removing timer.o(.rev16_text), (4 bytes).
    Removing timer.o(.revsh_text), (4 bytes).
    Removing timer.o(.rrx_text), (6 bytes).
    Removing dadd.o(.text), (334 bytes).
    Removing dmul.o(.text), (228 bytes).
    Removing ddiv.o(.text), (222 bytes).
    Removing dfixul.o(.text), (48 bytes).
    Removing cdrcmple.o(.text), (48 bytes).
    Removing depilogue.o(.text), (186 bytes).

573 unused section(s) (total 51617 bytes) removed from the image.
