Component: ARM Compiler 5.06 update 6 (build 750) Tool: armlink [4d35ed]

==============================================================================

Section Cross References

    startup_stm32f411xe.o(RESET) refers to startup_stm32f411xe.o(STACK) for __initial_sp
    startup_stm32f411xe.o(RESET) refers to startup_stm32f411xe.o(.text) for Reset_Handler
    startup_stm32f411xe.o(RESET) refers to stm32f4xx_it.o(i.NMI_Handler) for NMI_Handler
    startup_stm32f411xe.o(RESET) refers to stm32f4xx_it.o(i.HardFault_Handler) for HardFault_Handler
    startup_stm32f411xe.o(RESET) refers to stm32f4xx_it.o(i.MemManage_Handler) for MemManage_Handler
    startup_stm32f411xe.o(RESET) refers to stm32f4xx_it.o(i.BusFault_Handler) for BusFault_Handler
    startup_stm32f411xe.o(RESET) refers to stm32f4xx_it.o(i.UsageFault_Handler) for UsageFault_Handler
    startup_stm32f411xe.o(RESET) refers to stm32f4xx_it.o(i.SVC_Handler) for SVC_Handler
    startup_stm32f411xe.o(RESET) refers to stm32f4xx_it.o(i.DebugMon_Handler) for DebugMon_Handler
    startup_stm32f411xe.o(RESET) refers to stm32f4xx_it.o(i.PendSV_Handler) for PendSV_Handler
    startup_stm32f411xe.o(RESET) refers to stm32f4xx_it.o(i.SysTick_Handler) for SysTick_Handler
    startup_stm32f411xe.o(RESET) refers to stm32f4xx_it.o(i.TIM1_UP_TIM10_IRQHandler) for TIM1_UP_TIM10_IRQHandler
    startup_stm32f411xe.o(.text) refers to system_stm32f4xx.o(i.SystemInit) for SystemInit
    startup_stm32f411xe.o(.text) refers to entry.o(.ARM.Collect$$$$00000000) for __main
    main.o(i.MX_GPIO_Init) refers to memseta.o(.text) for __aeabi_memclr4
    main.o(i.MX_GPIO_Init) refers to stm32f4xx_hal_gpio.o(i.HAL_GPIO_WritePin) for HAL_GPIO_WritePin
    main.o(i.MX_GPIO_Init) refers to stm32f4xx_hal_gpio.o(i.HAL_GPIO_Init) for HAL_GPIO_Init
    main.o(i.MX_SPI1_Init) refers to stm32f4xx_hal_spi.o(i.HAL_SPI_Init) for HAL_SPI_Init
    main.o(i.MX_SPI1_Init) refers to main.o(.bss) for .bss
    main.o(i.MX_TIM1_Init) refers to stm32f4xx_hal_tim.o(i.HAL_TIM_Base_Init) for HAL_TIM_Base_Init
    main.o(i.MX_TIM1_Init) refers to stm32f4xx_hal_tim.o(i.HAL_TIM_ConfigClockSource) for HAL_TIM_ConfigClockSource
    main.o(i.MX_TIM1_Init) refers to stm32f4xx_hal_tim_ex.o(i.HAL_TIMEx_MasterConfigSynchronization) for HAL_TIMEx_MasterConfigSynchronization
    main.o(i.MX_TIM1_Init) refers to main.o(.bss) for .bss
    main.o(i.SystemClock_Config) refers to memseta.o(.text) for __aeabi_memclr4
    main.o(i.SystemClock_Config) refers to stm32f4xx_hal_rcc.o(i.HAL_RCC_OscConfig) for HAL_RCC_OscConfig
    main.o(i.SystemClock_Config) refers to stm32f4xx_hal_rcc.o(i.HAL_RCC_ClockConfig) for HAL_RCC_ClockConfig
    main.o(i.fputc) refers to stm32f4xx_hal_uart.o(i.HAL_UART_Transmit) for HAL_UART_Transmit
    main.o(i.fputc) refers to main.o(.bss) for .bss
    main.o(i.main) refers to stm32f4xx_hal.o(i.HAL_Init) for HAL_Init
    main.o(i.main) refers to main.o(i.SystemClock_Config) for SystemClock_Config
    main.o(i.main) refers to main.o(i.MX_GPIO_Init) for MX_GPIO_Init
    main.o(i.main) refers to main.o(i.MX_SPI1_Init) for MX_SPI1_Init
    main.o(i.main) refers to stm32f4xx_hal_uart.o(i.HAL_UART_Init) for HAL_UART_Init
    main.o(i.main) refers to main.o(i.MX_TIM1_Init) for MX_TIM1_Init
    main.o(i.main) refers to w6x00_spi.o(i.wizchip_spi_initialize) for wizchip_spi_initialize
    main.o(i.main) refers to w6x00_spi.o(i.wizchip_reset) for wizchip_reset
    main.o(i.main) refers to w6x00_spi.o(i.wizchip_initialize) for wizchip_initialize
    main.o(i.main) refers to w6x00_spi.o(i.wizchip_check) for wizchip_check
    main.o(i.main) refers to timer.o(i.wizchip_1ms_timer_initialize) for wizchip_1ms_timer_initialize
    main.o(i.main) refers to memmovea.o(.text) for __aeabi_memcpy
    main.o(i.main) refers to w6x00_spi.o(i.network_initialize) for network_initialize
    main.o(i.main) refers to w6x00_spi.o(i.print_network_information) for print_network_information
    main.o(i.main) refers to loopback.o(i.loopback_tcps) for loopback_tcps
    main.o(i.main) refers to printf8.o(i.__0printf$8) for __2printf
    main.o(i.main) refers to dhcpv4.o(i.DHCPv4_init) for DHCPv4_init
    main.o(i.main) refers to dhcpv4.o(i.reg_dhcpv4_cbfunc) for reg_dhcpv4_cbfunc
    main.o(i.main) refers to dhcpv4.o(i.DHCPv4_run) for DHCPv4_run
    main.o(i.main) refers to dhcpv4.o(i.DHCPv4_stop) for DHCPv4_stop
    main.o(i.main) refers to main.o(.bss) for .bss
    main.o(i.main) refers to main.o(i.repeating_timer_callback) for repeating_timer_callback
    main.o(i.main) refers to main.o(.data) for .data
    main.o(i.main) refers to main.o(i.wizchip_dhcp_conflict) for wizchip_dhcp_conflict
    main.o(i.main) refers to main.o(i.wizchip_dhcp_assign) for wizchip_dhcp_assign
    main.o(i.repeating_timer_callback) refers to dhcpv4.o(i.DHCPv4_time_handler) for DHCPv4_time_handler
    main.o(i.repeating_timer_callback) refers to dns.o(i.DNS_time_handler) for DNS_time_handler
[...]
    ..\Libraries\mbedtls\library\aria.c      0x00000000   Number         0  aria.o ABSOLUTE
    ..\Libraries\mbedtls\library\asn1parse.c 0x00000000   Number         0  asn1parse.o ABSOLUTE
    ..\Libraries\mbedtls\library\asn1write.c 0x00000000   Number         0  asn1write.o ABSOLUTE
    ..\Libraries\mbedtls\library\base64.c    0x00000000   Number         0  base64.o ABSOLUTE
    ..\Libraries\mbedtls\library\bignum.c    0x00000000   Number         0  bignum.o ABSOLUTE
    ..\Libraries\mbedtls\library\blowfish.c  0x00000000   Number         0  blowfish.o ABSOLUTE
    ..\Libraries\mbedtls\library\camellia.c  0x00000000   Number         0  camellia.o ABSOLUTE
    ..\Libraries\mbedtls\library\ccm.c       0x00000000   Number         0  ccm.o ABSOLUTE
    ..\Libraries\mbedtls\library\certs.c     0x00000000   Number         0  certs.o ABSOLUTE
    ..\Libraries\mbedtls\library\chacha20.c  0x00000000   Number         0  chacha20.o ABSOLUTE
    ..\Libraries\mbedtls\library\chachapoly.c 0x00000000   Number         0  chachapoly.o ABSOLUTE
    ..\Libraries\mbedtls\library\cipher.c    0x00000000   Number         0  cipher.o ABSOLUTE
    ..\Libraries\mbedtls\library\cipher_wrap.c 0x00000000   Number         0  cipher_wrap.o ABSOLUTE
    ..\Libraries\mbedtls\library\cmac.c      0x00000000   Number         0  cmac.o ABSOLUTE
    ..\Libraries\mbedtls\library\ctr_drbg.c  0x00000000   Number         0  ctr_drbg.o ABSOLUTE
    ..\Libraries\mbedtls\library\debug.c     0x00000000   Number         0  debug.o ABSOLUTE
    ..\Libraries\mbedtls\library\des.c       0x00000000   Number         0  des.o ABSOLUTE
    ..\Libraries\mbedtls\library\dhm.c       0x00000000   Number         0  dhm.o ABSOLUTE
    ..\Libraries\mbedtls\library\ecdh.c      0x00000000   Number         0  ecdh.o ABSOLUTE
    ..\Libraries\mbedtls\library\ecdsa.c     0x00000000   Number         0  ecdsa.o ABSOLUTE
    ..\Libraries\mbedtls\library\ecjpake.c   0x00000000   Number         0  ecjpake.o ABSOLUTE
    ..\Libraries\mbedtls\library\ecp.c       0x00000000   Number         0  ecp.o ABSOLUTE
    ..\Libraries\mbedtls\library\ecp_curves.c 0x00000000   Number         0  ecp_curves.o ABSOLUTE
    ..\Libraries\mbedtls\library\entropy.c   0x00000000   Number         0  entropy.o ABSOLUTE
    ..\Libraries\mbedtls\library\entropy_poll.c 0x00000000   Number         0  entropy_poll.o ABSOLUTE
    ..\Libraries\mbedtls\library\error.c     0x00000000   Number         0  error.o ABSOLUTE
    ..\Libraries\mbedtls\library\gcm.c       0x00000000   Number         0  gcm.o ABSOLUTE
    ..\Libraries\mbedtls\library\havege.c    0x00000000   Number         0  havege.o ABSOLUTE
    ..\Libraries\mbedtls\library\hkdf.c      0x00000000   Number         0  hkdf.o ABSOLUTE
    ..\Libraries\mbedtls\library\hmac_drbg.c 0x00000000   Number         0  hmac_drbg.o ABSOLUTE
    ..\Libraries\mbedtls\library\md.c        0x00000000   Number         0  md.o ABSOLUTE
    ..\Libraries\mbedtls\library\md2.c       0x00000000   Number         0  md2.o ABSOLUTE
    ..\Libraries\mbedtls\library\md4.c       0x00000000   Number         0  md4.o ABSOLUTE
    ..\Libraries\mbedtls\library\md5.c       0x00000000   Number         0  md5.o ABSOLUTE
    ..\Libraries\mbedtls\library\memory_buffer_alloc.c 0x00000000   Number         0  memory_buffer_alloc.o ABSOLUTE
    ..\Libraries\mbedtls\library\net_sockets.c 0x00000000   Number         0  net_sockets.o ABSOLUTE
    ..\Libraries\mbedtls\library\nist_kw.c   0x00000000   Number         0  nist_kw.o ABSOLUTE
    ..\Libraries\mbedtls\library\oid.c       0x00000000   Number         0  oid.o ABSOLUTE
    ..\Libraries\mbedtls\library\padlock.c   0x00000000   Number         0  padlock.o ABSOLUTE
    ..\Libraries\mbedtls\library\pem.c       0x00000000   Number         0  pem.o ABSOLUTE
    ..\Libraries\mbedtls\library\pk.c        0x00000000   Number         0  pk.o ABSOLUTE
    ..\Libraries\mbedtls\library\pk_wrap.c   0x00000000   Number         0  pk_wrap.o ABSOLUTE
    ..\Libraries\mbedtls\library\pkcs11.c    0x00000000   Number         0  pkcs11.o ABSOLUTE
    ..\Libraries\mbedtls\library\pkcs12.c    0x00000000   Number         0  pkcs12.o ABSOLUTE
    ..\Libraries\mbedtls\library\pkcs5.c     0x00000000   Number         0  pkcs5.o ABSOLUTE
    ..\Libraries\mbedtls\library\pkparse.c   0x00000000   Number         0  pkparse.o ABSOLUTE
    ..\Libraries\mbedtls\library\pkwrite.c   0x00000000   Number         0  pkwrite.o ABSOLUTE
    ..\Libraries\mbedtls\library\platform.c  0x00000000   Number         0  platform.o ABSOLUTE
    ..\Libraries\mbedtls\library\platform_util.c 0x00000000   Number         0  platform_util.o ABSOLUTE
    ..\Libraries\mbedtls\library\poly1305.c  0x00000000   Number         0  poly1305.o ABSOLUTE
    ..\Libraries\mbedtls\library\psa_crypto.c 0x00000000   Number         0  psa_crypto.o ABSOLUTE
    ..\Libraries\mbedtls\library\psa_crypto_driver_wrappers.c 0x00000000   Number         0  psa_crypto_driver_wrappers.o ABSOLUTE
    ..\Libraries\mbedtls\library\psa_crypto_se.c 0x00000000   Number         0  psa_crypto_se.o ABSOLUTE
    ..\Libraries\mbedtls\library\psa_crypto_slot_management.c 0x00000000   Number         0  psa_crypto_slot_management.o ABSOLUTE
    ..\Libraries\mbedtls\library\psa_crypto_storage.c 0x00000000   Number         0  psa_crypto_storage.o ABSOLUTE
    ..\Libraries\mbedtls\library\psa_its_file.c 0x00000000   Number         0  psa_its_file.o ABSOLUTE
    ..\Libraries\mbedtls\library\ripemd160.c 0x00000000   Number         0  ripemd160.o ABSOLUTE
    ..\Libraries\mbedtls\library\rsa.c       0x00000000   Number         0  rsa.o ABSOLUTE
    ..\Libraries\mbedtls\library\rsa_internal.c 0x00000000   Number         0  rsa_internal.o ABSOLUTE
    ..\Libraries\mbedtls\library\sha1.c      0x00000000   Number         0  sha1.o ABSOLUTE
    ..\Libraries\mbedtls\library\sha256.c    0x00000000   Number         0  sha256.o ABSOLUTE
    ..\Libraries\mbedtls\library\sha512.c    0x00000000   Number         0  sha512.o ABSOLUTE
    ..\Libraries\mbedtls\library\ssl_cache.c 0x00000000   Number         0  ssl_cache.o ABSOLUTE
    ..\Libraries\mbedtls\library\ssl_ciphersuites.c 0x00000000   Number         0  ssl_ciphersuites.o ABSOLUTE
    ..\Libraries\mbedtls\library\ssl_cli.c   0x00000000   Number         0  ssl_cli.o ABSOLUTE
    ..\Libraries\mbedtls\library\ssl_cookie.c 0x00000000   Number         0  ssl_cookie.o ABSOLUTE
    ..\Libraries\mbedtls\library\ssl_msg.c   0x00000000   Number         0  ssl_msg.o ABSOLUTE
    ..\Libraries\mbedtls\library\ssl_srv.c   0x00000000   Number         0  ssl_srv.o ABSOLUTE
    ..\Libraries\mbedtls\library\ssl_ticket.c 0x00000000   Number         0  ssl_ticket.o ABSOLUTE
    ..\Libraries\mbedtls\library\ssl_tls.c   0x00000000   Number         0  ssl_tls.o ABSOLUTE
    ..\Libraries\mbedtls\library\ssl_tls13_keys.c 0x00000000   Number         0  ssl_tls13_keys.o ABSOLUTE
    ..\Libraries\mbedtls\library\threading.c 0x00000000   Number         0  threading.o ABSOLUTE
    ..\Libraries\mbedtls\library\timing.c    0x00000000   Number         0  timing.o ABSOLUTE
    ..\Libraries\mbedtls\library\version.c   0x00000000   Number         0  version.o ABSOLUTE
    ..\Libraries\mbedtls\library\version_features.c 0x00000000   Number         0  version_features.o ABSOLUTE
    ..\Libraries\mbedtls\library\x509.c      0x00000000   Number         0  x509.o ABSOLUTE
    ..\Libraries\mbedtls\library\x509_create.c 0x00000000   Number         0  x509_create.o ABSOLUTE
    ..\Libraries\mbedtls\library\x509_crl.c  0x00000000   Number         0  x509_crl.o ABSOLUTE
    ..\Libraries\mbedtls\library\x509_crt.c  0x00000000   Number         0  x509_crt.o ABSOLUTE
    ..\Libraries\mbedtls\library\x509_csr.c  0x00000000   Number         0  x509_csr.o ABSOLUTE
    ..\Libraries\mbedtls\library\x509write_crt.c 0x00000000   Number         0  x509write_crt.o ABSOLUTE
    ..\Libraries\mbedtls\library\x509write_csr.c 0x00000000   Number         0  x509write_csr.o ABSOLUTE
    ..\Libraries\mbedtls\library\xtea.c      0x00000000   Number         0  xtea.o ABSOLUTE
    ..\Port\io6Library\src\w6x00_spi.c       0x00000000   Number         0  w6x00_spi.o ABSOLUTE
    ..\Port\timer\timer.c                    0x00000000   Number         0  timer.o ABSOLUTE
    ..\\Port\\io6Library\\src\\w6x00_spi.c   0x00000000   Number         0  w6x00_spi.o ABSOLUTE
    ..\\Port\\timer\\timer.c                 0x00000000   Number         0  timer.o ABSOLUTE
    cdrcmple.s                               0x00000000   Number         0  cdrcmple.o ABSOLUTE
    dc.s                                     0x00000000   Number         0  dc.o ABSOLUTE
    handlers.s                               0x00000000   Number         0  handlers.o ABSOLUTE
    init.s                                   0x00000000   Number         0  init.o ABSOLUTE
    startup_stm32f411xe.s                    0x00000000   Number         0  startup_stm32f411xe.o ABSOLUTE
    RESET                                    0x08000000   Section      408  startup_stm32f411xe.o(RESET)
    .ARM.Collect$$$$00000000                 0x08000198   Section        0  entry.o(.ARM.Collect$$$$00000000)
    .ARM.Collect$$$$00000001                 0x08000198   Section        4  entry2.o(.ARM.Collect$$$$00000001)
    .ARM.Collect$$$$00000004                 0x0800019c   Section        4  entry5.o(.ARM.Collect$$$$00000004)
    .ARM.Collect$$$$00000008                 0x080001a0   Section        0  entry7b.o(.ARM.Collect$$$$00000008)
    .ARM.Collect$$$$0000000A                 0x080001a0   Section        0  entry8b.o(.ARM.Collect$$$$0000000A)
    .ARM.Collect$$$$0000000B                 0x080001a0   Section        8  entry9a.o(.ARM.Collect$$$$0000000B)
    .ARM.Collect$$$$0000000D                 0x080001a8   Section        0  entry10a.o(.ARM.Collect$$$$0000000D)
    .ARM.Collect$$$$0000000F                 0x080001a8   Section        0  entry11a.o(.ARM.Collect$$$$0000000F)
    .ARM.Collect$$$$00002712                 0x080001a8   Section        4  entry2.o(.ARM.Collect$$$$00002712)
    __lit__00000000                          0x080001a8   Data           4  entry2.o(.ARM.Collect$$$$00002712)
    .text                                    0x080001ac   Section       36  startup_stm32f411xe.o(.text)
    $v0                                      0x080001ac   Number         0  startup_stm32f411xe.o(.text)
    .text                                    0x080001d0   Section        0  uldiv.o(.text)
    .text                                    0x08000232   Section        0  memmovea.o(.text)
    .text                                    0x08000272   Section        0  memseta.o(.text)
    .text                                    0x08000296   Section        0  llshl.o(.text)
    .text                                    0x080002b4   Section        0  llushr.o(.text)
    .text                                    0x080002d4   Section       36  init.o(.text)
    .text                                    0x080002f8   Section        0  __dczerorl2.o(.text)
    i.BusFault_Handler                       0x0800034e   Section        0  stm32f4xx_it.o(i.BusFault_Handler)
    i.DHCPv4_init                            0x08000350   Section        0  dhcpv4.o(i.DHCPv4_init)
    i.DHCPv4_run                             0x080003d8   Section        0  dhcpv4.o(i.DHCPv4_run)
    i.DHCPv4_stop                            0x080005f8   Section        0  dhcpv4.o(i.DHCPv4_stop)
    i.DHCPv4_time_handler                    0x0800060c   Section        0  dhcpv4.o(i.DHCPv4_time_handler)
    i.DNS_time_handler                       0x0800061c   Section        0  dns.o(i.DNS_time_handler)
    i.DebugMon_Handler                       0x0800062c   Section        0  stm32f4xx_it.o(i.DebugMon_Handler)
    i.HAL_GPIO_Init                          0x08000630   Section        0  stm32f4xx_hal_gpio.o(i.HAL_GPIO_Init)
    i.HAL_GPIO_WritePin                      0x08000810   Section        0  stm32f4xx_hal_gpio.o(i.HAL_GPIO_WritePin)
    i.HAL_GetTick                            0x0800081c   Section        0  stm32f4xx_hal.o(i.HAL_GetTick)
    i.HAL_IncTick                            0x08000828   Section        0  stm32f4xx_hal.o(i.HAL_IncTick)
    i.HAL_Init                               0x08000838   Section        0  stm32f4xx_hal.o(i.HAL_Init)
    i.HAL_InitTick                           0x0800086c   Section        0  stm32f4xx_hal.o(i.HAL_InitTick)
    i.HAL_MspInit                            0x080008ac   Section        0  stm32f4xx_hal_msp.o(i.HAL_MspInit)
    i.HAL_NVIC_EnableIRQ                     0x080008e0   Section        0  stm32f4xx_hal_cortex.o(i.HAL_NVIC_EnableIRQ)
    i.HAL_NVIC_SetPriority                   0x080008fc   Section        0  stm32f4xx_hal_cortex.o(i.HAL_NVIC_SetPriority)
    i.HAL_NVIC_SetPriorityGrouping           0x0800093c   Section        0  stm32f4xx_hal_cortex.o(i.HAL_NVIC_SetPriorityGrouping)
    i.HAL_RCC_ClockConfig                    0x08000960   Section        0  stm32f4xx_hal_rcc.o(i.HAL_RCC_ClockConfig)
    i.HAL_RCC_GetPCLK1Freq                   0x08000a94   Section        0  stm32f4xx_hal_rcc.o(i.HAL_RCC_GetPCLK1Freq)
    i.HAL_RCC_GetPCLK2Freq                   0x08000ab4   Section        0  stm32f4xx_hal_rcc.o(i.HAL_RCC_GetPCLK2Freq)
    i.HAL_RCC_GetSysClockFreq                0x08000ad4   Section        0  stm32f4xx_hal_rcc.o(i.HAL_RCC_GetSysClockFreq)
    i.HAL_RCC_OscConfig                      0x08000b34   Section        0  stm32f4xx_hal_rcc.o(i.HAL_RCC_OscConfig)
    i.HAL_SPI_GetState                       0x08000ea0   Section        0  stm32f4xx_hal_spi.o(i.HAL_SPI_GetState)
    i.HAL_SPI_Init                           0x08000ea6   Section        0  stm32f4xx_hal_spi.o(i.HAL_SPI_Init)
    i.HAL_SPI_MspInit                        0x08000f64   Section        0  stm32f4xx_hal_msp.o(i.HAL_SPI_MspInit)
    i.HAL_SPI_TransmitReceive                0x08000fcc   Section        0  stm32f4xx_hal_spi.o(i.HAL_SPI_TransmitReceive)
    i.HAL_SYSTICK_Config                     0x080011ae   Section        0  stm32f4xx_hal_cortex.o(i.HAL_SYSTICK_Config)
    i.HAL_TIMEx_BreakCallback                0x080011d6   Section        0  stm32f4xx_hal_tim_ex.o(i.HAL_TIMEx_BreakCallback)
    i.HAL_TIMEx_CommutCallback               0x080011d8   Section        0  stm32f4xx_hal_tim_ex.o(i.HAL_TIMEx_CommutCallback)
    i.HAL_TIMEx_MasterConfigSynchronization  0x080011dc   Section        0  stm32f4xx_hal_tim_ex.o(i.HAL_TIMEx_MasterConfigSynchronization)
    i.HAL_TIM_Base_Init                      0x08001258   Section        0  stm32f4xx_hal_tim.o(i.HAL_TIM_Base_Init)
    i.HAL_TIM_Base_MspInit                   0x080012b4   Section        0  stm32f4xx_hal_msp.o(i.HAL_TIM_Base_MspInit)
    i.HAL_TIM_Base_Start_IT                  0x080012f0   Section        0  stm32f4xx_hal_tim.o(i.HAL_TIM_Base_Start_IT)
    i.HAL_TIM_ConfigClockSource              0x0800135c   Section        0  stm32f4xx_hal_tim.o(i.HAL_TIM_ConfigClockSource)
    i.HAL_TIM_IC_CaptureCallback             0x08001438   Section        0  stm32f4xx_hal_tim.o(i.HAL_TIM_IC_CaptureCallback)
    i.HAL_TIM_IRQHandler                     0x0800143a   Section        0  stm32f4xx_hal_tim.o(i.HAL_TIM_IRQHandler)
    i.HAL_TIM_OC_DelayElapsedCallback        0x080015a0   Section        0  stm32f4xx_hal_tim.o(i.HAL_TIM_OC_DelayElapsedCallback)
    i.HAL_TIM_PWM_PulseFinishedCallback      0x080015a2   Section        0  stm32f4xx_hal_tim.o(i.HAL_TIM_PWM_PulseFinishedCallback)
    i.HAL_TIM_PeriodElapsedCallback          0x080015a4   Section        0  stm32f4xx_hal_tim.o(i.HAL_TIM_PeriodElapsedCallback)
    i.HAL_TIM_TriggerCallback                0x080015a6   Section        0  stm32f4xx_hal_tim.o(i.HAL_TIM_TriggerCallback)
    i.HAL_UART_Init                          0x080015a8   Section        0  stm32f4xx_hal_uart.o(i.HAL_UART_Init)
    i.HAL_UART_MspInit                       0x0800160c   Section        0  stm32f4xx_hal_msp.o(i.HAL_UART_MspInit)
    i.HAL_UART_Transmit                      0x08001674   Section        0  stm32f4xx_hal_uart.o(i.HAL_UART_Transmit)
    i.HardFault_Handler                      0x08001726   Section        0  stm32f4xx_it.o(i.HardFault_Handler)
    i.MX_GPIO_Init                           0x08001728   Section        0  main.o(i.MX_GPIO_Init)
    MX_GPIO_Init                             0x08001729   Thumb Code   138  main.o(i.MX_GPIO_Init)
    i.MX_SPI1_Init                           0x080017c0   Section        0  main.o(i.MX_SPI1_Init)
    MX_SPI1_Init                             0x080017c1   Thumb Code    56  main.o(i.MX_SPI1_Init)
    i.MX_TIM1_Init                           0x08001800   Section        0  main.o(i.MX_TIM1_Init)
    MX_TIM1_Init                             0x08001801   Thumb Code    98  main.o(i.MX_TIM1_Init)
    i.MemManage_Handler                      0x0800186c   Section        0  stm32f4xx_it.o(i.MemManage_Handler)
    i.NMI_Handler                            0x0800186e   Section        0  stm32f4xx_it.o(i.NMI_Handler)
    i.NibbleToHex                            0x08001870   Section        0  dhcpv4.o(i.NibbleToHex)
    i.PendSV_Handler                         0x08001880   Section        0  stm32f4xx_it.o(i.PendSV_Handler)
    i.SPI_EndRxTxTransaction                 0x08001884   Section        0  stm32f4xx_hal_spi.o(i.SPI_EndRxTxTransaction)
    SPI_EndRxTxTransaction                   0x08001885   Thumb Code    80  stm32f4xx_hal_spi.o(i.SPI_EndRxTxTransaction)
    i.SPI_WaitFlagStateUntilTimeout          0x080018dc   Section        0  stm32f4xx_hal_spi.o(i.SPI_WaitFlagStateUntilTimeout)
    SPI_WaitFlagStateUntilTimeout            0x080018dd   Thumb Code   180  stm32f4xx_hal_spi.o(i.SPI_WaitFlagStateUntilTimeout)
    i.SVC_Handler                            0x08001994   Section        0  stm32f4xx_it.o(i.SVC_Handler)
    i.SysTick_Handler                        0x08001996   Section        0  stm32f4xx_it.o(i.SysTick_Handler)
    i.SystemClock_Config                     0x0800199c   Section        0  main.o(i.SystemClock_Config)
    i.SystemInit                             0x08001a2c   Section        0  system_stm32f4xx.o(i.SystemInit)
    i.TIM1_UP_TIM10_IRQHandler               0x08001a3c   Section        0  stm32f4xx_it.o(i.TIM1_UP_TIM10_IRQHandler)
    i.TIM_Base_SetConfig                     0x08001a48   Section        0  stm32f4xx_hal_tim.o(i.TIM_Base_SetConfig)
    i.TIM_ETR_SetConfig                      0x08001ae0   Section        0  stm32f4xx_hal_tim.o(i.TIM_ETR_SetConfig)
    i.TIM_ITRx_SetConfig                     0x08001af4   Section        0  stm32f4xx_hal_tim.o(i.TIM_ITRx_SetConfig)
    TIM_ITRx_SetConfig                       0x08001af5   Thumb Code    16  stm32f4xx_hal_tim.o(i.TIM_ITRx_SetConfig)
    i.TIM_TI1_ConfigInputStage               0x08001b04   Section        0  stm32f4xx_hal_tim.o(i.TIM_TI1_ConfigInputStage)
    TIM_TI1_ConfigInputStage                 0x08001b05   Thumb Code    34  stm32f4xx_hal_tim.o(i.TIM_TI1_ConfigInputStage)
    i.TIM_TI2_ConfigInputStage               0x08001b26   Section        0  stm32f4xx_hal_tim.o(i.TIM_TI2_ConfigInputStage)
    TIM_TI2_ConfigInputStage                 0x08001b27   Thumb Code    36  stm32f4xx_hal_tim.o(i.TIM_TI2_ConfigInputStage)
    i.UART_SetConfig                         0x08001b4c   Section        0  stm32f4xx_hal_uart.o(i.UART_SetConfig)
    UART_SetConfig                           0x08001b4d   Thumb Code   258  stm32f4xx_hal_uart.o(i.UART_SetConfig)
    i.UART_WaitOnFlagUntilTimeout            0x08001c58   Section        0  stm32f4xx_hal_uart.o(i.UART_WaitOnFlagUntilTimeout)
    UART_WaitOnFlagUntilTimeout              0x08001c59   Thumb Code   120  stm32f4xx_hal_uart.o(i.UART_WaitOnFlagUntilTimeout)
    i.UsageFault_Handler                     0x08001cd0   Section        0  stm32f4xx_it.o(i.UsageFault_Handler)
    i.WIZCHIP_READ                           0x08001cd4   Section        0  w6100.o(i.WIZCHIP_READ)
    i.WIZCHIP_READ_BUF                       0x08001d18   Section        0  w6100.o(i.WIZCHIP_READ_BUF)
    i.WIZCHIP_WRITE                          0x08001d60   Section        0  w6100.o(i.WIZCHIP_WRITE)
    i.WIZCHIP_WRITE_BUF                      0x08001da4   Section        0  w6100.o(i.WIZCHIP_WRITE_BUF)
    i.__0printf$8                            0x08001df0   Section        0  printf8.o(i.__0printf$8)
    i.__NVIC_SetPriority                     0x08001e10   Section        0  stm32f4xx_hal_cortex.o(i.__NVIC_SetPriority)
    __NVIC_SetPriority                       0x08001e11   Thumb Code    32  stm32f4xx_hal_cortex.o(i.__NVIC_SetPriority)
    i.__scatterload_copy                     0x08001e30   Section       14  handlers.o(i.__scatterload_copy)
    i.__scatterload_null                     0x08001e3e   Section        2  handlers.o(i.__scatterload_null)
    i.__scatterload_zeroinit                 0x08001e40   Section       14  handlers.o(i.__scatterload_zeroinit)
    i._printf_core                           0x08001e50   Section        0  printf8.o(i._printf_core)
    _printf_core                             0x08001e51   Thumb Code   996  printf8.o(i._printf_core)
    i._printf_post_padding                   0x08002260   Section        0  printf8.o(i._printf_post_padding)
    _printf_post_padding                     0x08002261   Thumb Code    36  printf8.o(i._printf_post_padding)
    i._printf_pre_padding                    0x08002284   Section        0  printf8.o(i._printf_pre_padding)
    _printf_pre_padding                      0x08002285   Thumb Code    46  printf8.o(i._printf_pre_padding)
    i.check_DHCPv4_leasedIP                  0x080022b4   Section        0  dhcpv4.o(i.check_DHCPv4_leasedIP)
    i.check_DHCPv4_timeout                   0x08002348   Section        0  dhcpv4.o(i.check_DHCPv4_timeout)
    i.close                                  0x080023b8   Section        0  socket.o(i.close)
    i.ctlnetwork                             0x0800242c   Section        0  wizchip_conf.o(i.ctlnetwork)
    i.ctlsocket                              0x08002494   Section        0  socket.o(i.ctlsocket)
    i.ctlwizchip                             0x0800255c   Section        0  wizchip_conf.o(i.ctlwizchip)
    i.default_ipv4_assign                    0x08002720   Section        0  dhcpv4.o(i.default_ipv4_assign)
    i.default_ipv4_conflict                  0x08002758   Section        0  dhcpv4.o(i.default_ipv4_conflict)
    i.default_ipv4_update                    0x08002784   Section        0  dhcpv4.o(i.default_ipv4_update)
    i.disconnect                             0x080027b4   Section        0  socket.o(i.disconnect)
    i.fputc                                  0x08002844   Section        0  main.o(i.fputc)
    i.getDHCPv4Leasetime                     0x08002860   Section        0  dhcpv4.o(i.getDHCPv4Leasetime)
    i.getDNSfromDHCPv4                       0x0800286c   Section        0  dhcpv4.o(i.getDNSfromDHCPv4)
    i.getGWfromDHCPv4                        0x08002884   Section        0  dhcpv4.o(i.getGWfromDHCPv4)
    i.getIPfromDHCPv4                        0x0800289c   Section        0  dhcpv4.o(i.getIPfromDHCPv4)
    i.getSNfromDHCPv4                        0x080028b4   Section        0  dhcpv4.o(i.getSNfromDHCPv4)
    i.getSn_RX_RSR                           0x080028cc   Section        0  w6100.o(i.getSn_RX_RSR)
    i.getSn_TX_FSR                           0x08002908   Section        0  w6100.o(i.getSn_TX_FSR)
    i.getsockopt                             0x08002944   Section        0  socket.o(i.getsockopt)
    i.listen                                 0x08002af4   Section        0  socket.o(i.listen)
    i.loopback_tcps                          0x08002b50   Section        0  loopback.o(i.loopback_tcps)
    i.main                                   0x08002d00   Section        0  main.o(i.main)
    i.makeDHCPV4MSG                          0x08002ec0   Section        0  dhcpv4.o(i.makeDHCPV4MSG)
    i.network_initialize                     0x08002f90   Section        0  w6x00_spi.o(i.network_initialize)
    i.parseDHCPv4MSG                         0x08002fb0   Section        0  dhcpv4.o(i.parseDHCPv4MSG)
    i.print_ipv6_addr                        0x0800323c   Section        0  w6x00_spi.o(i.print_ipv6_addr)
    i.print_network_information              0x080032bc   Section        0  w6x00_spi.o(i.print_network_information)
    i.recv                                   0x08003520   Section        0  socket.o(i.recv)
    i.recvfrom                               0x080035bc   Section        0  socket.o(i.recvfrom)
    i.reg_dhcpv4_cbfunc                      0x08003784   Section        0  dhcpv4.o(i.reg_dhcpv4_cbfunc)
    i.reg_wizchip_cs_cbfunc                  0x080037b4   Section        0  wizchip_conf.o(i.reg_wizchip_cs_cbfunc)
    i.reg_wizchip_spi_cbfunc                 0x080037d4   Section        0  wizchip_conf.o(i.reg_wizchip_spi_cbfunc)
    i.repeating_timer_callback               0x080037fc   Section        0  main.o(i.repeating_timer_callback)
    repeating_timer_callback                 0x080037fd   Thumb Code    38  main.o(i.repeating_timer_callback)
    i.reset_DHCPv4_timeout                   0x08003828   Section        0  dhcpv4.o(i.reset_DHCPv4_timeout)
    i.send                                   0x0800383c   Section        0  socket.o(i.send)
    i.send_DHCPv4_DECLINE                    0x0800392c   Section        0  dhcpv4.o(i.send_DHCPv4_DECLINE)
    i.send_DHCPv4_DISCOVER                   0x08003a5c   Section        0  dhcpv4.o(i.send_DHCPv4_DISCOVER)
    i.send_DHCPv4_REQUEST                    0x08003c50   Section        0  dhcpv4.o(i.send_DHCPv4_REQUEST)
    i.sendto                                 0x08003ef8   Section        0  socket.o(i.sendto)
    i.socket                                 0x08004090   Section        0  socket.o(i.socket)
    i.wiz_recv_data                          0x0800425c   Section        0  w6100.o(i.wiz_recv_data)
    i.wiz_send_data                          0x080042c0   Section        0  w6100.o(i.wiz_send_data)
    i.wizchip_1ms_timer_initialize           0x0800431c   Section        0  timer.o(i.wizchip_1ms_timer_initialize)
    i.wizchip_check                          0x08004330   Section        0  w6x00_spi.o(i.wizchip_check)
    i.wizchip_clrinterrupt                   0x080043a4   Section        0  wizchip_conf.o(i.wizchip_clrinterrupt)
    i.wizchip_cris_enter                     0x080043ec   Section        0  wizchip_conf.o(i.wizchip_cris_enter)
    i.wizchip_cris_exit                      0x080043ee   Section        0  wizchip_conf.o(i.wizchip_cris_exit)
    i.wizchip_cs_deselect                    0x080043f0   Section        0  wizchip_conf.o(i.wizchip_cs_deselect)
    i.wizchip_cs_select                      0x080043f2   Section        0  wizchip_conf.o(i.wizchip_cs_select)
    i.wizchip_deselect                       0x080043f4   Section        0  w6x00_spi.o(i.wizchip_deselect)
    wizchip_deselect                         0x080043f5   Thumb Code    10  w6x00_spi.o(i.wizchip_deselect)
    i.wizchip_dhcp_assign                    0x08004404   Section        0  main.o(i.wizchip_dhcp_assign)
    wizchip_dhcp_assign                      0x08004405   Thumb Code   126  main.o(i.wizchip_dhcp_assign)
    i.wizchip_dhcp_conflict                  0x080044ac   Section        0  main.o(i.wizchip_dhcp_conflict)
    wizchip_dhcp_conflict                    0x080044ad   Thumb Code     8  main.o(i.wizchip_dhcp_conflict)
    i.wizchip_getinterrupt                   0x080044cc   Section        0  wizchip_conf.o(i.wizchip_getinterrupt)
    i.wizchip_getinterruptmask               0x080044f4   Section        0  wizchip_conf.o(i.wizchip_getinterruptmask)
    i.wizchip_getnetinfo                     0x08004520   Section        0  wizchip_conf.o(i.wizchip_getnetinfo)
    i.wizchip_getnetmode                     0x080045dc   Section        0  wizchip_conf.o(i.wizchip_getnetmode)
    i.wizchip_gettimeout                     0x08004614   Section        0  wizchip_conf.o(i.wizchip_gettimeout)
    i.wizchip_init                           0x08004668   Section        0  wizchip_conf.o(i.wizchip_init)
    i.wizchip_initialize                     0x080046e8   Section        0  w6x00_spi.o(i.wizchip_initialize)
    i.wizchip_read                           0x08004794   Section        0  w6x00_spi.o(i.wizchip_read)
    wizchip_read                             0x08004795   Thumb Code    46  w6x00_spi.o(i.wizchip_read)
    i.wizchip_reset                          0x080047c8   Section        0  w6x00_spi.o(i.wizchip_reset)
    i.wizchip_select                         0x080047cc   Section        0  w6x00_spi.o(i.wizchip_select)
    wizchip_select                           0x080047cd   Thumb Code    10  w6x00_spi.o(i.wizchip_select)
    i.wizchip_setinterruptmask               0x080047dc   Section        0  wizchip_conf.o(i.wizchip_setinterruptmask)
    i.wizchip_setnetinfo                     0x08004810   Section        0  wizchip_conf.o(i.wizchip_setnetinfo)
    i.wizchip_setnetmode                     0x080048cc   Section        0  wizchip_conf.o(i.wizchip_setnetmode)
    i.wizchip_settimeout                     0x08004908   Section        0  wizchip_conf.o(i.wizchip_settimeout)
    i.wizchip_spi_initialize                 0x0800495c   Section        0  w6x00_spi.o(i.wizchip_spi_initialize)
    i.wizchip_spi_read                       0x0800495e   Section        0  wizchip_conf.o(i.wizchip_spi_read)
    i.wizchip_spi_read_buf                   0x08004964   Section        0  wizchip_conf.o(i.wizchip_spi_read_buf)
    i.wizchip_spi_write                      0x0800498c   Section        0  wizchip_conf.o(i.wizchip_spi_write)
    i.wizchip_spi_write_buf                  0x08004990   Section        0  wizchip_conf.o(i.wizchip_spi_write_buf)
    i.wizchip_sw_reset                       0x080049b8   Section        0  wizchip_conf.o(i.wizchip_sw_reset)
    i.wizchip_write                          0x08004ae8   Section        0  w6x00_spi.o(i.wizchip_write)
    wizchip_write                            0x08004ae9   Thumb Code    32  w6x00_spi.o(i.wizchip_write)
    i.wizphy_getphyconf                      0x08004b0c   Section        0  wizchip_conf.o(i.wizphy_getphyconf)
    i.wizphy_getphylink                      0x08004b48   Section        0  wizchip_conf.o(i.wizphy_getphylink)
    i.wizphy_getphypmode                     0x08004b58   Section        0  wizchip_conf.o(i.wizphy_getphypmode)
    i.wizphy_getphystatus                    0x08004b70   Section        0  wizchip_conf.o(i.wizphy_getphystatus)
    i.wizphy_reset                           0x08004bac   Section        0  wizchip_conf.o(i.wizphy_reset)
    i.wizphy_setphyconf                      0x08004be0   Section        0  wizchip_conf.o(i.wizphy_setphyconf)
    i.wizphy_setphypmode                     0x08004c3c   Section        0  wizchip_conf.o(i.wizphy_setphypmode)
    .constdata                               0x08004c64   Section       16  system_stm32f4xx.o(.constdata)
    .constdata                               0x08004c74   Section        8  system_stm32f4xx.o(.constdata)
    .constdata                               0x08004c7c   Section       16  w6x00_spi.o(.constdata)
    .conststring                             0x08004c8c   Section       37  loopback.o(.conststring)
    .data                                    0x20000000   Section      105  main.o(.data)
    g_msec_cnt                               0x20000000   Data           2  main.o(.data)
    g_net_info                               0x20000002   Data         103  main.o(.data)
    .data                                    0x2000006c   Section       12  stm32f4xx_hal.o(.data)
    .data                                    0x20000078   Section        4  system_stm32f4xx.o(.data)
    .data                                    0x2000007c   Section       48  wizchip_conf.o(.data)
    _IPMODE_                                 0x2000007c   Data           1  wizchip_conf.o(.data)
    _DNS_                                    0x2000007d   Data           4  wizchip_conf.o(.data)
    .data                                    0x200000ac   Section       24  loopback.o(.data)
    any_port                                 0x200000ac   Data           2  loopback.o(.data)
    destport                                 0x200000ae   Data           2  loopback.o(.data)
    sock_state                               0x200000bc   Data           8  loopback.o(.data)
    .data                                    0x200000c4   Section       78  dhcpv4.o(.data)
    .data                                    0x20000114   Section       12  dns.o(.data)
    retry_count                              0x20000114   Data           1  dns.o(.data)
    .data                                    0x20000120   Section       14  socket.o(.data)
    sock_any_port                            0x20000120   Data           2  socket.o(.data)
    sock_io_mode                             0x20000122   Data           2  socket.o(.data)
    sock_is_sending                          0x20000124   Data           2  socket.o(.data)
    sock_pack_info                           0x20000126   Data           8  socket.o(.data)
    .data                                    0x20000130   Section        4  timer.o(.data)
    .data                                    0x20000134   Section        4  stdout.o(.data)
    .bss                                     0x20000138   Section     4324  main.o(.bss)
    g_ethernet_buf                           0x20000138   Data        2048  main.o(.bss)
    g_tcp_server_buf                         0x20000938   Data        2048  main.o(.bss)
    .bss                                     0x2000121c   Section       16  wizchip_conf.o(.bss)
    _DNS6_                                   0x2000121c   Data          16  wizchip_conf.o(.bss)
    .bss                                     0x2000122c   Section       16  socket.o(.bss)
    sock_remained_size                       0x2000122c   Data          16  socket.o(.bss)
    STACK                                    0x20001240   Section     1024  startup_stm32f411xe.o(STACK)

    Global Symbols

    Symbol Name                              Value     Ov Type        Size  Object(Section)

    BuildAttributes$$THM_ISAv4$E$P$D$K$B$S$7EM$VFPi3$EXTD16$VFPS$VFMA$PE$A:L22UL41UL21$X:L11$S22US41US21$IEEE1$IW$USESV6$~STKCKD$USESV7$~SHL$OSPACE$ROPI$EBA8$MICROLIB$REQ8$PRES8$EABIv2 0x00000000   Number         0  anon$$obj.o ABSOLUTE
    __ARM_use_no_argv                        0x00000000   Number         0  main.o ABSOLUTE
    _printf_a                                0x00000000   Number         0  stubs.o ABSOLUTE
    _printf_c                                0x00000000   Number         0  stubs.o ABSOLUTE
    _printf_charcount                        0x00000000   Number         0  stubs.o ABSOLUTE
    _printf_d                                0x00000000   Number         0  stubs.o ABSOLUTE
    _printf_e                                0x00000000   Number         0  stubs.o ABSOLUTE
    _printf_f                                0x00000000   Number         0  stubs.o ABSOLUTE
    _printf_flags                            0x00000000   Number         0  stubs.o ABSOLUTE
    _printf_fp_dec                           0x00000000   Number         0  stubs.o ABSOLUTE
    _printf_fp_hex                           0x00000000   Number         0  stubs.o ABSOLUTE
    _printf_g                                0x00000000   Number         0  stubs.o ABSOLUTE
    _printf_i                                0x00000000   Number         0  stubs.o ABSOLUTE
    _printf_int_dec                          0x00000000   Number         0  stubs.o ABSOLUTE
    _printf_l                                0x00000000   Number         0  stubs.o ABSOLUTE
    _printf_lc                               0x00000000   Number         0  stubs.o ABSOLUTE
    _printf_ll                               0x00000000   Number         0  stubs.o ABSOLUTE
    _printf_lld                              0x00000000   Number         0  stubs.o ABSOLUTE
    _printf_lli                              0x00000000   Number         0  stubs.o ABSOLUTE
    _printf_llo                              0x00000000   Number         0  stubs.o ABSOLUTE
    _printf_llu                              0x00000000   Number         0  stubs.o ABSOLUTE
    _printf_llx                              0x00000000   Number         0  stubs.o ABSOLUTE
    _printf_longlong_dec                     0x00000000   Number         0  stubs.o ABSOLUTE
    _printf_longlong_hex                     0x00000000   Number         0  stubs.o ABSOLUTE
    _printf_longlong_oct                     0x00000000   Number         0  stubs.o ABSOLUTE
    _printf_ls                               0x00000000   Number         0  stubs.o ABSOLUTE
    _printf_mbtowc                           0x00000000   Number         0  stubs.o ABSOLUTE
    _printf_n                                0x00000000   Number         0  stubs.o ABSOLUTE
    _printf_o                                0x00000000   Number         0  stubs.o ABSOLUTE
    _printf_p                                0x00000000   Number         0  stubs.o ABSOLUTE
    _printf_percent                          0x00000000   Number         0  stubs.o ABSOLUTE
    _printf_pre_padding                      0x00000000   Number         0  stubs.o ABSOLUTE
    _printf_return_value                     0x00000000   Number         0  stubs.o ABSOLUTE
    _printf_s                                0x00000000   Number         0  stubs.o ABSOLUTE
    _printf_sizespec                         0x00000000   Number         0  stubs.o ABSOLUTE
    _printf_str                              0x00000000   Number         0  stubs.o ABSOLUTE
    _printf_truncate_signed                  0x00000000   Number         0  stubs.o ABSOLUTE
    _printf_truncate_unsigned                0x00000000   Number         0  stubs.o ABSOLUTE
    _printf_u                                0x00000000   Number         0  stubs.o ABSOLUTE
    _printf_wc                               0x00000000   Number         0  stubs.o ABSOLUTE
    _printf_wctomb                           0x00000000   Number         0  stubs.o ABSOLUTE
    _printf_widthprec                        0x00000000   Number         0  stubs.o ABSOLUTE
    _printf_x                                0x00000000   Number         0  stubs.o ABSOLUTE
    __cpp_initialize__aeabi_                  - Undefined Weak Reference
    __cxa_finalize                            - Undefined Weak Reference
    _clock_init                               - Undefined Weak Reference
    _microlib_exit                            - Undefined Weak Reference
    __Vectors_Size                           0x00000198   Number         0  startup_stm32f411xe.o ABSOLUTE
    __Vectors                                0x08000000   Data           4  startup_stm32f411xe.o(RESET)
    __Vectors_End                            0x08000198   Data           0  startup_stm32f411xe.o(RESET)
    __main                                   0x08000199   Thumb Code     0  entry.o(.ARM.Collect$$$$00000000)
    _main_stk                                0x08000199   Thumb Code     0  entry2.o(.ARM.Collect$$$$00000001)
    _main_scatterload                        0x0800019d   Thumb Code     0  entry5.o(.ARM.Collect$$$$00000004)
    __main_after_scatterload                 0x080001a1   Thumb Code     0  entry5.o(.ARM.Collect$$$$00000004)
    _main_clock                              0x080001a1   Thumb Code     0  entry7b.o(.ARM.Collect$$$$00000008)
    _main_cpp_init                           0x080001a1   Thumb Code     0  entry8b.o(.ARM.Collect$$$$0000000A)
    _main_init                               0x080001a1   Thumb Code     0  entry9a.o(.ARM.Collect$$$$0000000B)
    __rt_final_cpp                           0x080001a9   Thumb Code     0  entry10a.o(.ARM.Collect$$$$0000000D)
    __rt_final_exit                          0x080001a9   Thumb Code     0  entry11a.o(.ARM.Collect$$$$0000000F)
    Reset_Handler                            0x080001ad   Thumb Code     8  startup_stm32f411xe.o(.text)
    ADC_IRQHandler                           0x080001c7   Thumb Code     0  startup_stm32f411xe.o(.text)
    DMA1_Stream0_IRQHandler                  0x080001c7   Thumb Code     0  startup_stm32f411xe.o(.text)
    DMA1_Stream1_IRQHandler                  0x080001c7   Thumb Code     0  startup_stm32f411xe.o(.text)
    DMA1_Stream2_IRQHandler                  0x080001c7   Thumb Code     0  startup_stm32f411xe.o(.text)
    DMA1_Stream3_IRQHandler                  0x080001c7   Thumb Code     0  startup_stm32f411xe.o(.text)
    DMA1_Stream4_IRQHandler                  0x080001c7   Thumb Code     0  startup_stm32f411xe.o(.text)
    DMA1_Stream5_IRQHandler                  0x080001c7   Thumb Code     0  startup_stm32f411xe.o(.text)
    DMA1_Stream6_IRQHandler                  0x080001c7   Thumb Code     0  startup_stm32f411xe.o(.text)
    DMA1_Stream7_IRQHandler                  0x080001c7   Thumb Code     0  startup_stm32f411xe.o(.text)
    DMA2_Stream0_IRQHandler                  0x080001c7   Thumb Code     0  startup_stm32f411xe.o(.text)
    DMA2_Stream1_IRQHandler                  0x080001c7   Thumb Code     0  startup_stm32f411xe.o(.text)
    DMA2_Stream2_IRQHandler                  0x080001c7   Thumb Code     0  startup_stm32f411xe.o(.text)
    DMA2_Stream3_IRQHandler                  0x080001c7   Thumb Code     0  startup_stm32f411xe.o(.text)
    DMA2_Stream4_IRQHandler                  0x080001c7   Thumb Code     0  startup_stm32f411xe.o(.text)
    DMA2_Stream5_IRQHandler                  0x080001c7   Thumb Code     0  startup_stm32f411xe.o(.text)
    DMA2_Stream6_IRQHandler                  0x080001c7   Thumb Code     0  startup_stm32f411xe.o(.text)
    DMA2_Stream7_IRQHandler                  0x080001c7   Thumb Code     0  startup_stm32f411xe.o(.text)
    EXTI0_IRQHandler                         0x080001c7   Thumb Code     0  startup_stm32f411xe.o(.text)
    EXTI15_10_IRQHandler                     0x080001c7   Thumb Code     0  startup_stm32f411xe.o(.text)
    EXTI1_IRQHandler                         0x080001c7   Thumb Code     0  startup_stm32f411xe.o(.text)
    EXTI2_IRQHandler                         0x080001c7   Thumb Code     0  startup_stm32f411xe.o(.text)
    EXTI3_IRQHandler                         0x080001c7   Thumb Code     0  startup_stm32f411xe.o(.text)
    EXTI4_IRQHandler                         0x080001c7   Thumb Code     0  startup_stm32f411xe.o(.text)
    EXTI9_5_IRQHandler                       0x080001c7   Thumb Code     0  startup_stm32f411xe.o(.text)
    FLASH_IRQHandler                         0x080001c7   Thumb Code     0  startup_stm32f411xe.o(.text)
    FPU_IRQHandler                           0x080001c7   Thumb Code     0  startup_stm32f411xe.o(.text)
    I2C1_ER_IRQHandler                       0x080001c7   Thumb Code     0  startup_stm32f411xe.o(.text)
    I2C1_EV_IRQHandler                       0x080001c7   Thumb Code     0  startup_stm32f411xe.o(.text)
    I2C2_ER_IRQHandler                       0x080001c7   Thumb Code     0  startup_stm32f411xe.o(.text)
    I2C2_EV_IRQHandler                       0x080001c7   Thumb Code     0  startup_stm32f411xe.o(.text)
    I2C3_ER_IRQHandler                       0x080001c7   Thumb Code     0  startup_stm32f411xe.o(.text)
    I2C3_EV_IRQHandler                       0x080001c7   Thumb Code     0  startup_stm32f411xe.o(.text)
    OTG_FS_IRQHandler                        0x080001c7   Thumb Code     0  startup_stm32f411xe.o(.text)
    OTG_FS_WKUP_IRQHandler                   0x080001c7   Thumb Code     0  startup_stm32f411xe.o(.text)
    PVD_IRQHandler                           0x080001c7   Thumb Code     0  startup_stm32f411xe.o(.text)
    RCC_IRQHandler                           0x080001c7   Thumb Code     0  startup_stm32f411xe.o(.text)
    RTC_Alarm_IRQHandler                     0x080001c7   Thumb Code     0  startup_stm32f411xe.o(.text)
    RTC_WKUP_IRQHandler                      0x080001c7   Thumb Code     0  startup_stm32f411xe.o(.text)
    SDIO_IRQHandler                          0x080001c7   Thumb Code     0  startup_stm32f411xe.o(.text)
    SPI1_IRQHandler                          0x080001c7   Thumb Code     0  startup_stm32f411xe.o(.text)
    SPI2_IRQHandler                          0x080001c7   Thumb Code     0  startup_stm32f411xe.o(.text)
    SPI3_IRQHandler                          0x080001c7   Thumb Code     0  startup_stm32f411xe.o(.text)
    SPI4_IRQHandler                          0x080001c7   Thumb Code     0  startup_stm32f411xe.o(.text)
    SPI5_IRQHandler                          0x080001c7   Thumb Code     0  startup_stm32f411xe.o(.text)
    TAMP_STAMP_IRQHandler                    0x080001c7   Thumb Code     0  startup_stm32f411xe.o(.text)
    TIM1_BRK_TIM9_IRQHandler                 0x080001c7   Thumb Code     0  startup_stm32f411xe.o(.text)
    TIM1_CC_IRQHandler                       0x080001c7   Thumb Code     0  startup_stm32f411xe.o(.text)
    TIM1_TRG_COM_TIM11_IRQHandler            0x080001c7   Thumb Code     0  startup_stm32f411xe.o(.text)
    TIM2_IRQHandler                          0x080001c7   Thumb Code     0  startup_stm32f411xe.o(.text)
    TIM3_IRQHandler                          0x080001c7   Thumb Code     0  startup_stm32f411xe.o(.text)
    TIM4_IRQHandler                          0x080001c7   Thumb Code     0  startup_stm32f411xe.o(.text)
    TIM5_IRQHandler                          0x080001c7   Thumb Code     0  startup_stm32f411xe.o(.text)
    USART1_IRQHandler                        0x080001c7   Thumb Code     0  startup_stm32f411xe.o(.text)
    USART2_IRQHandler                        0x080001c7   Thumb Code     0  startup_stm32f411xe.o(.text)
    USART6_IRQHandler                        0x080001c7   Thumb Code     0  startup_stm32f411xe.o(.text)
    WWDG_IRQHandler                          0x080001c7   Thumb Code     0  startup_stm32f411xe.o(.text)
    __aeabi_uldivmod                         0x080001d1   Thumb Code    98  uldiv.o(.text)
    ___aeabi_memcpy8$move                    0x08000233   Thumb Code     0  memmovea.o(.text)
    __aeabi_memcpy                           0x08000233   Thumb Code    64  memmovea.o(.text)
    __aeabi_memcpy4                          0x08000233   Thumb Code     0  memmovea.o(.text)
    __aeabi_memmove                          0x08000233   Thumb Code     0  memmovea.o(.text)
    __aeabi_memmove4                         0x08000233   Thumb Code     0  memmovea.o(.text)
    __aeabi_memmove8                         0x08000233   Thumb Code     0  memmovea.o(.text)
    __aeabi_memset                           0x08000273   Thumb Code    14  memseta.o(.text)
    __aeabi_memset4                          0x08000273   Thumb Code     0  memseta.o(.text)
    __aeabi_memset8                          0x08000273   Thumb Code     0  memseta.o(.text)
    __aeabi_memclr                           0x08000281   Thumb Code     4  memseta.o(.text)
    __aeabi_memclr4                          0x08000281   Thumb Code     0  memseta.o(.text)
    __aeabi_memclr8                          0x08000281   Thumb Code     0  memseta.o(.text)
    memset                                   0x08000285   Thumb Code    18  memseta.o(.text)
    __aeabi_llsl                             0x08000297   Thumb Code    30  llshl.o(.text)
    _ll_shift_l                              0x08000297   Thumb Code     0  llshl.o(.text)
    __aeabi_llsr                             0x080002b5   Thumb Code    32  llushr.o(.text)
    _ll_ushift_r                             0x080002b5   Thumb Code     0  llushr.o(.text)
    __scatterload                            0x080002d5   Thumb Code    28  init.o(.text)
    __scatterload_rt2                        0x080002d5   Thumb Code     0  init.o(.text)
    __decompress                             0x080002f9   Thumb Code     0  __dczerorl2.o(.text)
    __decompress1                            0x080002f9   Thumb Code    86  __dczerorl2.o(.text)
    BusFault_Handler                         0x0800034f   Thumb Code     2  stm32f4xx_it.o(i.BusFault_Handler)
    DHCPv4_init                              0x08000351   Thumb Code   114  dhcpv4.o(i.DHCPv4_init)
    DHCPv4_run                               0x080003d9   Thumb Code   352  dhcpv4.o(i.DHCPv4_run)
    DHCPv4_stop                              0x080005f9   Thumb Code    16  dhcpv4.o(i.DHCPv4_stop)
    DHCPv4_time_handler                      0x0800060d   Thumb Code    10  dhcpv4.o(i.DHCPv4_time_handler)
    DNS_time_handler                         0x0800061d   Thumb Code    10  dns.o(i.DNS_time_handler)
    DebugMon_Handler                         0x0800062d   Thumb Code     2  stm32f4xx_it.o(i.DebugMon_Handler)
    HAL_GPIO_Init                            0x08000631   Thumb Code   446  stm32f4xx_hal_gpio.o(i.HAL_GPIO_Init)
    HAL_GPIO_WritePin                        0x08000811   Thumb Code    10  stm32f4xx_hal_gpio.o(i.HAL_GPIO_WritePin)
    HAL_GetTick                              0x0800081d   Thumb Code     6  stm32f4xx_hal.o(i.HAL_GetTick)
    HAL_IncTick                              0x08000829   Thumb Code    12  stm32f4xx_hal.o(i.HAL_IncTick)
    HAL_Init                                 0x08000839   Thumb Code    48  stm32f4xx_hal.o(i.HAL_Init)
    HAL_InitTick                             0x0800086d   Thumb Code    54  stm32f4xx_hal.o(i.HAL_InitTick)
    HAL_MspInit                              0x080008ad   Thumb Code    48  stm32f4xx_hal_msp.o(i.HAL_MspInit)
    HAL_NVIC_EnableIRQ                       0x080008e1   Thumb Code    26  stm32f4xx_hal_cortex.o(i.HAL_NVIC_EnableIRQ)
    HAL_NVIC_SetPriority                     0x080008fd   Thumb Code    60  stm32f4xx_hal_cortex.o(i.HAL_NVIC_SetPriority)
    HAL_NVIC_SetPriorityGrouping             0x0800093d   Thumb Code    26  stm32f4xx_hal_cortex.o(i.HAL_NVIC_SetPriorityGrouping)
    HAL_RCC_ClockConfig                      0x08000961   Thumb Code   288  stm32f4xx_hal_rcc.o(i.HAL_RCC_ClockConfig)
    HAL_RCC_GetPCLK1Freq                     0x08000a95   Thumb Code    20  stm32f4xx_hal_rcc.o(i.HAL_RCC_GetPCLK1Freq)
    HAL_RCC_GetPCLK2Freq                     0x08000ab5   Thumb Code    20  stm32f4xx_hal_rcc.o(i.HAL_RCC_GetPCLK2Freq)
    HAL_RCC_GetSysClockFreq                  0x08000ad5   Thumb Code    88  stm32f4xx_hal_rcc.o(i.HAL_RCC_GetSysClockFreq)
    HAL_RCC_OscConfig                        0x08000b35   Thumb Code   856  stm32f4xx_hal_rcc.o(i.HAL_RCC_OscConfig)
    HAL_SPI_GetState                         0x08000ea1   Thumb Code     6  stm32f4xx_hal_spi.o(i.HAL_SPI_GetState)
    HAL_SPI_Init                             0x08000ea7   Thumb Code   188  stm32f4xx_hal_spi.o(i.HAL_SPI_Init)
    HAL_SPI_MspInit                          0x08000f65   Thumb Code    92  stm32f4xx_hal_msp.o(i.HAL_SPI_MspInit)
    HAL_SPI_TransmitReceive                  0x08000fcd   Thumb Code   482  stm32f4xx_hal_spi.o(i.HAL_SPI_TransmitReceive)
    HAL_SYSTICK_Config                       0x080011af   Thumb Code    40  stm32f4xx_hal_cortex.o(i.HAL_SYSTICK_Config)
    HAL_TIMEx_BreakCallback                  0x080011d7   Thumb Code     2  stm32f4xx_hal_tim_ex.o(i.HAL_TIMEx_BreakCallback)
    HAL_TIMEx_CommutCallback                 0x080011d9   Thumb Code     2  stm32f4xx_hal_tim_ex.o(i.HAL_TIMEx_CommutCallback)
    HAL_TIMEx_MasterConfigSynchronization    0x080011dd   Thumb Code   104  stm32f4xx_hal_tim_ex.o(i.HAL_TIMEx_MasterConfigSynchronization)
    HAL_TIM_Base_Init                        0x08001259   Thumb Code    90  stm32f4xx_hal_tim.o(i.HAL_TIM_Base_Init)
    HAL_TIM_Base_MspInit                     0x080012b5   Thumb Code    50  stm32f4xx_hal_msp.o(i.HAL_TIM_Base_MspInit)
    HAL_TIM_Base_Start_IT                    0x080012f1   Thumb Code    88  stm32f4xx_hal_tim.o(i.HAL_TIM_Base_Start_IT)
    HAL_TIM_ConfigClockSource                0x0800135d   Thumb Code   220  stm32f4xx_hal_tim.o(i.HAL_TIM_ConfigClockSource)
    HAL_TIM_IC_CaptureCallback               0x08001439   Thumb Code     2  stm32f4xx_hal_tim.o(i.HAL_TIM_IC_CaptureCallback)
    HAL_TIM_IRQHandler                       0x0800143b   Thumb Code   358  stm32f4xx_hal_tim.o(i.HAL_TIM_IRQHandler)
    HAL_TIM_OC_DelayElapsedCallback          0x080015a1   Thumb Code     2  stm32f4xx_hal_tim.o(i.HAL_TIM_OC_DelayElapsedCallback)
    HAL_TIM_PWM_PulseFinishedCallback        0x080015a3   Thumb Code     2  stm32f4xx_hal_tim.o(i.HAL_TIM_PWM_PulseFinishedCallback)
    HAL_TIM_PeriodElapsedCallback            0x080015a5   Thumb Code     2  stm32f4xx_hal_tim.o(i.HAL_TIM_PeriodElapsedCallback)
    HAL_TIM_TriggerCallback                  0x080015a7   Thumb Code     2  stm32f4xx_hal_tim.o(i.HAL_TIM_TriggerCallback)
    HAL_UART_Init                            0x080015a9   Thumb Code    98  stm32f4xx_hal_uart.o(i.HAL_UART_Init)
    HAL_UART_MspInit                         0x0800160d   Thumb Code    92  stm32f4xx_hal_msp.o(i.HAL_UART_MspInit)
    HAL_UART_Transmit                        0x08001675   Thumb Code   178  stm32f4xx_hal_uart.o(i.HAL_UART_Transmit)
    HardFault_Handler                        0x08001727   Thumb Code     2  stm32f4xx_it.o(i.HardFault_Handler)
    MemManage_Handler                        0x0800186d   Thumb Code     2  stm32f4xx_it.o(i.MemManage_Handler)
    NMI_Handler                              0x0800186f   Thumb Code     2  stm32f4xx_it.o(i.NMI_Handler)
    NibbleToHex                              0x08001871   Thumb Code    16  dhcpv4.o(i.NibbleToHex)
    PendSV_Handler                           0x08001881   Thumb Code     2  stm32f4xx_it.o(i.PendSV_Handler)
    SVC_Handler                              0x08001995   Thumb Code     2  stm32f4xx_it.o(i.SVC_Handler)
    SysTick_Handler                          0x08001997   Thumb Code     4  stm32f4xx_it.o(i.SysTick_Handler)
    SystemClock_Config                       0x0800199d   Thumb Code   136  main.o(i.SystemClock_Config)
    SystemInit                               0x08001a2d   Thumb Code    12  system_stm32f4xx.o(i.SystemInit)
    TIM1_UP_TIM10_IRQHandler                 0x08001a3d   Thumb Code     6  stm32f4xx_it.o(i.TIM1_UP_TIM10_IRQHandler)
    TIM_Base_SetConfig                       0x08001a49   Thumb Code   122  stm32f4xx_hal_tim.o(i.TIM_Base_SetConfig)
    TIM_ETR_SetConfig                        0x08001ae1   Thumb Code    20  stm32f4xx_hal_tim.o(i.TIM_ETR_SetConfig)
    UsageFault_Handler                       0x08001cd1   Thumb Code     2  stm32f4xx_it.o(i.UsageFault_Handler)
    WIZCHIP_READ                             0x08001cd5   Thumb Code    62  w6100.o(i.WIZCHIP_READ)
    WIZCHIP_READ_BUF                         0x08001d19   Thumb Code    66  w6100.o(i.WIZCHIP_READ_BUF)
    WIZCHIP_WRITE                            0x08001d61   Thumb Code    62  w6100.o(i.WIZCHIP_WRITE)
    WIZCHIP_WRITE_BUF                        0x08001da5   Thumb Code    70  w6100.o(i.WIZCHIP_WRITE_BUF)
    __0printf$8                              0x08001df1   Thumb Code    22  printf8.o(i.__0printf$8)
    __1printf$8                              0x08001df1   Thumb Code     0  printf8.o(i.__0printf$8)
    __2printf                                0x08001df1   Thumb Code     0  printf8.o(i.__0printf$8)
    __scatterload_copy                       0x08001e31   Thumb Code    14  handlers.o(i.__scatterload_copy)
    __scatterload_null                       0x08001e3f   Thumb Code     2  handlers.o(i.__scatterload_null)
    __scatterload_zeroinit                   0x08001e41   Thumb Code    14  handlers.o(i.__scatterload_zeroinit)
    check_DHCPv4_leasedIP                    0x080022b5   Thumb Code    90  dhcpv4.o(i.check_DHCPv4_leasedIP)
    check_DHCPv4_timeout                     0x08002349   Thumb Code   106  dhcpv4.o(i.check_DHCPv4_timeout)
    close                                    0x080023b9   Thumb Code   106  socket.o(i.close)
    ctlnetwork                               0x0800242d   Thumb Code    98  wizchip_conf.o(i.ctlnetwork)
    ctlsocket                                0x08002495   Thumb Code   186  socket.o(i.ctlsocket)
    ctlwizchip                               0x0800255d   Thumb Code   422  wizchip_conf.o(i.ctlwizchip)
    default_ipv4_assign                      0x08002721   Thumb Code    40  dhcpv4.o(i.default_ipv4_assign)
    default_ipv4_conflict                    0x08002759   Thumb Code    32  dhcpv4.o(i.default_ipv4_conflict)
    default_ipv4_update                      0x08002785   Thumb Code    36  dhcpv4.o(i.default_ipv4_update)
    disconnect                               0x080027b5   Thumb Code   140  socket.o(i.disconnect)
    fputc                                    0x08002845   Thumb Code    24  main.o(i.fputc)
    getDHCPv4Leasetime                       0x08002861   Thumb Code     6  dhcpv4.o(i.getDHCPv4Leasetime)
    getDNSfromDHCPv4                         0x0800286d   Thumb Code    20  dhcpv4.o(i.getDNSfromDHCPv4)
    getGWfromDHCPv4                          0x08002885   Thumb Code    20  dhcpv4.o(i.getGWfromDHCPv4)
    getIPfromDHCPv4                          0x0800289d   Thumb Code    20  dhcpv4.o(i.getIPfromDHCPv4)
    getSNfromDHCPv4                          0x080028b5   Thumb Code    20  dhcpv4.o(i.getSNfromDHCPv4)
    getSn_RX_RSR                             0x080028cd   Thumb Code    50  w6100.o(i.getSn_RX_RSR)
    getSn_TX_FSR                             0x08002909   Thumb Code    50  w6100.o(i.getSn_TX_FSR)
    getsockopt                               0x08002945   Thumb Code   384  socket.o(i.getsockopt)
    listen                                   0x08002af5   Thumb Code    90  socket.o(i.listen)
    loopback_tcps                            0x08002b51   Thumb Code   376  loopback.o(i.loopback_tcps)
    main                                     0x08002d01   Thumb Code   292  main.o(i.main)
    makeDHCPV4MSG                            0x08002ec1   Thumb Code   200  dhcpv4.o(i.makeDHCPV4MSG)
    network_initialize                       0x08002f91   Thumb Code    32  w6x00_spi.o(i.network_initialize)
    parseDHCPv4MSG                           0x08002fb1   Thumb Code   486  dhcpv4.o(i.parseDHCPv4MSG)
    print_ipv6_addr                          0x0800323d   Thumb Code    72  w6x00_spi.o(i.print_ipv6_addr)
    print_network_information                0x080032bd   Thumb Code   234  w6x00_spi.o(i.print_network_information)
    recv                                     0x08003521   Thumb Code   148  socket.o(i.recv)
    recvfrom                                 0x080035bd   Thumb Code   448  socket.o(i.recvfrom)
    reg_dhcpv4_cbfunc                        0x08003785   Thumb Code    32  dhcpv4.o(i.reg_dhcpv4_cbfunc)
    reg_wizchip_cs_cbfunc                    0x080037b5   Thumb Code    20  wizchip_conf.o(i.reg_wizchip_cs_cbfunc)
    reg_wizchip_spi_cbfunc                   0x080037d5   Thumb Code    28  wizchip_conf.o(i.reg_wizchip_spi_cbfunc)
    reset_DHCPv4_timeout                     0x08003829   Thumb Code    14  dhcpv4.o(i.reset_DHCPv4_timeout)
    send                                     0x0800383d   Thumb Code   230  socket.o(i.send)
    send_DHCPv4_DECLINE                      0x0800392d   Thumb Code   272  dhcpv4.o(i.send_DHCPv4_DECLINE)
    send_DHCPv4_DISCOVER                     0x08003a5d   Thumb Code   470  dhcpv4.o(i.send_DHCPv4_DISCOVER)
    send_DHCPv4_REQUEST                      0x08003c51   Thumb Code   650  dhcpv4.o(i.send_DHCPv4_REQUEST)
    sendto                                   0x08003ef9   Thumb Code   332  socket.o(i.sendto)
    socket                                   0x08004091   Thumb Code   432  socket.o(i.socket)
    wiz_recv_data                            0x0800425d   Thumb Code    92  w6100.o(i.wiz_recv_data)
    wiz_send_data                            0x080042c1   Thumb Code    84  w6100.o(i.wiz_send_data)
    wizchip_1ms_timer_initialize             0x0800431d   Thumb Code    10  timer.o(i.wizchip_1ms_timer_initialize)
    wizchip_check                            0x08004331   Thumb Code    60  w6x00_spi.o(i.wizchip_check)
    wizchip_clrinterrupt                     0x080043a5   Thumb Code    64  wizchip_conf.o(i.wizchip_clrinterrupt)
    wizchip_cris_enter                       0x080043ed   Thumb Code     2  wizchip_conf.o(i.wizchip_cris_enter)
    wizchip_cris_exit                        0x080043ef   Thumb Code     2  wizchip_conf.o(i.wizchip_cris_exit)
    wizchip_cs_deselect                      0x080043f1   Thumb Code     2  wizchip_conf.o(i.wizchip_cs_deselect)
    wizchip_cs_select                        0x080043f3   Thumb Code     2  wizchip_conf.o(i.wizchip_cs_select)
    wizchip_getinterrupt                     0x080044cd   Thumb Code    32  wizchip_conf.o(i.wizchip_getinterrupt)
    wizchip_getinterruptmask                 0x080044f5   Thumb Code    30  wizchip_conf.o(i.wizchip_getinterruptmask)
    wizchip_getnetinfo                       0x08004521   Thumb Code   148  wizchip_conf.o(i.wizchip_getnetinfo)
    wizchip_getnetmode                       0x080045dd   Thumb Code    44  wizchip_conf.o(i.wizchip_getnetmode)
    wizchip_gettimeout                       0x08004615   Thumb Code    64  wizchip_conf.o(i.wizchip_gettimeout)
    wizchip_init                             0x08004669   Thumb Code   118  wizchip_conf.o(i.wizchip_init)
    wizchip_initialize                       0x080046e9   Thumb Code    90  w6x00_spi.o(i.wizchip_initialize)
    wizchip_reset                            0x080047c9   Thumb Code     2  w6x00_spi.o(i.wizchip_reset)
    wizchip_setinterruptmask                 0x080047dd   Thumb Code    38  wizchip_conf.o(i.wizchip_setinterruptmask)
    wizchip_setnetinfo                       0x08004811   Thumb Code   148  wizchip_conf.o(i.wizchip_setnetinfo)
    wizchip_setnetmode                       0x080048cd   Thumb Code    46  wizchip_conf.o(i.wizchip_setnetmode)
    wizchip_settimeout                       0x08004909   Thumb Code    62  wizchip_conf.o(i.wizchip_settimeout)
    wizchip_spi_initialize                   0x0800495d   Thumb Code     2  w6x00_spi.o(i.wizchip_spi_initialize)
    wizchip_spi_read                         0x0800495f   Thumb Code     4  wizchip_conf.o(i.wizchip_spi_read)
    wizchip_spi_read_buf                     0x08004965   Thumb Code    34  wizchip_conf.o(i.wizchip_spi_read_buf)
    wizchip_spi_write                        0x0800498d   Thumb Code     2  wizchip_conf.o(i.wizchip_spi_write)
    wizchip_spi_write_buf                    0x08004991   Thumb Code    36  wizchip_conf.o(i.wizchip_spi_write_buf)
    wizchip_sw_reset                         0x080049b9   Thumb Code   258  wizchip_conf.o(i.wizchip_sw_reset)
    wizphy_getphyconf                        0x08004b0d   Thumb Code    54  wizchip_conf.o(i.wizphy_getphyconf)
    wizphy_getphylink                        0x08004b49   Thumb Code    16  wizchip_conf.o(i.wizphy_getphylink)
    wizphy_getphypmode                       0x08004b59   Thumb Code    20  wizchip_conf.o(i.wizphy_getphypmode)
    wizphy_getphystatus                      0x08004b71   Thumb Code    54  wizchip_conf.o(i.wizphy_getphystatus)
    wizphy_reset                             0x08004bad   Thumb Code    44  wizchip_conf.o(i.wizphy_reset)
    wizphy_setphyconf                        0x08004be1   Thumb Code    82  wizchip_conf.o(i.wizphy_setphyconf)
    wizphy_setphypmode                       0x08004c3d   Thumb Code    36  wizchip_conf.o(i.wizphy_setphypmode)
    AHBPrescTable                            0x08004c64   Data          16  system_stm32f4xx.o(.constdata)
    APBPrescTable                            0x08004c74   Data           8  system_stm32f4xx.o(.constdata)
    Region$$Table$$Base                      0x08004cb4   Number         0  anon$$obj.o(Region$$Table)
    Region$$Table$$Limit                     0x08004cd4   Number         0  anon$$obj.o(Region$$Table)
    uwTickFreq                               0x2000006c   Data           1  stm32f4xx_hal.o(.data)
    uwTickPrio                               0x20000070   Data           4  stm32f4xx_hal.o(.data)
    uwTick                                   0x20000074   Data           4  stm32f4xx_hal.o(.data)
    SystemCoreClock                          0x20000078   Data           4  system_stm32f4xx.o(.data)
    WIZCHIP                                  0x20000084   Data          40  wizchip_conf.o(.data)
    msg_v4                                   0x200000b0   Data           4  loopback.o(.data)
    msg_v6                                   0x200000b4   Data           4  loopback.o(.data)
    msg_dual                                 0x200000b8   Data           4  loopback.o(.data)
    dhcpv4_state                             0x200000c4   Data           1  dhcpv4.o(.data)
    dhcpv4_retry_count                       0x200000c5   Data           1  dhcpv4.o(.data)
    DHCPV4_SOCKET                            0x200000c6   Data           1  dhcpv4.o(.data)
    OLD_allocated_ip                         0x200000c7   Data           4  dhcpv4.o(.data)
    DHCPv4_allocated_ip                      0x200000cb   Data           4  dhcpv4.o(.data)
    DHCPv4_allocated_gw                      0x200000cf   Data           4  dhcpv4.o(.data)
    DHCPv4_allocated_sn                      0x200000d3   Data           4  dhcpv4.o(.data)
    DHCPv4_allocated_dns                     0x200000d7   Data           4  dhcpv4.o(.data)
    dhcpv4_lease_time                        0x200000dc   Data           4  dhcpv4.o(.data)
    dhcpv4_tick_1s                           0x200000e0   Data           4  dhcpv4.o(.data)
    dhcpv4_tick_next                         0x200000e4   Data           4  dhcpv4.o(.data)
    dhcp_ipv4_assign                         0x200000e8   Data           4  dhcpv4.o(.data)
    dhcp_ipv4_update                         0x200000ec   Data           4  dhcpv4.o(.data)
    dhcp_ipv4_conflict                       0x200000f0   Data           4  dhcpv4.o(.data)
    DHCPV4_SIP                               0x200000f4   Data           4  dhcpv4.o(.data)
    DHCPV4_REAL_SIP                          0x200000f8   Data           4  dhcpv4.o(.data)
    DHCPV4_XID                               0x200000fc   Data           4  dhcpv4.o(.data)
    pDHCPv4MSG                               0x20000100   Data           4  dhcpv4.o(.data)
    DHCPv4_CHADDR                            0x20000104   Data           6  dhcpv4.o(.data)
    HOST_NAMEv4                              0x2000010a   Data           8  dhcpv4.o(.data)
    DNS_MSGID                                0x20000116   Data           2  dns.o(.data)
    pDNSMSG                                  0x20000118   Data           4  dns.o(.data)
    dns_1s_tick                              0x2000011c   Data           4  dns.o(.data)
    callback_ptr                             0x20000130   Data           4  timer.o(.data)
    __stdout                                 0x20000134   Data           4  stdout.o(.data)
    hspi1                                    0x20001138   Data          88  main.o(.bss)
    htim1                                    0x20001190   Data          72  main.o(.bss)
    huart2                                   0x200011d8   Data          68  main.o(.bss)
    __initial_sp                             0x20001640   Data           0  startup_stm32f411xe.o(STACK)



==============================================================================

Memory Map of the image

  Image Entry point : 0x08000199

  Load Region LR_IROM1 (Base: 0x08000000, Size: 0x00004e0c, Max: 0x00080000, ABSOLUTE, COMPRESSED[0x00004d60])

    Execution Region ER_IROM1 (Exec base: 0x08000000, Load base: 0x08000000, Size: 0x00004cd4, Max: 0x00080000, ABSOLUTE)

    Exec Addr    Load Addr    Size         Type   Attr      Idx    E Section Name        Object

    0x08000000   0x08000000   0x00000198   Data   RO            3    RESET               startup_stm32f411xe.o
    0x08000198   0x08000198   0x00000000   Code   RO         8225  * .ARM.Collect$$$$00000000  mc_w.l(entry.o)
    0x08000198   0x08000198   0x00000004   Code   RO         8547    .ARM.Collect$$$$00000001  mc_w.l(entry2.o)
    0x0800019c   0x0800019c   0x00000004   Code   RO         8550    .ARM.Collect$$$$00000004  mc_w.l(entry5.o)
    0x080001a0   0x080001a0   0x00000000   Code   RO         8552    .ARM.Collect$$$$00000008  mc_w.l(entry7b.o)
    0x080001a0   0x080001a0   0x00000000   Code   RO         8554    .ARM.Collect$$$$0000000A  mc_w.l(entry8b.o)
    0x080001a0   0x080001a0   0x00000008   Code   RO         8555    .ARM.Collect$$$$0000000B  mc_w.l(entry9a.o)
    0x080001a8   0x080001a8   0x00000000   Code   RO         8557    .ARM.Collect$$$$0000000D  mc_w.l(entry10a.o)
    0x080001a8   0x080001a8   0x00000000   Code   RO         8559    .ARM.Collect$$$$0000000F  mc_w.l(entry11a.o)
    0x080001a8   0x080001a8   0x00000004   Code   RO         8548    .ARM.Collect$$$$00002712  mc_w.l(entry2.o)
    0x080001ac   0x080001ac   0x00000024   Code   RO            4    .text               startup_stm32f411xe.o
    0x080001d0   0x080001d0   0x00000062   Code   RO         8228    .text               mc_w.l(uldiv.o)
    0x08000232   0x08000232   0x00000040   Code   RO         8232    .text               mc_w.l(memmovea.o)
    0x08000272   0x08000272   0x00000024   Code   RO         8236    .text               mc_w.l(memseta.o)
    0x08000296   0x08000296   0x0000001e   Code   RO         8564    .text               mc_w.l(llshl.o)
    0x080002b4   0x080002b4   0x00000020   Code   RO         8566    .text               mc_w.l(llushr.o)
    0x080002d4   0x080002d4   0x00000024   Code   RO         8581    .text               mc_w.l(init.o)
    0x080002f8   0x080002f8   0x00000056   Code   RO         8595    .text               mc_w.l(__dczerorl2.o)
    0x0800034e   0x0800034e   0x00000002   Code   RO          219    i.BusFault_Handler  stm32f4xx_it.o
    0x08000350   0x08000350   0x00000088   Code   RO         3609    i.DHCPv4_init       dhcpv4.o
    0x080003d8   0x080003d8   0x00000220   Code   RO         3610    i.DHCPv4_run        dhcpv4.o
    0x080005f8   0x080005f8   0x00000014   Code   RO         3611    i.DHCPv4_stop       dhcpv4.o
    0x0800060c   0x0800060c   0x00000010   Code   RO         3612    i.DHCPv4_time_handler  dhcpv4.o
    0x0800061c   0x0800061c   0x00000010   Code   RO         3871    i.DNS_time_handler  dns.o
    0x0800062c   0x0800062c   0x00000002   Code   RO          220    i.DebugMon_Handler  stm32f4xx_it.o
    0x0800062e   0x0800062e   0x00000002   PAD
    0x08000630   0x08000630   0x000001e0   Code   RO         1092    i.HAL_GPIO_Init     stm32f4xx_hal_gpio.o
    0x08000810   0x08000810   0x0000000a   Code   RO         1096    i.HAL_GPIO_WritePin  stm32f4xx_hal_gpio.o
    0x0800081a   0x0800081a   0x00000002   PAD
    0x0800081c   0x0800081c   0x0000000c   Code   RO         1648    i.HAL_GetTick       stm32f4xx_hal.o
    0x08000828   0x08000828   0x00000010   Code   RO         1654    i.HAL_IncTick       stm32f4xx_hal.o
    0x08000838   0x08000838   0x00000034   Code   RO         1655    i.HAL_Init          stm32f4xx_hal.o
    0x0800086c   0x0800086c   0x00000040   Code   RO         1656    i.HAL_InitTick      stm32f4xx_hal.o
    0x080008ac   0x080008ac   0x00000034   Code   RO          301    i.HAL_MspInit       stm32f4xx_hal_msp.o
    0x080008e0   0x080008e0   0x0000001a   Code   RO         1505    i.HAL_NVIC_EnableIRQ  stm32f4xx_hal_cortex.o
    0x080008fa   0x080008fa   0x00000002   PAD
    0x080008fc   0x080008fc   0x00000040   Code   RO         1511    i.HAL_NVIC_SetPriority  stm32f4xx_hal_cortex.o
    0x0800093c   0x0800093c   0x00000024   Code   RO         1512    i.HAL_NVIC_SetPriorityGrouping  stm32f4xx_hal_cortex.o
    0x08000960   0x08000960   0x00000134   Code   RO          684    i.HAL_RCC_ClockConfig  stm32f4xx_hal_rcc.o
    0x08000a94   0x08000a94   0x00000020   Code   RO          691    i.HAL_RCC_GetPCLK1Freq  stm32f4xx_hal_rcc.o
    0x08000ab4   0x08000ab4   0x00000020   Code   RO          692    i.HAL_RCC_GetPCLK2Freq  stm32f4xx_hal_rcc.o
    0x08000ad4   0x08000ad4   0x00000060   Code   RO          693    i.HAL_RCC_GetSysClockFreq  stm32f4xx_hal_rcc.o
    0x08000b34   0x08000b34   0x0000036c   Code   RO          696    i.HAL_RCC_OscConfig  stm32f4xx_hal_rcc.o
    0x08000ea0   0x08000ea0   0x00000006   Code   RO          370    i.HAL_SPI_GetState  stm32f4xx_hal_spi.o
    0x08000ea6   0x08000ea6   0x000000bc   Code   RO          372    i.HAL_SPI_Init      stm32f4xx_hal_spi.o
    0x08000f62   0x08000f62   0x00000002   PAD
    0x08000f64   0x08000f64   0x00000068   Code   RO          303    i.HAL_SPI_MspInit   stm32f4xx_hal_msp.o
    0x08000fcc   0x08000fcc   0x000001e2   Code   RO          381    i.HAL_SPI_TransmitReceive  stm32f4xx_hal_spi.o
    0x080011ae   0x080011ae   0x00000028   Code   RO         1516    i.HAL_SYSTICK_Config  stm32f4xx_hal_cortex.o
    0x080011d6   0x080011d6   0x00000002   Code   RO         2599    i.HAL_TIMEx_BreakCallback  stm32f4xx_hal_tim_ex.o
    0x080011d8   0x080011d8   0x00000002   Code   RO         2600    i.HAL_TIMEx_CommutCallback  stm32f4xx_hal_tim_ex.o
    0x080011da   0x080011da   0x00000002   PAD
    0x080011dc   0x080011dc   0x0000007c   Code   RO         2618    i.HAL_TIMEx_MasterConfigSynchronization  stm32f4xx_hal_tim_ex.o
    0x08001258   0x08001258   0x0000005a   Code   RO         1895    i.HAL_TIM_Base_Init  stm32f4xx_hal_tim.o
    0x080012b2   0x080012b2   0x00000002   PAD
    0x080012b4   0x080012b4   0x0000003c   Code   RO          305    i.HAL_TIM_Base_MspInit  stm32f4xx_hal_msp.o
    0x080012f0   0x080012f0   0x0000006c   Code   RO         1900    i.HAL_TIM_Base_Start_IT  stm32f4xx_hal_tim.o
    0x0800135c   0x0800135c   0x000000dc   Code   RO         1904    i.HAL_TIM_ConfigClockSource  stm32f4xx_hal_tim.o
    0x08001438   0x08001438   0x00000002   Code   RO         1929    i.HAL_TIM_IC_CaptureCallback  stm32f4xx_hal_tim.o
    0x0800143a   0x0800143a   0x00000166   Code   RO         1943    i.HAL_TIM_IRQHandler  stm32f4xx_hal_tim.o
    0x080015a0   0x080015a0   0x00000002   Code   RO         1946    i.HAL_TIM_OC_DelayElapsedCallback  stm32f4xx_hal_tim.o
    0x080015a2   0x080015a2   0x00000002   Code   RO         1973    i.HAL_TIM_PWM_PulseFinishedCallback  stm32f4xx_hal_tim.o
    0x080015a4   0x080015a4   0x00000002   Code   RO         1981    i.HAL_TIM_PeriodElapsedCallback  stm32f4xx_hal_tim.o
    0x080015a6   0x080015a6   0x00000002   Code   RO         1986    i.HAL_TIM_TriggerCallback  stm32f4xx_hal_tim.o
    0x080015a8   0x080015a8   0x00000062   Code   RO         2895    i.HAL_UART_Init     stm32f4xx_hal_uart.o
    0x0800160a   0x0800160a   0x00000002   PAD
    0x0800160c   0x0800160c   0x00000068   Code   RO          307    i.HAL_UART_MspInit  stm32f4xx_hal_msp.o
    0x08001674   0x08001674   0x000000b2   Code   RO         2903    i.HAL_UART_Transmit  stm32f4xx_hal_uart.o
    0x08001726   0x08001726   0x00000002   Code   RO          221    i.HardFault_Handler  stm32f4xx_it.o
    0x08001728   0x08001728   0x00000098   Code   RO           14    i.MX_GPIO_Init      main.o
    0x080017c0   0x080017c0   0x00000040   Code   RO           15    i.MX_SPI1_Init      main.o
    0x08001800   0x08001800   0x0000006c   Code   RO           16    i.MX_TIM1_Init      main.o
    0x0800186c   0x0800186c   0x00000002   Code   RO          222    i.MemManage_Handler  stm32f4xx_it.o
    0x0800186e   0x0800186e   0x00000002   Code   RO          223    i.NMI_Handler       stm32f4xx_it.o
    0x08001870   0x08001870   0x00000010   Code   RO         3613    i.NibbleToHex       dhcpv4.o
    0x08001880   0x08001880   0x00000002   Code   RO          224    i.PendSV_Handler    stm32f4xx_it.o
    0x08001882   0x08001882   0x00000002   PAD
    0x08001884   0x08001884   0x00000058   Code   RO          410    i.SPI_EndRxTxTransaction  stm32f4xx_hal_spi.o
    0x080018dc   0x080018dc   0x000000b8   Code   RO          415    i.SPI_WaitFlagStateUntilTimeout  stm32f4xx_hal_spi.o
    0x08001994   0x08001994   0x00000002   Code   RO          225    i.SVC_Handler       stm32f4xx_it.o
    0x08001996   0x08001996   0x00000004   Code   RO          226    i.SysTick_Handler   stm32f4xx_it.o
    0x0800199a   0x0800199a   0x00000002   PAD
    0x0800199c   0x0800199c   0x00000090   Code   RO           17    i.SystemClock_Config  main.o
    0x08001a2c   0x08001a2c   0x00000010   Code   RO         3224    i.SystemInit        system_stm32f4xx.o
    0x08001a3c   0x08001a3c   0x0000000c   Code   RO          227    i.TIM1_UP_TIM10_IRQHandler  stm32f4xx_it.o
    0x08001a48   0x08001a48   0x00000098   Code   RO         1988    i.TIM_Base_SetConfig  stm32f4xx_hal_tim.o
    0x08001ae0   0x08001ae0   0x00000014   Code   RO         1999    i.TIM_ETR_SetConfig  stm32f4xx_hal_tim.o
    0x08001af4   0x08001af4   0x00000010   Code   RO         2000    i.TIM_ITRx_SetConfig  stm32f4xx_hal_tim.o
    0x08001b04   0x08001b04   0x00000022   Code   RO         2006    i.TIM_TI1_ConfigInputStage  stm32f4xx_hal_tim.o
    0x08001b26   0x08001b26   0x00000024   Code   RO         2008    i.TIM_TI2_ConfigInputStage  stm32f4xx_hal_tim.o
    0x08001b4a   0x08001b4a   0x00000002   PAD
    0x08001b4c   0x08001b4c   0x0000010c   Code   RO         2921    i.UART_SetConfig    stm32f4xx_hal_uart.o
    0x08001c58   0x08001c58   0x00000078   Code   RO         2924    i.UART_WaitOnFlagUntilTimeout  stm32f4xx_hal_uart.o
    0x08001cd0   0x08001cd0   0x00000002   Code   RO          228    i.UsageFault_Handler  stm32f4xx_it.o
    0x08001cd2   0x08001cd2   0x00000002   PAD
    0x08001cd4   0x08001cd4   0x00000044   Code   RO         3504    i.WIZCHIP_READ      w6100.o
    0x08001d18   0x08001d18   0x00000048   Code   RO         3505    i.WIZCHIP_READ_BUF  w6100.o
    0x08001d60   0x08001d60   0x00000044   Code   RO         3506    i.WIZCHIP_WRITE     w6100.o
    0x08001da4   0x08001da4   0x0000004c   Code   RO         3507    i.WIZCHIP_WRITE_BUF  w6100.o
    0x08001df0   0x08001df0   0x00000020   Code   RO         8463    i.__0printf$8       mc_w.l(printf8.o)
    0x08001e10   0x08001e10   0x00000020   Code   RO         1518    i.__NVIC_SetPriority  stm32f4xx_hal_cortex.o
    0x08001e30   0x08001e30   0x0000000e   Code   RO         8589    i.__scatterload_copy  mc_w.l(handlers.o)
    0x08001e3e   0x08001e3e   0x00000002   Code   RO         8590    i.__scatterload_null  mc_w.l(handlers.o)
    0x08001e40   0x08001e40   0x0000000e   Code   RO         8591    i.__scatterload_zeroinit  mc_w.l(handlers.o)
    0x08001e4e   0x08001e4e   0x00000002   PAD
    0x08001e50   0x08001e50   0x00000410   Code   RO         8470    i._printf_core      mc_w.l(printf8.o)
    0x08002260   0x08002260   0x00000024   Code   RO         8471    i._printf_post_padding  mc_w.l(printf8.o)
    0x08002284   0x08002284   0x0000002e   Code   RO         8472    i._printf_pre_padding  mc_w.l(printf8.o)
    0x080022b2   0x080022b2   0x00000002   PAD
    0x080022b4   0x080022b4   0x00000094   Code   RO         3614    i.check_DHCPv4_leasedIP  dhcpv4.o
    0x08002348   0x08002348   0x00000070   Code   RO         3615    i.check_DHCPv4_timeout  dhcpv4.o
    0x080023b8   0x080023b8   0x00000074   Code   RO         3952    i.close             socket.o
    0x0800242c   0x0800242c   0x00000068   Code   RO         3259    i.ctlnetwork        wizchip_conf.o
    0x08002494   0x08002494   0x000000c8   Code   RO         3954    i.ctlsocket         socket.o
    0x0800255c   0x0800255c   0x000001c4   Code   RO         3260    i.ctlwizchip        wizchip_conf.o
    0x08002720   0x08002720   0x00000038   Code   RO         3616    i.default_ipv4_assign  dhcpv4.o
    0x08002758   0x08002758   0x0000002c   Code   RO         3617    i.default_ipv4_conflict  dhcpv4.o
    0x08002784   0x08002784   0x00000030   Code   RO         3618    i.default_ipv4_update  dhcpv4.o
    0x080027b4   0x080027b4   0x00000090   Code   RO         3955    i.disconnect        socket.o
    0x08002844   0x08002844   0x0000001c   Code   RO           18    i.fputc             main.o
    0x08002860   0x08002860   0x0000000c   Code   RO         3619    i.getDHCPv4Leasetime  dhcpv4.o
    0x0800286c   0x0800286c   0x00000018   Code   RO         3620    i.getDNSfromDHCPv4  dhcpv4.o
    0x08002884   0x08002884   0x00000018   Code   RO         3621    i.getGWfromDHCPv4   dhcpv4.o
    0x0800289c   0x0800289c   0x00000018   Code   RO         3622    i.getIPfromDHCPv4   dhcpv4.o
    0x080028b4   0x080028b4   0x00000018   Code   RO         3623    i.getSNfromDHCPv4   dhcpv4.o
    0x080028cc   0x080028cc   0x0000003c   Code   RO         3508    i.getSn_RX_RSR      w6100.o
    0x08002908   0x08002908   0x0000003c   Code   RO         3509    i.getSn_TX_FSR      w6100.o
    0x08002944   0x08002944   0x000001b0   Code   RO         3956    i.getsockopt        socket.o
    0x08002af4   0x08002af4   0x0000005a   Code   RO         3957    i.listen            socket.o
    0x08002b4e   0x08002b4e   0x00000002   PAD
    0x08002b50   0x08002b50   0x000001b0   Code   RO         3568    i.loopback_tcps     loopback.o
    0x08002d00   0x08002d00   0x000001c0   Code   RO           19    i.main              main.o
    0x08002ec0   0x08002ec0   0x000000d0   Code   RO         3624    i.makeDHCPV4MSG     dhcpv4.o
    0x08002f90   0x08002f90   0x00000020   Code   RO         4049    i.network_initialize  w6x00_spi.o
    0x08002fb0   0x08002fb0   0x0000028c   Code   RO         3625    i.parseDHCPv4MSG    dhcpv4.o
    0x0800323c   0x0800323c   0x00000080   Code   RO         4050    i.print_ipv6_addr   w6x00_spi.o
    0x080032bc   0x080032bc   0x00000264   Code   RO         4051    i.print_network_information  w6x00_spi.o
    0x08003520   0x08003520   0x0000009c   Code   RO         3959    i.recv              socket.o
    0x080035bc   0x080035bc   0x000001c8   Code   RO         3960    i.recvfrom          socket.o
    0x08003784   0x08003784   0x00000030   Code   RO         3626    i.reg_dhcpv4_cbfunc  dhcpv4.o
    0x080037b4   0x080037b4   0x00000020   Code   RO         3262    i.reg_wizchip_cs_cbfunc  wizchip_conf.o
    0x080037d4   0x080037d4   0x00000028   Code   RO         3263    i.reg_wizchip_spi_cbfunc  wizchip_conf.o
    0x080037fc   0x080037fc   0x0000002c   Code   RO           20    i.repeating_timer_callback  main.o
    0x08003828   0x08003828   0x00000014   Code   RO         3627    i.reset_DHCPv4_timeout  dhcpv4.o
    0x0800383c   0x0800383c   0x000000f0   Code   RO         3961    i.send              socket.o
    0x0800392c   0x0800392c   0x00000130   Code   RO         3628    i.send_DHCPv4_DECLINE  dhcpv4.o
    0x08003a5c   0x08003a5c   0x000001f4   Code   RO         3629    i.send_DHCPv4_DISCOVER  dhcpv4.o
    0x08003c50   0x08003c50   0x000002a8   Code   RO         3630    i.send_DHCPv4_REQUEST  dhcpv4.o
    0x08003ef8   0x08003ef8   0x00000198   Code   RO         3962    i.sendto            socket.o
    0x08004090   0x08004090   0x000001cc   Code   RO         3964    i.socket            socket.o
    0x0800425c   0x0800425c   0x00000064   Code   RO         3510    i.wiz_recv_data     w6100.o
    0x080042c0   0x080042c0   0x0000005c   Code   RO         3512    i.wiz_send_data     w6100.o
    0x0800431c   0x0800431c   0x00000014   Code   RO         4153    i.wizchip_1ms_timer_initialize  timer.o
    0x08004330   0x08004330   0x00000074   Code   RO         4052    i.wizchip_check     w6x00_spi.o
    0x080043a4   0x080043a4   0x00000048   Code   RO         3265    i.wizchip_clrinterrupt  wizchip_conf.o
    0x080043ec   0x080043ec   0x00000002   Code   RO         3266    i.wizchip_cris_enter  wizchip_conf.o
    0x080043ee   0x080043ee   0x00000002   Code   RO         3267    i.wizchip_cris_exit  wizchip_conf.o
    0x080043f0   0x080043f0   0x00000002   Code   RO         3268    i.wizchip_cs_deselect  wizchip_conf.o
    0x080043f2   0x080043f2   0x00000002   Code   RO         3269    i.wizchip_cs_select  wizchip_conf.o
    0x080043f4   0x080043f4   0x00000010   Code   RO         4056    i.wizchip_deselect  w6x00_spi.o
    0x08004404   0x08004404   0x000000a8   Code   RO           21    i.wizchip_dhcp_assign  main.o
    0x080044ac   0x080044ac   0x00000020   Code   RO           22    i.wizchip_dhcp_conflict  main.o
    0x080044cc   0x080044cc   0x00000028   Code   RO         3271    i.wizchip_getinterrupt  wizchip_conf.o
    0x080044f4   0x080044f4   0x0000002c   Code   RO         3272    i.wizchip_getinterruptmask  wizchip_conf.o
    0x08004520   0x08004520   0x000000bc   Code   RO         3273    i.wizchip_getnetinfo  wizchip_conf.o
    0x080045dc   0x080045dc   0x00000038   Code   RO         3274    i.wizchip_getnetmode  wizchip_conf.o
    0x08004614   0x08004614   0x00000054   Code   RO         3276    i.wizchip_gettimeout  wizchip_conf.o
    0x08004668   0x08004668   0x00000080   Code   RO         3277    i.wizchip_init      wizchip_conf.o
    0x080046e8   0x080046e8   0x000000ac   Code   RO         4057    i.wizchip_initialize  w6x00_spi.o
    0x08004794   0x08004794   0x00000034   Code   RO         4058    i.wizchip_read      w6x00_spi.o
    0x080047c8   0x080047c8   0x00000002   Code   RO         4059    i.wizchip_reset     w6x00_spi.o
    0x080047ca   0x080047ca   0x00000002   PAD
    0x080047cc   0x080047cc   0x00000010   Code   RO         4060    i.wizchip_select    w6x00_spi.o
    0x080047dc   0x080047dc   0x00000034   Code   RO         3279    i.wizchip_setinterruptmask  wizchip_conf.o
    0x08004810   0x08004810   0x000000bc   Code   RO         3280    i.wizchip_setnetinfo  wizchip_conf.o
    0x080048cc   0x080048cc   0x0000003c   Code   RO         3281    i.wizchip_setnetmode  wizchip_conf.o
    0x08004908   0x08004908   0x00000054   Code   RO         3282    i.wizchip_settimeout  wizchip_conf.o
    0x0800495c   0x0800495c   0x00000002   Code   RO         4061    i.wizchip_spi_initialize  w6x00_spi.o
    0x0800495e   0x0800495e   0x00000004   Code   RO         3284    i.wizchip_spi_read  wizchip_conf.o
    0x08004962   0x08004962   0x00000002   PAD
    0x08004964   0x08004964   0x00000028   Code   RO         3285    i.wizchip_spi_read_buf  wizchip_conf.o
    0x0800498c   0x0800498c   0x00000002   Code   RO         3286    i.wizchip_spi_write  wizchip_conf.o
    0x0800498e   0x0800498e   0x00000002   PAD
    0x08004990   0x08004990   0x00000028   Code   RO         3287    i.wizchip_spi_write_buf  wizchip_conf.o
    0x080049b8   0x080049b8   0x00000130   Code   RO         3288    i.wizchip_sw_reset  wizchip_conf.o
    0x08004ae8   0x08004ae8   0x00000024   Code   RO         4062    i.wizchip_write     w6x00_spi.o
    0x08004b0c   0x08004b0c   0x0000003c   Code   RO         3290    i.wizphy_getphyconf  wizchip_conf.o
    0x08004b48   0x08004b48   0x00000010   Code   RO         3291    i.wizphy_getphylink  wizchip_conf.o
    0x08004b58   0x08004b58   0x00000018   Code   RO         3292    i.wizphy_getphypmode  wizchip_conf.o
    0x08004b70   0x08004b70   0x0000003c   Code   RO         3293    i.wizphy_getphystatus  wizchip_conf.o
    0x08004bac   0x08004bac   0x00000034   Code   RO         3294    i.wizphy_reset      wizchip_conf.o
    0x08004be0   0x08004be0   0x0000005c   Code   RO         3295    i.wizphy_setphyconf  wizchip_conf.o
    0x08004c3c   0x08004c3c   0x00000028   Code   RO         3296    i.wizphy_setphypmode  wizchip_conf.o
    0x08004c64   0x08004c64   0x00000010   Data   RO         3225    .constdata          system_stm32f4xx.o
    0x08004c74   0x08004c74   0x00000008   Data   RO         3226    .constdata          system_stm32f4xx.o
    0x08004c7c   0x08004c7c   0x00000010   Data   RO         4063    .constdata          w6x00_spi.o
    0x08004c8c   0x08004c8c   0x00000025   Data   RO         3571    .conststring        loopback.o
    0x08004cb1   0x08004cb1   0x00000003   PAD
    0x08004cb4   0x08004cb4   0x00000020   Data   RO         8587    Region$$Table       anon$$obj.o


    Execution Region RW_IRAM1 (Exec base: 0x20000000, Load base: 0x08004cd4, Size: 0x00001640, Max: 0x00020000, ABSOLUTE, COMPRESSED[0x0000008c])

    Exec Addr    Load Addr    Size         Type   Attr      Idx    E Section Name        Object

    0x20000000   COMPRESSED   0x00000069   Data   RW           24    .data               main.o
    0x20000069   COMPRESSED   0x00000003   PAD
    0x2000006c   COMPRESSED   0x0000000c   Data   RW         1662    .data               stm32f4xx_hal.o
    0x20000078   COMPRESSED   0x00000004   Data   RW         3227    .data               system_stm32f4xx.o
    0x2000007c   COMPRESSED   0x00000030   Data   RW         3298    .data               wizchip_conf.o
    0x200000ac   COMPRESSED   0x00000018   Data   RW         3572    .data               loopback.o
    0x200000c4   COMPRESSED   0x0000004e   Data   RW         3631    .data               dhcpv4.o
    0x20000112   COMPRESSED   0x00000002   PAD
    0x20000114   COMPRESSED   0x0000000c   Data   RW         3880    .data               dns.o
    0x20000120   COMPRESSED   0x0000000e   Data   RW         3966    .data               socket.o
    0x2000012e   COMPRESSED   0x00000002   PAD
    0x20000130   COMPRESSED   0x00000004   Data   RW         4155    .data               timer.o
    0x20000134   COMPRESSED   0x00000004   Data   RW         8561    .data               mc_w.l(stdout.o)
    0x20000138        -       0x000010e4   Zero   RW           23    .bss                main.o
    0x2000121c        -       0x00000010   Zero   RW         3297    .bss                wizchip_conf.o
    0x2000122c        -       0x00000010   Zero   RW         3965    .bss                socket.o
    0x2000123c   COMPRESSED   0x00000004   PAD
    0x20001240        -       0x00000400   Zero   RW            1    STACK               startup_stm32f411xe.o


==============================================================================

Image component sizes


      Code (inc. data)   RO Data    RW Data    ZI Data      Debug   Object Name

      3660        644          0         78          0      19325   dhcpv4.o
        16          6          0         12          0       2325   dns.o
       432         56         37         24          0       3541   loopback.o
      1188        272          0        105       4324     439635   main.o
      2702        248          0         14         16      19184   socket.o
        36          8        408          0       1024        860   startup_stm32f411xe.o
       144         24          0         12          0       8633   stm32f4xx_hal.o
       198         14          0          0          0      33947   stm32f4xx_hal_cortex.o
       490         34          0          0          0       2168   stm32f4xx_hal_gpio.o
       320         38          0          0          0       2954   stm32f4xx_hal_msp.o
      1344         72          0          0          0       5240   stm32f4xx_hal_rcc.o
       948         12          0          0          0       5504   stm32f4xx_hal_spi.o
      1044         50          0          0          0      10685   stm32f4xx_hal_tim.o
       128         20          0          0          0       2453   stm32f4xx_hal_tim_ex.o
       664         10          0          0          0       4204   stm32f4xx_hal_uart.o
        32          6          0          0          0       4649   stm32f4xx_it.o
        16          4         24          4          0       1127   system_stm32f4xx.o
        20         10          0          4          0       1126   timer.o
       596         60          0          0          0       6340   w6100.o
      1184        594         16          0          0       6589   w6x00_spi.o
      2366        388          0         48         16      26523   wizchip_conf.o

    ----------------------------------------------------------------------
     17558       2570        520        308       5384     607012   Object Totals
         0          0         32          0          0          0   (incl. Generated)
        30          0          3          7          4          0   (incl. Padding)

    ----------------------------------------------------------------------

      Code (inc. data)   RO Data    RW Data    ZI Data      Debug   Library Member Name

        86          0          0          0          0          0   __dczerorl2.o
         0          0          0          0          0          0   entry.o
         0          0          0          0          0          0   entry10a.o
         0          0          0          0          0          0   entry11a.o
         8          4          0          0          0          0   entry2.o
         4          0          0          0          0          0   entry5.o
         0          0          0          0          0          0   entry7b.o
         0          0          0          0          0          0   entry8b.o
         8          4          0          0          0          0   entry9a.o
        30          0          0          0          0          0   handlers.o
        36          8          0          0          0         68   init.o
        30          0          0          0          0         68   llshl.o
        32          0          0          0          0         68   llushr.o
        64          0          0          0          0         76   memmovea.o
        36          0          0          0          0        108   memseta.o
      1154         54          0          0          0        352   printf8.o
         0          0          0          4          0          0   stdout.o
        98          0          0          0          0         92   uldiv.o

    ----------------------------------------------------------------------
      1590         70          0          4          0        832   Library Totals
         4          0          0          0          0          0   (incl. Padding)

    ----------------------------------------------------------------------

      Code (inc. data)   RO Data    RW Data    ZI Data      Debug   Library Name

      1586         70          0          4          0        832   mc_w.l

    ----------------------------------------------------------------------
      1590         70          0          4          0        832   Library Totals

    ----------------------------------------------------------------------

==============================================================================


      Code (inc. data)   RO Data    RW Data    ZI Data      Debug   

     19148       2640        520        312       5384     593364   Grand Totals
     19148       2640        520        140       5384     593364   ELF Image Totals (compressed)
     19148       2640        520        140          0          0   ROM Totals

==============================================================================

    Total RO  Size (Code + RO Data)                19668 (  19.21kB)
    Total RW  Size (RW Data + ZI Data)              5696 (   5.56kB)
    Total ROM Size (Code + RO Data + RW Data)      19808 (  19.34kB)

==============================================================================

